<html>
<body>
<pre>
<h1>礦ision Build Log</h1>
<h2>Tool Versions:</h2>
IDE-Version: μVision V5.42.0.0
Copyright (C) 2025 ARM Ltd and ARM Germany GmbH. All rights reserved.
License Information: Kaerei Kagura, HH, LIC=IK1BF-6JQHP-HL1CL-0JT6U-CLL2U-U8C41
 
Tool Versions:
Toolchain:       MDK-ARM Plus  Version: 5.42.0.0
Toolchain Path:  D:\Keil 5--C51\ARM\ARMCC\Bin
C Compiler:      Armcc.exe V5.06 update 5 (build 528)
Assembler:       Armasm.exe V5.06 update 5 (build 528)
Linker/Locator:  ArmLink.exe V5.06 update 5 (build 528)
Library Manager: ArmAr.exe V5.06 update 5 (build 528)
Hex Converter:   FromElf.exe V5.06 update 5 (build 528)
CPU DLL:         SARMCM3.DLL V5.42.0.0
Dialog DLL:      DCM.DLL V1.17.5.0
Target DLL:      STLink\ST-LINKIII-KEIL_SWO.dll V3.3.0.0
Dialog DLL:      TCM.DLL V1.56.6.0
 
<h2>Project:</h2>
D:\Desktop\Lifting\Project.uvprojx
Project File Date:  11/09/2025

<h2>Output:</h2>
*** Using Compiler 'V5.06 update 5 (build 528)', folder: 'D:\Keil 5--C51\ARM\ARMCC\Bin'
Build target 'Target 1'
compiling Encoder.c...
src\app\Encoder.h(8): warning:  #47-D: incompatible redefinition of macro "ACTUAL_MAX_MM"  (declared at line 22 of ".\src\main\main.h")
  #define ACTUAL_MAX_MM          2609      // 最大行程1000mm
src\app\Encoder.h(9): warning:  #47-D: incompatible redefinition of macro "ACTUAL_PULSE_PER_MM"  (declared at line 23 of ".\src\main\main.h")
  #define ACTUAL_PULSE_PER_MM    37.48f   // 实际脉冲/mm比 
src\app\Encoder.c: 2 warnings, 0 errors
compiling main.c...
src\main\main.h(22): warning:  #47-D: incompatible redefinition of macro "ACTUAL_MAX_MM"  (declared at line 8 of ".\src\app\Encoder.h")
  #define ACTUAL_MAX_MM          1000      // 鏈�澶ц绋?1000mm
src\main\main.h(23): warning:  #47-D: incompatible redefinition of macro "ACTUAL_PULSE_PER_MM"  (declared at line 9 of ".\src\app\Encoder.h")
  #define ACTUAL_PULSE_PER_MM    15.518f   // 瀹為檯鑴夊啿/mm姣? (15518/1000)
src\main\main.c: 2 warnings, 0 errors
linking...
Program Size: Code=15396 RO-data=808 RW-data=68 ZI-data=1708  
".\Objects\Project.axf" - 0 Error(s), 4 Warning(s).

<h2>Software Packages used:</h2>

Package Vendor: Keil
                http://www.keil.com/pack/Keil.STM32F1xx_DFP.2.2.0.pack
                Keil::STM32F1xx_DFP@2.2.0
                STMicroelectronics STM32F1 Series Device Support, Drivers and Examples

<h2>Collection of Component include folders:</h2>
  D:/Keil 5--C51/ARM/PACK/Keil/STM32F1xx_DFP/2.2.0/Device/Include

<h2>Collection of Component Files used:</h2>
Build Time Elapsed:  00:00:01
</pre>
</body>
</html>
