Component: ARM Compiler 5.06 update 5 (build 528) Tool: armlink [4d35e2]

==============================================================================

Section Cross References

    stm32f10x_adc.o(i.ADC_DeInit) refers to stm32f10x_rcc.o(i.RCC_APB2PeriphResetCmd) for RCC_APB2PeriphResetCmd
    stm32f10x_bkp.o(i.BKP_DeInit) refers to stm32f10x_rcc.o(i.RCC_BackupResetCmd) for RCC_BackupResetCmd
    stm32f10x_can.o(i.CAN_DeInit) refers to stm32f10x_rcc.o(i.RCC_APB1PeriphResetCmd) for RCC_APB1PeriphResetCmd
    stm32f10x_can.o(i.CAN_GetITStatus) refers to stm32f10x_can.o(i.CheckITStatus) for CheckITStatus
    stm32f10x_cec.o(i.CEC_DeInit) refers to stm32f10x_rcc.o(i.RCC_APB1PeriphResetCmd) for RCC_APB1PeriphResetCmd
    stm32f10x_dac.o(i.DAC_DeInit) refers to stm32f10x_rcc.o(i.RCC_APB1PeriphResetCmd) for RCC_APB1PeriphResetCmd
    stm32f10x_flash.o(i.FLASH_EnableWriteProtection) refers to stm32f10x_flash.o(i.FLASH_WaitForLastOperation) for FLASH_WaitForLastOperation
    stm32f10x_flash.o(i.FLASH_EraseAllBank1Pages) refers to stm32f10x_flash.o(i.FLASH_WaitForLastBank1Operation) for FLASH_WaitForLastBank1Operation
    stm32f10x_flash.o(i.FLASH_EraseAllPages) refers to stm32f10x_flash.o(i.FLASH_WaitForLastOperation) for FLASH_WaitForLastOperation
    stm32f10x_flash.o(i.FLASH_EraseOptionBytes) refers to stm32f10x_flash.o(i.FLASH_GetReadOutProtectionStatus) for FLASH_GetReadOutProtectionStatus
    stm32f10x_flash.o(i.FLASH_EraseOptionBytes) refers to stm32f10x_flash.o(i.FLASH_WaitForLastOperation) for FLASH_WaitForLastOperation
    stm32f10x_flash.o(i.FLASH_ErasePage) refers to stm32f10x_flash.o(i.FLASH_WaitForLastOperation) for FLASH_WaitForLastOperation
    stm32f10x_flash.o(i.FLASH_ProgramHalfWord) refers to stm32f10x_flash.o(i.FLASH_WaitForLastOperation) for FLASH_WaitForLastOperation
    stm32f10x_flash.o(i.FLASH_ProgramOptionByteData) refers to stm32f10x_flash.o(i.FLASH_WaitForLastOperation) for FLASH_WaitForLastOperation
    stm32f10x_flash.o(i.FLASH_ProgramWord) refers to stm32f10x_flash.o(i.FLASH_WaitForLastOperation) for FLASH_WaitForLastOperation
    stm32f10x_flash.o(i.FLASH_ReadOutProtection) refers to stm32f10x_flash.o(i.FLASH_WaitForLastOperation) for FLASH_WaitForLastOperation
    stm32f10x_flash.o(i.FLASH_UserOptionByteConfig) refers to stm32f10x_flash.o(i.FLASH_WaitForLastOperation) for FLASH_WaitForLastOperation
    stm32f10x_flash.o(i.FLASH_WaitForLastBank1Operation) refers to stm32f10x_flash.o(i.FLASH_GetBank1Status) for FLASH_GetBank1Status
    stm32f10x_flash.o(i.FLASH_WaitForLastOperation) refers to stm32f10x_flash.o(i.FLASH_GetBank1Status) for FLASH_GetBank1Status
    stm32f10x_gpio.o(i.GPIO_AFIODeInit) refers to stm32f10x_rcc.o(i.RCC_APB2PeriphResetCmd) for RCC_APB2PeriphResetCmd
    stm32f10x_gpio.o(i.GPIO_DeInit) refers to stm32f10x_rcc.o(i.RCC_APB2PeriphResetCmd) for RCC_APB2PeriphResetCmd
    stm32f10x_i2c.o(i.I2C_DeInit) refers to stm32f10x_rcc.o(i.RCC_APB1PeriphResetCmd) for RCC_APB1PeriphResetCmd
    stm32f10x_i2c.o(i.I2C_Init) refers to stm32f10x_rcc.o(i.RCC_GetClocksFreq) for RCC_GetClocksFreq
    stm32f10x_pwr.o(i.PWR_DeInit) refers to stm32f10x_rcc.o(i.RCC_APB1PeriphResetCmd) for RCC_APB1PeriphResetCmd
    stm32f10x_rcc.o(i.RCC_GetClocksFreq) refers to stm32f10x_rcc.o(.data) for APBAHBPrescTable
    stm32f10x_rcc.o(i.RCC_WaitForHSEStartUp) refers to stm32f10x_rcc.o(i.RCC_GetFlagStatus) for RCC_GetFlagStatus
    stm32f10x_rtc.o(i.RTC_SetAlarm) refers to stm32f10x_rtc.o(i.RTC_EnterConfigMode) for RTC_EnterConfigMode
    stm32f10x_rtc.o(i.RTC_SetAlarm) refers to stm32f10x_rtc.o(i.RTC_ExitConfigMode) for RTC_ExitConfigMode
    stm32f10x_rtc.o(i.RTC_SetCounter) refers to stm32f10x_rtc.o(i.RTC_EnterConfigMode) for RTC_EnterConfigMode
    stm32f10x_rtc.o(i.RTC_SetCounter) refers to stm32f10x_rtc.o(i.RTC_ExitConfigMode) for RTC_ExitConfigMode
    stm32f10x_rtc.o(i.RTC_SetPrescaler) refers to stm32f10x_rtc.o(i.RTC_EnterConfigMode) for RTC_EnterConfigMode
    stm32f10x_rtc.o(i.RTC_SetPrescaler) refers to stm32f10x_rtc.o(i.RTC_ExitConfigMode) for RTC_ExitConfigMode
    stm32f10x_spi.o(i.I2S_Init) refers to stm32f10x_rcc.o(i.RCC_GetClocksFreq) for RCC_GetClocksFreq
    stm32f10x_spi.o(i.SPI_I2S_DeInit) refers to stm32f10x_rcc.o(i.RCC_APB2PeriphResetCmd) for RCC_APB2PeriphResetCmd
    stm32f10x_spi.o(i.SPI_I2S_DeInit) refers to stm32f10x_rcc.o(i.RCC_APB1PeriphResetCmd) for RCC_APB1PeriphResetCmd
    stm32f10x_tim.o(i.TIM_DeInit) refers to stm32f10x_rcc.o(i.RCC_APB2PeriphResetCmd) for RCC_APB2PeriphResetCmd
    stm32f10x_tim.o(i.TIM_DeInit) refers to stm32f10x_rcc.o(i.RCC_APB1PeriphResetCmd) for RCC_APB1PeriphResetCmd
    stm32f10x_tim.o(i.TIM_ETRClockMode1Config) refers to stm32f10x_tim.o(i.TIM_ETRConfig) for TIM_ETRConfig
    stm32f10x_tim.o(i.TIM_ETRClockMode2Config) refers to stm32f10x_tim.o(i.TIM_ETRConfig) for TIM_ETRConfig
    stm32f10x_tim.o(i.TIM_ICInit) refers to stm32f10x_tim.o(i.TI1_Config) for TI1_Config
[...]
    .ARM.Collect$$libinit$$00000013          0x08000184   Section        0  libinit2.o(.ARM.Collect$$libinit$$00000013)
    .ARM.Collect$$libinit$$00000015          0x08000184   Section        0  libinit2.o(.ARM.Collect$$libinit$$00000015)
    .ARM.Collect$$libinit$$00000016          0x08000184   Section       10  libinit2.o(.ARM.Collect$$libinit$$00000016)
    .ARM.Collect$$libinit$$00000017          0x0800018e   Section        0  libinit2.o(.ARM.Collect$$libinit$$00000017)
    .ARM.Collect$$libinit$$00000019          0x0800018e   Section        0  libinit2.o(.ARM.Collect$$libinit$$00000019)
    .ARM.Collect$$libinit$$0000001B          0x0800018e   Section        0  libinit2.o(.ARM.Collect$$libinit$$0000001B)
    .ARM.Collect$$libinit$$0000001D          0x0800018e   Section        0  libinit2.o(.ARM.Collect$$libinit$$0000001D)
    .ARM.Collect$$libinit$$0000001F          0x0800018e   Section        0  libinit2.o(.ARM.Collect$$libinit$$0000001F)
    .ARM.Collect$$libinit$$00000021          0x0800018e   Section        0  libinit2.o(.ARM.Collect$$libinit$$00000021)
    .ARM.Collect$$libinit$$00000023          0x0800018e   Section        0  libinit2.o(.ARM.Collect$$libinit$$00000023)
    .ARM.Collect$$libinit$$00000025          0x0800018e   Section        0  libinit2.o(.ARM.Collect$$libinit$$00000025)
    .ARM.Collect$$libinit$$0000002C          0x0800018e   Section        0  libinit2.o(.ARM.Collect$$libinit$$0000002C)
    .ARM.Collect$$libinit$$0000002E          0x0800018e   Section        0  libinit2.o(.ARM.Collect$$libinit$$0000002E)
    .ARM.Collect$$libinit$$00000030          0x0800018e   Section        0  libinit2.o(.ARM.Collect$$libinit$$00000030)
    .ARM.Collect$$libinit$$00000032          0x0800018e   Section        0  libinit2.o(.ARM.Collect$$libinit$$00000032)
    .ARM.Collect$$libinit$$00000033          0x0800018e   Section        2  libinit2.o(.ARM.Collect$$libinit$$00000033)
    .ARM.Collect$$libshutdown$$00000000      0x08000190   Section        2  libshutdown.o(.ARM.Collect$$libshutdown$$00000000)
    .ARM.Collect$$libshutdown$$00000002      0x08000192   Section        0  libshutdown2.o(.ARM.Collect$$libshutdown$$00000002)
    .ARM.Collect$$libshutdown$$00000004      0x08000192   Section        0  libshutdown2.o(.ARM.Collect$$libshutdown$$00000004)
    .ARM.Collect$$libshutdown$$00000007      0x08000192   Section        0  libshutdown2.o(.ARM.Collect$$libshutdown$$00000007)
    .ARM.Collect$$libshutdown$$0000000A      0x08000192   Section        0  libshutdown2.o(.ARM.Collect$$libshutdown$$0000000A)
    .ARM.Collect$$libshutdown$$0000000C      0x08000192   Section        0  libshutdown2.o(.ARM.Collect$$libshutdown$$0000000C)
    .ARM.Collect$$libshutdown$$0000000F      0x08000192   Section        0  libshutdown2.o(.ARM.Collect$$libshutdown$$0000000F)
    .ARM.Collect$$libshutdown$$00000010      0x08000192   Section        2  libshutdown2.o(.ARM.Collect$$libshutdown$$00000010)
    .ARM.Collect$$rtentry$$00000000          0x08000194   Section        0  __rtentry.o(.ARM.Collect$$rtentry$$00000000)
    .ARM.Collect$$rtentry$$00000002          0x08000194   Section        0  __rtentry2.o(.ARM.Collect$$rtentry$$00000002)
    .ARM.Collect$$rtentry$$00000004          0x08000194   Section        6  __rtentry4.o(.ARM.Collect$$rtentry$$00000004)
    .ARM.Collect$$rtentry$$00000009          0x0800019a   Section        0  __rtentry2.o(.ARM.Collect$$rtentry$$00000009)
    .ARM.Collect$$rtentry$$0000000A          0x0800019a   Section        4  __rtentry2.o(.ARM.Collect$$rtentry$$0000000A)
    .ARM.Collect$$rtentry$$0000000C          0x0800019e   Section        0  __rtentry2.o(.ARM.Collect$$rtentry$$0000000C)
    .ARM.Collect$$rtentry$$0000000D          0x0800019e   Section        8  __rtentry2.o(.ARM.Collect$$rtentry$$0000000D)
    .ARM.Collect$$rtexit$$00000000           0x080001a6   Section        2  rtexit.o(.ARM.Collect$$rtexit$$00000000)
    .ARM.Collect$$rtexit$$00000002           0x080001a8   Section        0  rtexit2.o(.ARM.Collect$$rtexit$$00000002)
    .ARM.Collect$$rtexit$$00000003           0x080001a8   Section        4  rtexit2.o(.ARM.Collect$$rtexit$$00000003)
    .ARM.Collect$$rtexit$$00000004           0x080001ac   Section        6  rtexit2.o(.ARM.Collect$$rtexit$$00000004)
    .text                                    0x080001b4   Section       64  startup_stm32f10x_md.o(.text)
    .text                                    0x080001f4   Section        2  use_no_semi_2.o(.text)
    .text                                    0x080001f8   Section        0  noretval__2printf.o(.text)
    .text                                    0x08000210   Section        0  noretval__2sprintf.o(.text)
    .text                                    0x08000238   Section        0  __printf.o(.text)
    .text                                    0x080002a0   Section        0  _printf_str.o(.text)
    .text                                    0x080002f4   Section        0  _printf_dec.o(.text)
    .text                                    0x0800036c   Section        0  strchr.o(.text)
    .text                                    0x08000380   Section        0  strncmp.o(.text)
    .text                                    0x08000416   Section       68  rt_memclr.o(.text)
    .text                                    0x0800045c   Section      128  strcmpv7m.o(.text)
    .text                                    0x080004dc   Section        0  heapauxi.o(.text)
    .text                                    0x080004e2   Section        2  use_no_semi.o(.text)
    .text                                    0x080004e4   Section        0  _rserrno.o(.text)
    .text                                    0x080004fa   Section        0  _printf_intcommon.o(.text)
    .text                                    0x080005ac   Section        0  _printf_char_common.o(.text)
    _printf_input_char                       0x080005ad   Thumb Code    10  _printf_char_common.o(.text)
    .text                                    0x080005dc   Section        0  _sputc.o(.text)
    .text                                    0x080005e6   Section        0  _printf_char.o(.text)
    .text                                    0x08000614   Section        0  _printf_char_file.o(.text)
    .text                                    0x08000638   Section        0  strtod.o(.text)
    _local_sscanf                            0x08000639   Thumb Code    60  strtod.o(.text)
    .text                                    0x080006dc   Section       78  rt_memclr_w.o(.text)
    .text                                    0x0800072c   Section        8  rt_errno_addr_intlibspace.o(.text)
    .text                                    0x08000734   Section        0  isspace.o(.text)
    .text                                    0x08000746   Section        0  _sgetc.o(.text)
    .text                                    0x08000786   Section        0  ferror.o(.text)
    .text                                    0x08000790   Section        8  libspace.o(.text)
    .text                                    0x08000798   Section       74  sys_stackheap_outer.o(.text)
    .text                                    0x080007e4   Section       16  rt_ctype_table.o(.text)
    .text                                    0x080007f4   Section        0  scanf_fp.o(.text)
    _fp_value                                0x080007f5   Thumb Code   588  scanf_fp.o(.text)
    .text                                    0x08000cec   Section        0  exit.o(.text)
    .text                                    0x08000d00   Section        8  rt_locale_intlibspace.o(.text)
    .text                                    0x08000d08   Section        0  bigflt0.o(.text)
    .text                                    0x08000dec   Section        0  scanf_hexfp.o(.text)
    .text                                    0x0800110c   Section        0  scanf_infnan.o(.text)
    .text                                    0x08001240   Section       38  llshl.o(.text)
    .text                                    0x08001266   Section        0  _chval.o(.text)
    CL$$btod_div_common                      0x08001282   Section      824  btod.o(CL$$btod_div_common)
    CL$$btod_e2d                             0x080015bc   Section      132  btod.o(CL$$btod_e2d)
    CL$$btod_e2e                             0x08001640   Section      220  btod.o(CL$$btod_e2e)
    CL$$btod_ediv                            0x0800171c   Section       42  btod.o(CL$$btod_ediv)
    CL$$btod_edivd                           0x08001746   Section       42  btod.o(CL$$btod_edivd)
    CL$$btod_emul                            0x08001770   Section       42  btod.o(CL$$btod_emul)
    CL$$btod_emuld                           0x0800179a   Section       42  btod.o(CL$$btod_emuld)
    CL$$btod_mult_common                     0x080017c4   Section      580  btod.o(CL$$btod_mult_common)
    i.BusFault_Handler                       0x08001a08   Section        0  stm32f10x_it.o(i.BusFault_Handler)
    i.Control_Gripper                        0x08001a0c   Section        0  uart.o(i.Control_Gripper)
    i.DebugMon_Handler                       0x08001aac   Section        0  stm32f10x_it.o(i.DebugMon_Handler)
    i.Delay_ms                               0x08001aae   Section        0  delay.o(i.Delay_ms)
    i.Delay_us                               0x08001ac6   Section        0  delay.o(i.Delay_us)
    i.Encoder_CalcPositionAndSpeed           0x08001af4   Section        0  encoder.o(i.Encoder_CalcPositionAndSpeed)
    i.Encoder_Init                           0x08001b74   Section        0  encoder.o(i.Encoder_Init)
    i.Encoder_Read                           0x08001c14   Section        0  encoder.o(i.Encoder_Read)
    i.GPIO_Init                              0x08001c26   Section        0  stm32f10x_gpio.o(i.GPIO_Init)
    i.GPIO_ResetBits                         0x08001d3c   Section        0  stm32f10x_gpio.o(i.GPIO_ResetBits)
    i.GPIO_SetBits                           0x08001d40   Section        0  stm32f10x_gpio.o(i.GPIO_SetBits)
    i.HardFault_Handler                      0x08001d44   Section        0  stm32f10x_it.o(i.HardFault_Handler)
    i.MemManage_Handler                      0x08001d48   Section        0  stm32f10x_it.o(i.MemManage_Handler)
    i.Motor_Down                             0x08001d4c   Section        0  main.o(i.Motor_Down)
    Motor_Down                               0x08001d4d   Thumb Code    20  main.o(i.Motor_Down)
    i.Motor_Stop                             0x08001d64   Section        0  main.o(i.Motor_Stop)
    Motor_Stop                               0x08001d65   Thumb Code    20  main.o(i.Motor_Stop)
    i.Motor_Up                               0x08001d7c   Section        0  main.o(i.Motor_Up)
    Motor_Up                                 0x08001d7d   Thumb Code    20  main.o(i.Motor_Up)
    i.NMI_Handler                            0x08001d94   Section        0  stm32f10x_it.o(i.NMI_Handler)
    i.NVIC_Init                              0x08001d98   Section        0  misc.o(i.NVIC_Init)
    i.NVIC_PriorityGroupConfig               0x08001e08   Section        0  misc.o(i.NVIC_PriorityGroupConfig)
    i.PID_Init                               0x08001e1c   Section        0  pid.o(i.PID_Init)
    i.PendSV_Handler                         0x08001e30   Section        0  stm32f10x_it.o(i.PendSV_Handler)
    i.Process_String_Command                 0x08001e34   Section        0  uart.o(i.Process_String_Command)
    Process_String_Command                   0x08001e35   Thumb Code   102  uart.o(i.Process_String_Command)
    i.RCC_APB1PeriphClockCmd                 0x08001eb8   Section        0  stm32f10x_rcc.o(i.RCC_APB1PeriphClockCmd)
    i.RCC_APB1PeriphResetCmd                 0x08001ed8   Section        0  stm32f10x_rcc.o(i.RCC_APB1PeriphResetCmd)
    i.RCC_APB2PeriphClockCmd                 0x08001ef8   Section        0  stm32f10x_rcc.o(i.RCC_APB2PeriphClockCmd)
    i.RCC_APB2PeriphResetCmd                 0x08001f18   Section        0  stm32f10x_rcc.o(i.RCC_APB2PeriphResetCmd)
    i.RCC_GetClocksFreq                      0x08001f38   Section        0  stm32f10x_rcc.o(i.RCC_GetClocksFreq)
    i.SVC_Handler                            0x0800200c   Section        0  stm32f10x_it.o(i.SVC_Handler)
    i.SetSysClock                            0x0800200e   Section        0  system_stm32f10x.o(i.SetSysClock)
    SetSysClock                              0x0800200f   Thumb Code     8  system_stm32f10x.o(i.SetSysClock)
    i.SetSysClockTo72                        0x08002018   Section        0  system_stm32f10x.o(i.SetSysClockTo72)
    SetSysClockTo72                          0x08002019   Thumb Code   214  system_stm32f10x.o(i.SetSysClockTo72)
    i.SysTick_Handler                        0x080020f8   Section        0  stm32f10x_it.o(i.SysTick_Handler)
    i.SystemInit                             0x080020fc   Section        0  system_stm32f10x.o(i.SystemInit)
    i.TI1_Config                             0x0800215c   Section        0  stm32f10x_tim.o(i.TI1_Config)
    TI1_Config                               0x0800215d   Thumb Code   108  stm32f10x_tim.o(i.TI1_Config)
    i.TI2_Config                             0x080021dc   Section        0  stm32f10x_tim.o(i.TI2_Config)
    TI2_Config                               0x080021dd   Thumb Code   130  stm32f10x_tim.o(i.TI2_Config)
    i.TI3_Config                             0x08002274   Section        0  stm32f10x_tim.o(i.TI3_Config)
    TI3_Config                               0x08002275   Thumb Code   122  stm32f10x_tim.o(i.TI3_Config)
    i.TI4_Config                             0x08002304   Section        0  stm32f10x_tim.o(i.TI4_Config)
    TI4_Config                               0x08002305   Thumb Code   130  stm32f10x_tim.o(i.TI4_Config)
    i.TIM3_IRQHandler                        0x0800239c   Section        0  tim.o(i.TIM3_IRQHandler)
    i.TIM_ClearFlag                          0x080023c0   Section        0  stm32f10x_tim.o(i.TIM_ClearFlag)
    i.TIM_ClearITPendingBit                  0x080023c6   Section        0  stm32f10x_tim.o(i.TIM_ClearITPendingBit)
    i.TIM_Cmd                                0x080023cc   Section        0  stm32f10x_tim.o(i.TIM_Cmd)
    i.TIM_EncoderInterfaceConfig             0x080023e4   Section        0  stm32f10x_tim.o(i.TIM_EncoderInterfaceConfig)
    i.TIM_GetFlagStatus                      0x08002426   Section        0  stm32f10x_tim.o(i.TIM_GetFlagStatus)
    i.TIM_ICInit                             0x08002438   Section        0  stm32f10x_tim.o(i.TIM_ICInit)
    i.TIM_ICStructInit                       0x080024e4   Section        0  stm32f10x_tim.o(i.TIM_ICStructInit)
    i.TIM_ITConfig                           0x080024f6   Section        0  stm32f10x_tim.o(i.TIM_ITConfig)
    i.TIM_InternalClockConfig                0x08002508   Section        0  stm32f10x_tim.o(i.TIM_InternalClockConfig)
    i.TIM_SetCounter                         0x08002514   Section        0  stm32f10x_tim.o(i.TIM_SetCounter)
    i.TIM_SetIC1Prescaler                    0x08002518   Section        0  stm32f10x_tim.o(i.TIM_SetIC1Prescaler)
    i.TIM_SetIC2Prescaler                    0x0800252a   Section        0  stm32f10x_tim.o(i.TIM_SetIC2Prescaler)
    i.TIM_SetIC3Prescaler                    0x08002544   Section        0  stm32f10x_tim.o(i.TIM_SetIC3Prescaler)
    i.TIM_SetIC4Prescaler                    0x08002556   Section        0  stm32f10x_tim.o(i.TIM_SetIC4Prescaler)
    i.TIM_TimeBaseInit                       0x08002570   Section        0  stm32f10x_tim.o(i.TIM_TimeBaseInit)
    i.Timer_Init                             0x08002614   Section        0  tim.o(i.Timer_Init)
    i.UART1_Init                             0x08002690   Section        0  uart.o(i.UART1_Init)
    i.UART1_Process                          0x08002738   Section        0  uart.o(i.UART1_Process)
    i.UART2_Init                             0x08002894   Section        0  uart.o(i.UART2_Init)
    i.UART2_SendString                       0x08002910   Section        0  uart.o(i.UART2_SendString)
    i.USART1_IRQHandler                      0x0800293c   Section        0  uart.o(i.USART1_IRQHandler)
    i.USART_ClearITPendingBit                0x08002998   Section        0  stm32f10x_usart.o(i.USART_ClearITPendingBit)
    i.USART_Cmd                              0x080029b6   Section        0  stm32f10x_usart.o(i.USART_Cmd)
    i.USART_DeInit                           0x080029d0   Section        0  stm32f10x_usart.o(i.USART_DeInit)
    i.USART_GetFlagStatus                    0x08002a6c   Section        0  stm32f10x_usart.o(i.USART_GetFlagStatus)
    i.USART_GetITStatus                      0x08002a86   Section        0  stm32f10x_usart.o(i.USART_GetITStatus)
    i.USART_ITConfig                         0x08002ada   Section        0  stm32f10x_usart.o(i.USART_ITConfig)
    i.USART_Init                             0x08002b24   Section        0  stm32f10x_usart.o(i.USART_Init)
    i.USART_ReceiveData                      0x08002bfc   Section        0  stm32f10x_usart.o(i.USART_ReceiveData)
    i.USART_SendData                         0x08002c06   Section        0  stm32f10x_usart.o(i.USART_SendData)
    i.UsageFault_Handler                     0x08002c0e   Section        0  stm32f10x_it.o(i.UsageFault_Handler)
    i.__mathlib_dbl_overflow                 0x08002c12   Section        0  dunder.o(i.__mathlib_dbl_overflow)
    i.__mathlib_dbl_underflow                0x08002c20   Section        0  dunder.o(i.__mathlib_dbl_underflow)
    i.__mathlib_narrow                       0x08002c30   Section        0  narrow.o(i.__mathlib_narrow)
    i.__mathlib_tofloat                      0x08002c40   Section        0  narrow.o(i.__mathlib_tofloat)
    i.__support_ldexp                        0x08002cfc   Section        0  ldexp.o(i.__support_ldexp)
    i._is_digit                              0x08002d12   Section        0  __printf_wp.o(i._is_digit)
    i._sys_exit                              0x08002d20   Section        0  uart.o(i._sys_exit)
    i.atof                                   0x08002d24   Section        0  atof.o(i.atof)
    i.board_init                             0x08002d50   Section        0  board.o(i.board_init)
    i.fputc                                  0x08002da4   Section        0  uart.o(i.fputc)
    i.frexp                                  0x08002dc0   Section        0  frexp.o(i.frexp)
    i.ldexp                                  0x08002e18   Section        0  ldexp.o(i.ldexp)
    i.main                                   0x08002e8c   Section        0  main.o(i.main)
    i.theGPIO_Init                           0x08002fe4   Section        0  board.o(i.theGPIO_Init)
    locale$$code                             0x0800300c   Section       44  lc_numeric_c.o(locale$$code)
    locale$$code                             0x08003038   Section       44  lc_ctype_c.o(locale$$code)
    x$fpl$d2f                                0x08003064   Section       98  d2f.o(x$fpl$d2f)
    x$fpl$dcheck1                            0x080030c8   Section       16  dcheck1.o(x$fpl$dcheck1)
    x$fpl$dcmpinf                            0x080030d8   Section       24  dcmpi.o(x$fpl$dcmpinf)
    x$fpl$deqf                               0x080030f0   Section      120  deqf.o(x$fpl$deqf)
    x$fpl$dleqf                              0x08003168   Section      120  dleqf.o(x$fpl$dleqf)
    x$fpl$dnaninf                            0x080031e0   Section      156  dnaninf.o(x$fpl$dnaninf)
    x$fpl$drleqf                             0x0800327c   Section      108  drleqf.o(x$fpl$drleqf)
    x$fpl$fadd                               0x080032e8   Section      196  faddsub_clz.o(x$fpl$fadd)
    _fadd1                                   0x080032f7   Thumb Code     0  faddsub_clz.o(x$fpl$fadd)
    x$fpl$fcmpinf                            0x080033ac   Section       24  fcmpi.o(x$fpl$fcmpinf)
    x$fpl$fdiv                               0x080033c4   Section      388  fdiv.o(x$fpl$fdiv)
    _fdiv1                                   0x080033c5   Thumb Code     0  fdiv.o(x$fpl$fdiv)
    x$fpl$feqf                               0x08003548   Section      104  feqf.o(x$fpl$feqf)
    x$fpl$ffix                               0x080035b0   Section       54  ffix.o(x$fpl$ffix)
    x$fpl$fflt                               0x080035e8   Section       48  fflt_clz.o(x$fpl$fflt)
    x$fpl$fnaninf                            0x08003618   Section      140  fnaninf.o(x$fpl$fnaninf)
    x$fpl$fretinf                            0x080036a4   Section       10  fretinf.o(x$fpl$fretinf)
    x$fpl$fsub                               0x080036b0   Section      234  faddsub_clz.o(x$fpl$fsub)
    _fsub1                                   0x080036bf   Thumb Code     0  faddsub_clz.o(x$fpl$fsub)
    x$fpl$ieeestatus                         0x0800379a   Section        6  istatus.o(x$fpl$ieeestatus)
    x$fpl$retnan                             0x080037a0   Section      100  retnan.o(x$fpl$retnan)
    x$fpl$scalbn                             0x08003804   Section       92  scalbn.o(x$fpl$scalbn)
    x$fpl$scanf1                             0x08003860   Section        4  scanf1.o(x$fpl$scanf1)
    x$fpl$scanf2                             0x08003864   Section        8  scanf2.o(x$fpl$scanf2)
    x$fpl$trapveneer                         0x0800386c   Section       48  trapv.o(x$fpl$trapveneer)
    .constdata                               0x0800389c   Section      148  bigflt0.o(.constdata)
    x$fpl$usenofp                            0x0800389c   Section        0  usenofp.o(x$fpl$usenofp)
    tenpwrs_x                                0x0800389c   Data          60  bigflt0.o(.constdata)
    tenpwrs_i                                0x080038d8   Data          64  bigflt0.o(.constdata)
    c$$dinf                                  0x08003950   Section        8  fpconst.o(c$$dinf)
    c$$dmax                                  0x08003958   Section        8  fpconst.o(c$$dmax)
    locale$$data                             0x08003960   Section       28  lc_numeric_c.o(locale$$data)
    __lcnum_c_name                           0x08003964   Data           2  lc_numeric_c.o(locale$$data)
    __lcnum_c_start                          0x0800396c   Data           0  lc_numeric_c.o(locale$$data)
    __lcnum_c_point                          0x08003978   Data           0  lc_numeric_c.o(locale$$data)
    __lcnum_c_thousands                      0x0800397a   Data           0  lc_numeric_c.o(locale$$data)
    __lcnum_c_grouping                       0x0800397b   Data           0  lc_numeric_c.o(locale$$data)
    locale$$data                             0x0800397c   Section      272  lc_ctype_c.o(locale$$data)
    __lcnum_c_end                            0x0800397c   Data           0  lc_numeric_c.o(locale$$data)
    __lcctype_c_name                         0x08003980   Data           2  lc_ctype_c.o(locale$$data)
    __lcctype_c_start                        0x08003988   Data           0  lc_ctype_c.o(locale$$data)
    __lcctype_c_end                          0x08003a8c   Data           0  lc_ctype_c.o(locale$$data)
    .data                                    0x20000000   Section       20  stm32f10x_rcc.o(.data)
    APBAHBPrescTable                         0x20000000   Data          16  stm32f10x_rcc.o(.data)
    ADCPrescTable                            0x20000010   Data           4  stm32f10x_rcc.o(.data)
    .data                                    0x20000014   Section       25  main.o(.data)
    print_divider                            0x2000002c   Data           1  main.o(.data)
    .data                                    0x20000030   Section        4  encoder.o(.data)
    total_pulses                             0x20000030   Data           4  encoder.o(.data)
    .data                                    0x20000034   Section        1  tim.o(.data)
    .data                                    0x20000038   Section       16  uart.o(.data)
    rx_head                                  0x20000038   Data           2  uart.o(.data)
    rx_tail                                  0x2000003a   Data           2  uart.o(.data)
    str_cmd_index                            0x2000003c   Data           1  uart.o(.data)
    is_parsing_string                        0x2000003d   Data           1  uart.o(.data)
    legacy_cmd_step                          0x2000003e   Data           1  uart.o(.data)
    legacy_data_buf                          0x2000003f   Data           3  uart.o(.data)
    .bss                                     0x20000048   Section       24  main.o(.bss)
    .bss                                     0x20000060   Section      192  uart.o(.bss)
    rx_ring_buffer                           0x20000060   Data         128  uart.o(.bss)
    str_cmd_buffer                           0x200000e0   Data          64  uart.o(.bss)
    .bss                                     0x20000120   Section       96  libspace.o(.bss)
    HEAP                                     0x20000180   Section      512  startup_stm32f10x_md.o(HEAP)
    Heap_Mem                                 0x20000180   Data         512  startup_stm32f10x_md.o(HEAP)
    STACK                                    0x20000380   Section     1024  startup_stm32f10x_md.o(STACK)
    Stack_Mem                                0x20000380   Data        1024  startup_stm32f10x_md.o(STACK)
    __initial_sp                             0x20000780   Data           0  startup_stm32f10x_md.o(STACK)

    Global Symbols

    Symbol Name                              Value     Ov Type        Size  Object(Section)

    BuildAttributes$$THM_ISAv4$P$D$K$B$S$PE$A:L22UL41UL21$X:L11$S22US41US21$IEEE1$IW$USESV6$~STKCKD$USESV7$~SHL$OTIME$ROPI$IEEEX$EBA8$UX$STANDARDLIB$REQ8$PRES8$EABIv2 0x00000000   Number         0  anon$$obj.o ABSOLUTE
    __ARM_use_no_argv                        0x00000000   Number         0  main.o ABSOLUTE
    __ARM_exceptions_init                     - Undefined Weak Reference
    __alloca_initialize                       - Undefined Weak Reference
    __arm_preinit_                            - Undefined Weak Reference
    __cpp_initialize__aeabi_                  - Undefined Weak Reference
    __cxa_finalize                            - Undefined Weak Reference
    __sigvec_lookup                           - Undefined Weak Reference
    _atexit_init                              - Undefined Weak Reference
    _call_atexit_fns                          - Undefined Weak Reference
    _clock_init                               - Undefined Weak Reference
    _fp_trap_init                             - Undefined Weak Reference
    _fp_trap_shutdown                         - Undefined Weak Reference
    _get_lc_collate                           - Undefined Weak Reference
    _get_lc_monetary                          - Undefined Weak Reference
    _get_lc_time                              - Undefined Weak Reference
    _getenv_init                              - Undefined Weak Reference
    _handle_redirection                       - Undefined Weak Reference
    _init_alloc                               - Undefined Weak Reference
    _init_user_alloc                          - Undefined Weak Reference
    _initio                                   - Undefined Weak Reference
    _mutex_acquire                            - Undefined Weak Reference
    _mutex_release                            - Undefined Weak Reference
    _printf_mbtowc                            - Undefined Weak Reference
    _printf_post_padding                      - Undefined Weak Reference
    _printf_pre_padding                       - Undefined Weak Reference
    _printf_truncate_signed                   - Undefined Weak Reference
    _printf_truncate_unsigned                 - Undefined Weak Reference
    _rand_init                                - Undefined Weak Reference
    _signal_finish                            - Undefined Weak Reference
    _signal_init                              - Undefined Weak Reference
    _terminate_alloc                          - Undefined Weak Reference
    _terminate_user_alloc                     - Undefined Weak Reference
    _terminateio                              - Undefined Weak Reference
    __Vectors_Size                           0x000000ec   Number         0  startup_stm32f10x_md.o ABSOLUTE
    __Vectors                                0x08000000   Data           4  startup_stm32f10x_md.o(RESET)
    __Vectors_End                            0x080000ec   Data           0  startup_stm32f10x_md.o(RESET)
    __main                                   0x080000ed   Thumb Code     8  __main.o(!!!main)
    __scatterload                            0x080000f5   Thumb Code     0  __scatter.o(!!!scatter)
    __scatterload_rt2                        0x080000f5   Thumb Code    44  __scatter.o(!!!scatter)
    __scatterload_rt2_thumb_only             0x080000f5   Thumb Code     0  __scatter.o(!!!scatter)
    __scatterload_null                       0x08000103   Thumb Code     0  __scatter.o(!!!scatter)
    __scatterload_copy                       0x08000129   Thumb Code    26  __scatter_copy.o(!!handler_copy)
    __scatterload_zeroinit                   0x08000145   Thumb Code    28  __scatter_zi.o(!!handler_zi)
    _printf_d                                0x08000161   Thumb Code     0  _printf_d.o(.ARM.Collect$$_printf_percent$$00000009)
    _printf_percent                          0x08000161   Thumb Code     0  _printf_percent.o(.ARM.Collect$$_printf_percent$$00000000)
    _printf_s                                0x08000167   Thumb Code     0  _printf_s.o(.ARM.Collect$$_printf_percent$$00000014)
    _printf_percent_end                      0x0800016d   Thumb Code     0  _printf_percent_end.o(.ARM.Collect$$_printf_percent$$00000017)
    __rt_lib_init                            0x08000171   Thumb Code     0  libinit.o(.ARM.Collect$$libinit$$00000000)
    __rt_lib_init_fp_1                       0x08000173   Thumb Code     0  libinit2.o(.ARM.Collect$$libinit$$00000002)
    __rt_lib_init_heap_1                     0x08000173   Thumb Code     0  libinit2.o(.ARM.Collect$$libinit$$0000000A)
    __rt_lib_init_lc_common                  0x08000173   Thumb Code     0  libinit2.o(.ARM.Collect$$libinit$$0000000F)
    __rt_lib_init_preinit_1                  0x08000173   Thumb Code     0  libinit2.o(.ARM.Collect$$libinit$$00000004)
    __rt_lib_init_rand_1                     0x08000173   Thumb Code     0  libinit2.o(.ARM.Collect$$libinit$$0000000E)
    __rt_lib_init_user_alloc_1               0x08000173   Thumb Code     0  libinit2.o(.ARM.Collect$$libinit$$0000000C)
    __rt_lib_init_lc_collate_1               0x08000179   Thumb Code     0  libinit2.o(.ARM.Collect$$libinit$$00000011)
    __rt_lib_init_lc_ctype_2                 0x08000179   Thumb Code     0  libinit2.o(.ARM.Collect$$libinit$$00000012)
    __rt_lib_init_lc_ctype_1                 0x08000185   Thumb Code     0  libinit2.o(.ARM.Collect$$libinit$$00000013)
    __rt_lib_init_lc_monetary_1              0x08000185   Thumb Code     0  libinit2.o(.ARM.Collect$$libinit$$00000015)
    __rt_lib_init_lc_numeric_2               0x08000185   Thumb Code     0  libinit2.o(.ARM.Collect$$libinit$$00000016)
    __rt_lib_init_alloca_1                   0x0800018f   Thumb Code     0  libinit2.o(.ARM.Collect$$libinit$$0000002E)
    __rt_lib_init_argv_1                     0x0800018f   Thumb Code     0  libinit2.o(.ARM.Collect$$libinit$$0000002C)
    __rt_lib_init_atexit_1                   0x0800018f   Thumb Code     0  libinit2.o(.ARM.Collect$$libinit$$0000001B)
    __rt_lib_init_clock_1                    0x0800018f   Thumb Code     0  libinit2.o(.ARM.Collect$$libinit$$00000021)
    __rt_lib_init_cpp_1                      0x0800018f   Thumb Code     0  libinit2.o(.ARM.Collect$$libinit$$00000032)
    __rt_lib_init_exceptions_1               0x0800018f   Thumb Code     0  libinit2.o(.ARM.Collect$$libinit$$00000030)
    __rt_lib_init_fp_trap_1                  0x0800018f   Thumb Code     0  libinit2.o(.ARM.Collect$$libinit$$0000001F)
    __rt_lib_init_getenv_1                   0x0800018f   Thumb Code     0  libinit2.o(.ARM.Collect$$libinit$$00000023)
    __rt_lib_init_lc_numeric_1               0x0800018f   Thumb Code     0  libinit2.o(.ARM.Collect$$libinit$$00000017)
    __rt_lib_init_lc_time_1                  0x0800018f   Thumb Code     0  libinit2.o(.ARM.Collect$$libinit$$00000019)
    __rt_lib_init_return                     0x0800018f   Thumb Code     0  libinit2.o(.ARM.Collect$$libinit$$00000033)
    __rt_lib_init_signal_1                   0x0800018f   Thumb Code     0  libinit2.o(.ARM.Collect$$libinit$$0000001D)
    __rt_lib_init_stdio_1                    0x0800018f   Thumb Code     0  libinit2.o(.ARM.Collect$$libinit$$00000025)
    __rt_lib_shutdown                        0x08000191   Thumb Code     0  libshutdown.o(.ARM.Collect$$libshutdown$$00000000)
    __rt_lib_shutdown_cpp_1                  0x08000193   Thumb Code     0  libshutdown2.o(.ARM.Collect$$libshutdown$$00000002)
    __rt_lib_shutdown_fp_trap_1              0x08000193   Thumb Code     0  libshutdown2.o(.ARM.Collect$$libshutdown$$00000007)
    __rt_lib_shutdown_heap_1                 0x08000193   Thumb Code     0  libshutdown2.o(.ARM.Collect$$libshutdown$$0000000F)
    __rt_lib_shutdown_return                 0x08000193   Thumb Code     0  libshutdown2.o(.ARM.Collect$$libshutdown$$00000010)
    __rt_lib_shutdown_signal_1               0x08000193   Thumb Code     0  libshutdown2.o(.ARM.Collect$$libshutdown$$0000000A)
    __rt_lib_shutdown_stdio_1                0x08000193   Thumb Code     0  libshutdown2.o(.ARM.Collect$$libshutdown$$00000004)
    __rt_lib_shutdown_user_alloc_1           0x08000193   Thumb Code     0  libshutdown2.o(.ARM.Collect$$libshutdown$$0000000C)
    __rt_entry                               0x08000195   Thumb Code     0  __rtentry.o(.ARM.Collect$$rtentry$$00000000)
    __rt_entry_presh_1                       0x08000195   Thumb Code     0  __rtentry2.o(.ARM.Collect$$rtentry$$00000002)
    __rt_entry_sh                            0x08000195   Thumb Code     0  __rtentry4.o(.ARM.Collect$$rtentry$$00000004)
    __rt_entry_li                            0x0800019b   Thumb Code     0  __rtentry2.o(.ARM.Collect$$rtentry$$0000000A)
    __rt_entry_postsh_1                      0x0800019b   Thumb Code     0  __rtentry2.o(.ARM.Collect$$rtentry$$00000009)
    __rt_entry_main                          0x0800019f   Thumb Code     0  __rtentry2.o(.ARM.Collect$$rtentry$$0000000D)
    __rt_entry_postli_1                      0x0800019f   Thumb Code     0  __rtentry2.o(.ARM.Collect$$rtentry$$0000000C)
    __rt_exit                                0x080001a7   Thumb Code     0  rtexit.o(.ARM.Collect$$rtexit$$00000000)
    __rt_exit_ls                             0x080001a9   Thumb Code     0  rtexit2.o(.ARM.Collect$$rtexit$$00000003)
    __rt_exit_prels_1                        0x080001a9   Thumb Code     0  rtexit2.o(.ARM.Collect$$rtexit$$00000002)
    __rt_exit_exit                           0x080001ad   Thumb Code     0  rtexit2.o(.ARM.Collect$$rtexit$$00000004)
    Reset_Handler                            0x080001b5   Thumb Code     8  startup_stm32f10x_md.o(.text)
    ADC1_2_IRQHandler                        0x080001cf   Thumb Code     0  startup_stm32f10x_md.o(.text)
    CAN1_RX1_IRQHandler                      0x080001cf   Thumb Code     0  startup_stm32f10x_md.o(.text)
    CAN1_SCE_IRQHandler                      0x080001cf   Thumb Code     0  startup_stm32f10x_md.o(.text)
    DMA1_Channel1_IRQHandler                 0x080001cf   Thumb Code     0  startup_stm32f10x_md.o(.text)
    DMA1_Channel2_IRQHandler                 0x080001cf   Thumb Code     0  startup_stm32f10x_md.o(.text)
    DMA1_Channel3_IRQHandler                 0x080001cf   Thumb Code     0  startup_stm32f10x_md.o(.text)
    DMA1_Channel4_IRQHandler                 0x080001cf   Thumb Code     0  startup_stm32f10x_md.o(.text)
    DMA1_Channel5_IRQHandler                 0x080001cf   Thumb Code     0  startup_stm32f10x_md.o(.text)
    DMA1_Channel6_IRQHandler                 0x080001cf   Thumb Code     0  startup_stm32f10x_md.o(.text)
    DMA1_Channel7_IRQHandler                 0x080001cf   Thumb Code     0  startup_stm32f10x_md.o(.text)
    EXTI0_IRQHandler                         0x080001cf   Thumb Code     0  startup_stm32f10x_md.o(.text)
    EXTI15_10_IRQHandler                     0x080001cf   Thumb Code     0  startup_stm32f10x_md.o(.text)
    EXTI1_IRQHandler                         0x080001cf   Thumb Code     0  startup_stm32f10x_md.o(.text)
    EXTI2_IRQHandler                         0x080001cf   Thumb Code     0  startup_stm32f10x_md.o(.text)
    EXTI3_IRQHandler                         0x080001cf   Thumb Code     0  startup_stm32f10x_md.o(.text)
    EXTI4_IRQHandler                         0x080001cf   Thumb Code     0  startup_stm32f10x_md.o(.text)
    EXTI9_5_IRQHandler                       0x080001cf   Thumb Code     0  startup_stm32f10x_md.o(.text)
    FLASH_IRQHandler                         0x080001cf   Thumb Code     0  startup_stm32f10x_md.o(.text)
    I2C1_ER_IRQHandler                       0x080001cf   Thumb Code     0  startup_stm32f10x_md.o(.text)
    I2C1_EV_IRQHandler                       0x080001cf   Thumb Code     0  startup_stm32f10x_md.o(.text)
    I2C2_ER_IRQHandler                       0x080001cf   Thumb Code     0  startup_stm32f10x_md.o(.text)
    I2C2_EV_IRQHandler                       0x080001cf   Thumb Code     0  startup_stm32f10x_md.o(.text)
    PVD_IRQHandler                           0x080001cf   Thumb Code     0  startup_stm32f10x_md.o(.text)
    RCC_IRQHandler                           0x080001cf   Thumb Code     0  startup_stm32f10x_md.o(.text)
    RTCAlarm_IRQHandler                      0x080001cf   Thumb Code     0  startup_stm32f10x_md.o(.text)
    RTC_IRQHandler                           0x080001cf   Thumb Code     0  startup_stm32f10x_md.o(.text)
    SPI1_IRQHandler                          0x080001cf   Thumb Code     0  startup_stm32f10x_md.o(.text)
    SPI2_IRQHandler                          0x080001cf   Thumb Code     0  startup_stm32f10x_md.o(.text)
    TAMPER_IRQHandler                        0x080001cf   Thumb Code     0  startup_stm32f10x_md.o(.text)
    TIM1_BRK_IRQHandler                      0x080001cf   Thumb Code     0  startup_stm32f10x_md.o(.text)
    TIM1_CC_IRQHandler                       0x080001cf   Thumb Code     0  startup_stm32f10x_md.o(.text)
    TIM1_TRG_COM_IRQHandler                  0x080001cf   Thumb Code     0  startup_stm32f10x_md.o(.text)
    TIM1_UP_IRQHandler                       0x080001cf   Thumb Code     0  startup_stm32f10x_md.o(.text)
    TIM2_IRQHandler                          0x080001cf   Thumb Code     0  startup_stm32f10x_md.o(.text)
    TIM4_IRQHandler                          0x080001cf   Thumb Code     0  startup_stm32f10x_md.o(.text)
    USART2_IRQHandler                        0x080001cf   Thumb Code     0  startup_stm32f10x_md.o(.text)
    USART3_IRQHandler                        0x080001cf   Thumb Code     0  startup_stm32f10x_md.o(.text)
    USBWakeUp_IRQHandler                     0x080001cf   Thumb Code     0  startup_stm32f10x_md.o(.text)
    USB_HP_CAN1_TX_IRQHandler                0x080001cf   Thumb Code     0  startup_stm32f10x_md.o(.text)
    USB_LP_CAN1_RX0_IRQHandler               0x080001cf   Thumb Code     0  startup_stm32f10x_md.o(.text)
    WWDG_IRQHandler                          0x080001cf   Thumb Code     0  startup_stm32f10x_md.o(.text)
    __user_initial_stackheap                 0x080001d1   Thumb Code     0  startup_stm32f10x_md.o(.text)
    __use_no_semihosting                     0x080001f5   Thumb Code     2  use_no_semi_2.o(.text)
    __2printf                                0x080001f9   Thumb Code    20  noretval__2printf.o(.text)
    __2sprintf                               0x08000211   Thumb Code    34  noretval__2sprintf.o(.text)
    __printf                                 0x08000239   Thumb Code   104  __printf.o(.text)
    _printf_str                              0x080002a1   Thumb Code    82  _printf_str.o(.text)
    _printf_int_dec                          0x080002f5   Thumb Code   104  _printf_dec.o(.text)
    strchr                                   0x0800036d   Thumb Code    20  strchr.o(.text)
    strncmp                                  0x08000381   Thumb Code   150  strncmp.o(.text)
    __aeabi_memclr                           0x08000417   Thumb Code     0  rt_memclr.o(.text)
    __rt_memclr                              0x08000417   Thumb Code    68  rt_memclr.o(.text)
    _memset                                  0x0800041b   Thumb Code     0  rt_memclr.o(.text)
    strcmp                                   0x0800045d   Thumb Code   128  strcmpv7m.o(.text)
    __use_two_region_memory                  0x080004dd   Thumb Code     2  heapauxi.o(.text)
    __rt_heap_escrow$2region                 0x080004df   Thumb Code     2  heapauxi.o(.text)
    __rt_heap_expand$2region                 0x080004e1   Thumb Code     2  heapauxi.o(.text)
    __I$use$semihosting                      0x080004e3   Thumb Code     0  use_no_semi.o(.text)
    __use_no_semihosting_swi                 0x080004e3   Thumb Code     2  use_no_semi.o(.text)
    __read_errno                             0x080004e5   Thumb Code    10  _rserrno.o(.text)
    __set_errno                              0x080004ef   Thumb Code    12  _rserrno.o(.text)
    _printf_int_common                       0x080004fb   Thumb Code   178  _printf_intcommon.o(.text)
    _printf_char_common                      0x080005b7   Thumb Code    32  _printf_char_common.o(.text)
    _sputc                                   0x080005dd   Thumb Code    10  _sputc.o(.text)
    _printf_cs_common                        0x080005e7   Thumb Code    20  _printf_char.o(.text)
    _printf_char                             0x080005fb   Thumb Code    16  _printf_char.o(.text)
    _printf_string                           0x0800060b   Thumb Code     8  _printf_char.o(.text)
    _printf_char_file                        0x08000615   Thumb Code    32  _printf_char_file.o(.text)
    __strtod_int                             0x08000675   Thumb Code    90  strtod.o(.text)
    __aeabi_memclr4                          0x080006dd   Thumb Code     0  rt_memclr_w.o(.text)
    __aeabi_memclr8                          0x080006dd   Thumb Code     0  rt_memclr_w.o(.text)
    __rt_memclr_w                            0x080006dd   Thumb Code    78  rt_memclr_w.o(.text)
    _memset_w                                0x080006e1   Thumb Code     0  rt_memclr_w.o(.text)
    __aeabi_errno_addr                       0x0800072d   Thumb Code     8  rt_errno_addr_intlibspace.o(.text)
    __errno$intlibspace                      0x0800072d   Thumb Code     0  rt_errno_addr_intlibspace.o(.text)
    __rt_errno_addr$intlibspace              0x0800072d   Thumb Code     0  rt_errno_addr_intlibspace.o(.text)
    isspace                                  0x08000735   Thumb Code    18  isspace.o(.text)
    _sgetc                                   0x08000747   Thumb Code    30  _sgetc.o(.text)
    _sbackspace                              0x08000765   Thumb Code    34  _sgetc.o(.text)
    ferror                                   0x08000787   Thumb Code     8  ferror.o(.text)
    __user_libspace                          0x08000791   Thumb Code     8  libspace.o(.text)
    __user_perproc_libspace                  0x08000791   Thumb Code     0  libspace.o(.text)
    __user_perthread_libspace                0x08000791   Thumb Code     0  libspace.o(.text)
    __user_setup_stackheap                   0x08000799   Thumb Code    74  sys_stackheap_outer.o(.text)
    __rt_ctype_table                         0x080007e5   Thumb Code    16  rt_ctype_table.o(.text)
    _scanf_really_real                       0x08000a41   Thumb Code   684  scanf_fp.o(.text)
    exit                                     0x08000ced   Thumb Code    18  exit.o(.text)
    __rt_locale                              0x08000d01   Thumb Code     8  rt_locale_intlibspace.o(.text)
    _btod_etento                             0x08000d09   Thumb Code   224  bigflt0.o(.text)
    _scanf_really_hex_real                   0x08000ded   Thumb Code   786  scanf_hexfp.o(.text)
    _scanf_really_infnan                     0x0800110d   Thumb Code   292  scanf_infnan.o(.text)
    __aeabi_llsl                             0x08001241   Thumb Code     0  llshl.o(.text)
    _ll_shift_l                              0x08001241   Thumb Code    38  llshl.o(.text)
    _chval                                   0x08001267   Thumb Code    28  _chval.o(.text)
    __btod_div_common                        0x08001283   Thumb Code   696  btod.o(CL$$btod_div_common)
    _e2d                                     0x080015bd   Thumb Code   122  btod.o(CL$$btod_e2d)
    _e2e                                     0x08001641   Thumb Code   220  btod.o(CL$$btod_e2e)
    _btod_ediv                               0x0800171d   Thumb Code    42  btod.o(CL$$btod_ediv)
    _btod_edivd                              0x08001747   Thumb Code    42  btod.o(CL$$btod_edivd)
    _btod_emul                               0x08001771   Thumb Code    42  btod.o(CL$$btod_emul)
    _btod_emuld                              0x0800179b   Thumb Code    42  btod.o(CL$$btod_emuld)
    __btod_mult_common                       0x080017c5   Thumb Code   580  btod.o(CL$$btod_mult_common)
    BusFault_Handler                         0x08001a09   Thumb Code     4  stm32f10x_it.o(i.BusFault_Handler)
    Control_Gripper                          0x08001a0d   Thumb Code    92  uart.o(i.Control_Gripper)
    DebugMon_Handler                         0x08001aad   Thumb Code     2  stm32f10x_it.o(i.DebugMon_Handler)
    Delay_ms                                 0x08001aaf   Thumb Code    24  delay.o(i.Delay_ms)
    Delay_us                                 0x08001ac7   Thumb Code    46  delay.o(i.Delay_us)
    Encoder_CalcPositionAndSpeed             0x08001af5   Thumb Code   116  encoder.o(i.Encoder_CalcPositionAndSpeed)
    Encoder_Init                             0x08001b75   Thumb Code   156  encoder.o(i.Encoder_Init)
    Encoder_Read                             0x08001c15   Thumb Code    18  encoder.o(i.Encoder_Read)
    GPIO_Init                                0x08001c27   Thumb Code   278  stm32f10x_gpio.o(i.GPIO_Init)
    GPIO_ResetBits                           0x08001d3d   Thumb Code     4  stm32f10x_gpio.o(i.GPIO_ResetBits)
    GPIO_SetBits                             0x08001d41   Thumb Code     4  stm32f10x_gpio.o(i.GPIO_SetBits)
    HardFault_Handler                        0x08001d45   Thumb Code     4  stm32f10x_it.o(i.HardFault_Handler)
    MemManage_Handler                        0x08001d49   Thumb Code     4  stm32f10x_it.o(i.MemManage_Handler)
    NMI_Handler                              0x08001d95   Thumb Code     2  stm32f10x_it.o(i.NMI_Handler)
    NVIC_Init                                0x08001d99   Thumb Code   100  misc.o(i.NVIC_Init)
    NVIC_PriorityGroupConfig                 0x08001e09   Thumb Code    10  misc.o(i.NVIC_PriorityGroupConfig)
    PID_Init                                 0x08001e1d   Thumb Code    20  pid.o(i.PID_Init)
    PendSV_Handler                           0x08001e31   Thumb Code     2  stm32f10x_it.o(i.PendSV_Handler)
    RCC_APB1PeriphClockCmd                   0x08001eb9   Thumb Code    26  stm32f10x_rcc.o(i.RCC_APB1PeriphClockCmd)
    RCC_APB1PeriphResetCmd                   0x08001ed9   Thumb Code    26  stm32f10x_rcc.o(i.RCC_APB1PeriphResetCmd)
    RCC_APB2PeriphClockCmd                   0x08001ef9   Thumb Code    26  stm32f10x_rcc.o(i.RCC_APB2PeriphClockCmd)
    RCC_APB2PeriphResetCmd                   0x08001f19   Thumb Code    26  stm32f10x_rcc.o(i.RCC_APB2PeriphResetCmd)
    RCC_GetClocksFreq                        0x08001f39   Thumb Code   192  stm32f10x_rcc.o(i.RCC_GetClocksFreq)
    SVC_Handler                              0x0800200d   Thumb Code     2  stm32f10x_it.o(i.SVC_Handler)
    SysTick_Handler                          0x080020f9   Thumb Code     2  stm32f10x_it.o(i.SysTick_Handler)
    SystemInit                               0x080020fd   Thumb Code    78  system_stm32f10x.o(i.SystemInit)
    TIM3_IRQHandler                          0x0800239d   Thumb Code    28  tim.o(i.TIM3_IRQHandler)
    TIM_ClearFlag                            0x080023c1   Thumb Code     6  stm32f10x_tim.o(i.TIM_ClearFlag)
    TIM_ClearITPendingBit                    0x080023c7   Thumb Code     6  stm32f10x_tim.o(i.TIM_ClearITPendingBit)
    TIM_Cmd                                  0x080023cd   Thumb Code    24  stm32f10x_tim.o(i.TIM_Cmd)
    TIM_EncoderInterfaceConfig               0x080023e5   Thumb Code    66  stm32f10x_tim.o(i.TIM_EncoderInterfaceConfig)
    TIM_GetFlagStatus                        0x08002427   Thumb Code    18  stm32f10x_tim.o(i.TIM_GetFlagStatus)
    TIM_ICInit                               0x08002439   Thumb Code   150  stm32f10x_tim.o(i.TIM_ICInit)
    TIM_ICStructInit                         0x080024e5   Thumb Code    18  stm32f10x_tim.o(i.TIM_ICStructInit)
    TIM_ITConfig                             0x080024f7   Thumb Code    18  stm32f10x_tim.o(i.TIM_ITConfig)
    TIM_InternalClockConfig                  0x08002509   Thumb Code    12  stm32f10x_tim.o(i.TIM_InternalClockConfig)
    TIM_SetCounter                           0x08002515   Thumb Code     4  stm32f10x_tim.o(i.TIM_SetCounter)
    TIM_SetIC1Prescaler                      0x08002519   Thumb Code    18  stm32f10x_tim.o(i.TIM_SetIC1Prescaler)
    TIM_SetIC2Prescaler                      0x0800252b   Thumb Code    26  stm32f10x_tim.o(i.TIM_SetIC2Prescaler)
    TIM_SetIC3Prescaler                      0x08002545   Thumb Code    18  stm32f10x_tim.o(i.TIM_SetIC3Prescaler)
    TIM_SetIC4Prescaler                      0x08002557   Thumb Code    26  stm32f10x_tim.o(i.TIM_SetIC4Prescaler)
    TIM_TimeBaseInit                         0x08002571   Thumb Code   122  stm32f10x_tim.o(i.TIM_TimeBaseInit)
    Timer_Init                               0x08002615   Thumb Code   118  tim.o(i.Timer_Init)
    UART1_Init                               0x08002691   Thumb Code   160  uart.o(i.UART1_Init)
    UART1_Process                            0x08002739   Thumb Code   308  uart.o(i.UART1_Process)
    UART2_Init                               0x08002895   Thumb Code   116  uart.o(i.UART2_Init)
    UART2_SendString                         0x08002911   Thumb Code    38  uart.o(i.UART2_SendString)
    USART1_IRQHandler                        0x0800293d   Thumb Code    76  uart.o(i.USART1_IRQHandler)
    USART_ClearITPendingBit                  0x08002999   Thumb Code    30  stm32f10x_usart.o(i.USART_ClearITPendingBit)
    USART_Cmd                                0x080029b7   Thumb Code    24  stm32f10x_usart.o(i.USART_Cmd)
    USART_DeInit                             0x080029d1   Thumb Code   134  stm32f10x_usart.o(i.USART_DeInit)
    USART_GetFlagStatus                      0x08002a6d   Thumb Code    26  stm32f10x_usart.o(i.USART_GetFlagStatus)
    USART_GetITStatus                        0x08002a87   Thumb Code    84  stm32f10x_usart.o(i.USART_GetITStatus)
    USART_ITConfig                           0x08002adb   Thumb Code    74  stm32f10x_usart.o(i.USART_ITConfig)
    USART_Init                               0x08002b25   Thumb Code   210  stm32f10x_usart.o(i.USART_Init)
    USART_ReceiveData                        0x08002bfd   Thumb Code    10  stm32f10x_usart.o(i.USART_ReceiveData)
    USART_SendData                           0x08002c07   Thumb Code     8  stm32f10x_usart.o(i.USART_SendData)
    UsageFault_Handler                       0x08002c0f   Thumb Code     4  stm32f10x_it.o(i.UsageFault_Handler)
    __mathlib_dbl_overflow                   0x08002c13   Thumb Code    14  dunder.o(i.__mathlib_dbl_overflow)
    __mathlib_dbl_underflow                  0x08002c21   Thumb Code    10  dunder.o(i.__mathlib_dbl_underflow)
    __mathlib_narrow                         0x08002c31   Thumb Code    16  narrow.o(i.__mathlib_narrow)
    __mathlib_tofloat                        0x08002c41   Thumb Code   184  narrow.o(i.__mathlib_tofloat)
    __support_ldexp                          0x08002cfd   Thumb Code    22  ldexp.o(i.__support_ldexp)
    _is_digit                                0x08002d13   Thumb Code    14  __printf_wp.o(i._is_digit)
    _sys_exit                                0x08002d21   Thumb Code     4  uart.o(i._sys_exit)
    atof                                     0x08002d25   Thumb Code    42  atof.o(i.atof)
    board_init                               0x08002d51   Thumb Code    54  board.o(i.board_init)
    fputc                                    0x08002da5   Thumb Code    24  uart.o(i.fputc)
    frexp                                    0x08002dc1   Thumb Code    80  frexp.o(i.frexp)
    ldexp                                    0x08002e19   Thumb Code   116  ldexp.o(i.ldexp)
    main                                     0x08002e8d   Thumb Code   248  main.o(i.main)
    theGPIO_Init                             0x08002fe5   Thumb Code    36  board.o(i.theGPIO_Init)
    _get_lc_numeric                          0x0800300d   Thumb Code    44  lc_numeric_c.o(locale$$code)
    _get_lc_ctype                            0x08003039   Thumb Code    44  lc_ctype_c.o(locale$$code)
    __aeabi_d2f                              0x08003065   Thumb Code     0  d2f.o(x$fpl$d2f)
    _d2f                                     0x08003065   Thumb Code    98  d2f.o(x$fpl$d2f)
    __fpl_dcheck_NaN1                        0x080030c9   Thumb Code    10  dcheck1.o(x$fpl$dcheck1)
    __fpl_dcmp_Inf                           0x080030d9   Thumb Code    24  dcmpi.o(x$fpl$dcmpinf)
    __aeabi_cdcmpeq                          0x080030f1   Thumb Code     0  deqf.o(x$fpl$deqf)
    _dcmpeq                                  0x080030f1   Thumb Code   120  deqf.o(x$fpl$deqf)
    __aeabi_cdcmple                          0x08003169   Thumb Code     0  dleqf.o(x$fpl$dleqf)
    _dcmple                                  0x08003169   Thumb Code   120  dleqf.o(x$fpl$dleqf)
    __fpl_dcmple_InfNaN                      0x080031cb   Thumb Code     0  dleqf.o(x$fpl$dleqf)
    __fpl_dnaninf                            0x080031e1   Thumb Code   156  dnaninf.o(x$fpl$dnaninf)
    __aeabi_cdrcmple                         0x0800327d   Thumb Code     0  drleqf.o(x$fpl$drleqf)
    _drcmple                                 0x0800327d   Thumb Code   108  drleqf.o(x$fpl$drleqf)
    __aeabi_fadd                             0x080032e9   Thumb Code     0  faddsub_clz.o(x$fpl$fadd)
    _fadd                                    0x080032e9   Thumb Code   196  faddsub_clz.o(x$fpl$fadd)
    __fpl_fcmp_Inf                           0x080033ad   Thumb Code    24  fcmpi.o(x$fpl$fcmpinf)
    __aeabi_fdiv                             0x080033c5   Thumb Code     0  fdiv.o(x$fpl$fdiv)
    _fdiv                                    0x080033c5   Thumb Code   384  fdiv.o(x$fpl$fdiv)
    __aeabi_cfcmpeq                          0x08003549   Thumb Code     0  feqf.o(x$fpl$feqf)
    _fcmpeq                                  0x08003549   Thumb Code   104  feqf.o(x$fpl$feqf)
    __aeabi_f2iz                             0x080035b1   Thumb Code     0  ffix.o(x$fpl$ffix)
    _ffix                                    0x080035b1   Thumb Code    54  ffix.o(x$fpl$ffix)
    __aeabi_i2f                              0x080035e9   Thumb Code     0  fflt_clz.o(x$fpl$fflt)
    _fflt                                    0x080035e9   Thumb Code    48  fflt_clz.o(x$fpl$fflt)
    __fpl_fnaninf                            0x08003619   Thumb Code   140  fnaninf.o(x$fpl$fnaninf)
    __fpl_fretinf                            0x080036a5   Thumb Code    10  fretinf.o(x$fpl$fretinf)
    __aeabi_fsub                             0x080036b1   Thumb Code     0  faddsub_clz.o(x$fpl$fsub)
    _fsub                                    0x080036b1   Thumb Code   234  faddsub_clz.o(x$fpl$fsub)
    __ieee_status                            0x0800379b   Thumb Code     6  istatus.o(x$fpl$ieeestatus)
    __fpl_return_NaN                         0x080037a1   Thumb Code   100  retnan.o(x$fpl$retnan)
    __ARM_scalbn                             0x08003805   Thumb Code    92  scalbn.o(x$fpl$scalbn)
    _scanf_real                              0x08003861   Thumb Code     4  scanf1.o(x$fpl$scanf1)
    _scanf_hex_real                          0x08003865   Thumb Code     4  scanf2.o(x$fpl$scanf2)
    _scanf_infnan                            0x08003869   Thumb Code     4  scanf2.o(x$fpl$scanf2)
    __fpl_cmpreturn                          0x0800386d   Thumb Code    48  trapv.o(x$fpl$trapveneer)
    __I$use$fp                               0x0800389c   Number         0  usenofp.o(x$fpl$usenofp)
    Region$$Table$$Base                      0x08003930   Number         0  anon$$obj.o(Region$$Table)
    Region$$Table$$Limit                     0x08003950   Number         0  anon$$obj.o(Region$$Table)
    __aeabi_HUGE_VAL                         0x08003950   Data           0  fpconst.o(c$$dinf)
    __aeabi_HUGE_VALL                        0x08003950   Data           0  fpconst.o(c$$dinf)
    __aeabi_INFINITY                         0x08003950   Data           0  fpconst.o(c$$dinf)
    __dInf                                   0x08003950   Data           0  fpconst.o(c$$dinf)
    __huge_val                               0x08003950   Data           0  fpconst.o(c$$dinf)
    __dbl_max                                0x08003958   Data           0  fpconst.o(c$$dmax)
    __ctype                                  0x08003989   Data           0  lc_ctype_c.o(locale$$data)
    height_difference                        0x20000014   Data           4  main.o(.data)
    current_position                         0x20000018   Data           4  main.o(.data)
    target_position                          0x2000001c   Data           4  main.o(.data)
    current_speed                            0x20000020   Data           4  main.o(.data)
    rcvd_flag                                0x20000024   Data           1  main.o(.data)
    lift                                     0x20000028   Data           4  main.o(.data)
    tim3_flag                                0x20000034   Data           1  tim.o(.data)
    __stdout                                 0x20000044   Data           4  uart.o(.data)
    position_pid                             0x20000048   Data          12  main.o(.bss)
    speed_pid                                0x20000054   Data          12  main.o(.bss)
    __libspace_start                         0x20000120   Data          96  libspace.o(.bss)
    __temporary_stack_top$libspace           0x20000180   Data           0  libspace.o(.bss)



==============================================================================

Memory Map of the image

  Image Entry point : 0x080000ed

  Load Region LR_IROM1 (Base: 0x08000000, Size: 0x00003ad4, Max: 0x00010000, ABSOLUTE)

    Execution Region ER_IROM1 (Exec base: 0x08000000, Load base: 0x08000000, Size: 0x00003a8c, Max: 0x00010000, ABSOLUTE)

    Exec Addr    Load Addr    Size         Type   Attr      Idx    E Section Name        Object

    0x08000000   0x08000000   0x000000ec   Data   RO         3127    RESET               startup_stm32f10x_md.o
    0x080000ec   0x080000ec   0x00000008   Code   RO         3592  * !!!main             c_w.l(__main.o)
    0x080000f4   0x080000f4   0x00000034   Code   RO         3951    !!!scatter          c_w.l(__scatter.o)
    0x08000128   0x08000128   0x0000001a   Code   RO         3953    !!handler_copy      c_w.l(__scatter_copy.o)
    0x08000142   0x08000142   0x00000002   PAD
    0x08000144   0x08000144   0x0000001c   Code   RO         3955    !!handler_zi        c_w.l(__scatter_zi.o)
    0x08000160   0x08000160   0x00000000   Code   RO         3581    .ARM.Collect$$_printf_percent$$00000000  c_w.l(_printf_percent.o)
    0x08000160   0x08000160   0x00000006   Code   RO         3580    .ARM.Collect$$_printf_percent$$00000009  c_w.l(_printf_d.o)
    0x08000166   0x08000166   0x00000006   Code   RO         3579    .ARM.Collect$$_printf_percent$$00000014  c_w.l(_printf_s.o)
    0x0800016c   0x0800016c   0x00000004   Code   RO         3643    .ARM.Collect$$_printf_percent$$00000017  c_w.l(_printf_percent_end.o)
    0x08000170   0x08000170   0x00000002   Code   RO         3708    .ARM.Collect$$libinit$$00000000  c_w.l(libinit.o)
    0x08000172   0x08000172   0x00000000   Code   RO         3710    .ARM.Collect$$libinit$$00000002  c_w.l(libinit2.o)
    0x08000172   0x08000172   0x00000000   Code   RO         3712    .ARM.Collect$$libinit$$00000004  c_w.l(libinit2.o)
    0x08000172   0x08000172   0x00000000   Code   RO         3715    .ARM.Collect$$libinit$$0000000A  c_w.l(libinit2.o)
    0x08000172   0x08000172   0x00000000   Code   RO         3717    .ARM.Collect$$libinit$$0000000C  c_w.l(libinit2.o)
    0x08000172   0x08000172   0x00000000   Code   RO         3719    .ARM.Collect$$libinit$$0000000E  c_w.l(libinit2.o)
    0x08000172   0x08000172   0x00000006   Code   RO         3720    .ARM.Collect$$libinit$$0000000F  c_w.l(libinit2.o)
    0x08000178   0x08000178   0x00000000   Code   RO         3722    .ARM.Collect$$libinit$$00000011  c_w.l(libinit2.o)
    0x08000178   0x08000178   0x0000000c   Code   RO         3723    .ARM.Collect$$libinit$$00000012  c_w.l(libinit2.o)
    0x08000184   0x08000184   0x00000000   Code   RO         3724    .ARM.Collect$$libinit$$00000013  c_w.l(libinit2.o)
    0x08000184   0x08000184   0x00000000   Code   RO         3726    .ARM.Collect$$libinit$$00000015  c_w.l(libinit2.o)
    0x08000184   0x08000184   0x0000000a   Code   RO         3727    .ARM.Collect$$libinit$$00000016  c_w.l(libinit2.o)
    0x0800018e   0x0800018e   0x00000000   Code   RO         3728    .ARM.Collect$$libinit$$00000017  c_w.l(libinit2.o)
    0x0800018e   0x0800018e   0x00000000   Code   RO         3730    .ARM.Collect$$libinit$$00000019  c_w.l(libinit2.o)
    0x0800018e   0x0800018e   0x00000000   Code   RO         3732    .ARM.Collect$$libinit$$0000001B  c_w.l(libinit2.o)
    0x0800018e   0x0800018e   0x00000000   Code   RO         3734    .ARM.Collect$$libinit$$0000001D  c_w.l(libinit2.o)
    0x0800018e   0x0800018e   0x00000000   Code   RO         3736    .ARM.Collect$$libinit$$0000001F  c_w.l(libinit2.o)
    0x0800018e   0x0800018e   0x00000000   Code   RO         3738    .ARM.Collect$$libinit$$00000021  c_w.l(libinit2.o)
    0x0800018e   0x0800018e   0x00000000   Code   RO         3740    .ARM.Collect$$libinit$$00000023  c_w.l(libinit2.o)
    0x0800018e   0x0800018e   0x00000000   Code   RO         3742    .ARM.Collect$$libinit$$00000025  c_w.l(libinit2.o)
    0x0800018e   0x0800018e   0x00000000   Code   RO         3746    .ARM.Collect$$libinit$$0000002C  c_w.l(libinit2.o)
    0x0800018e   0x0800018e   0x00000000   Code   RO         3748    .ARM.Collect$$libinit$$0000002E  c_w.l(libinit2.o)
    0x0800018e   0x0800018e   0x00000000   Code   RO         3750    .ARM.Collect$$libinit$$00000030  c_w.l(libinit2.o)
    0x0800018e   0x0800018e   0x00000000   Code   RO         3752    .ARM.Collect$$libinit$$00000032  c_w.l(libinit2.o)
    0x0800018e   0x0800018e   0x00000002   Code   RO         3753    .ARM.Collect$$libinit$$00000033  c_w.l(libinit2.o)
    0x08000190   0x08000190   0x00000002   Code   RO         3848    .ARM.Collect$$libshutdown$$00000000  c_w.l(libshutdown.o)
    0x08000192   0x08000192   0x00000000   Code   RO         3875    .ARM.Collect$$libshutdown$$00000002  c_w.l(libshutdown2.o)
    0x08000192   0x08000192   0x00000000   Code   RO         3877    .ARM.Collect$$libshutdown$$00000004  c_w.l(libshutdown2.o)
    0x08000192   0x08000192   0x00000000   Code   RO         3880    .ARM.Collect$$libshutdown$$00000007  c_w.l(libshutdown2.o)
    0x08000192   0x08000192   0x00000000   Code   RO         3883    .ARM.Collect$$libshutdown$$0000000A  c_w.l(libshutdown2.o)
    0x08000192   0x08000192   0x00000000   Code   RO         3885    .ARM.Collect$$libshutdown$$0000000C  c_w.l(libshutdown2.o)
    0x08000192   0x08000192   0x00000000   Code   RO         3888    .ARM.Collect$$libshutdown$$0000000F  c_w.l(libshutdown2.o)
    0x08000192   0x08000192   0x00000002   Code   RO         3889    .ARM.Collect$$libshutdown$$00000010  c_w.l(libshutdown2.o)
    0x08000194   0x08000194   0x00000000   Code   RO         3630    .ARM.Collect$$rtentry$$00000000  c_w.l(__rtentry.o)
    0x08000194   0x08000194   0x00000000   Code   RO         3658    .ARM.Collect$$rtentry$$00000002  c_w.l(__rtentry2.o)
    0x08000194   0x08000194   0x00000006   Code   RO         3670    .ARM.Collect$$rtentry$$00000004  c_w.l(__rtentry4.o)
    0x0800019a   0x0800019a   0x00000000   Code   RO         3660    .ARM.Collect$$rtentry$$00000009  c_w.l(__rtentry2.o)
    0x0800019a   0x0800019a   0x00000004   Code   RO         3661    .ARM.Collect$$rtentry$$0000000A  c_w.l(__rtentry2.o)
    0x0800019e   0x0800019e   0x00000000   Code   RO         3663    .ARM.Collect$$rtentry$$0000000C  c_w.l(__rtentry2.o)
    0x0800019e   0x0800019e   0x00000008   Code   RO         3664    .ARM.Collect$$rtentry$$0000000D  c_w.l(__rtentry2.o)
    0x080001a6   0x080001a6   0x00000002   Code   RO         3754    .ARM.Collect$$rtexit$$00000000  c_w.l(rtexit.o)
    0x080001a8   0x080001a8   0x00000000   Code   RO         3812    .ARM.Collect$$rtexit$$00000002  c_w.l(rtexit2.o)
    0x080001a8   0x080001a8   0x00000004   Code   RO         3813    .ARM.Collect$$rtexit$$00000003  c_w.l(rtexit2.o)
    0x080001ac   0x080001ac   0x00000006   Code   RO         3814    .ARM.Collect$$rtexit$$00000004  c_w.l(rtexit2.o)
    0x080001b2   0x080001b2   0x00000002   PAD
    0x080001b4   0x080001b4   0x00000040   Code   RO         3128    .text               startup_stm32f10x_md.o
    0x080001f4   0x080001f4   0x00000002   Code   RO         3543    .text               c_w.l(use_no_semi_2.o)
    0x080001f6   0x080001f6   0x00000002   PAD
    0x080001f8   0x080001f8   0x00000018   Code   RO         3549    .text               c_w.l(noretval__2printf.o)
    0x08000210   0x08000210   0x00000028   Code   RO         3551    .text               c_w.l(noretval__2sprintf.o)
    0x08000238   0x08000238   0x00000068   Code   RO         3553    .text               c_w.l(__printf.o)
    0x080002a0   0x080002a0   0x00000052   Code   RO         3555    .text               c_w.l(_printf_str.o)
    0x080002f2   0x080002f2   0x00000002   PAD
    0x080002f4   0x080002f4   0x00000078   Code   RO         3557    .text               c_w.l(_printf_dec.o)
    0x0800036c   0x0800036c   0x00000014   Code   RO         3582    .text               c_w.l(strchr.o)
    0x08000380   0x08000380   0x00000096   Code   RO         3584    .text               c_w.l(strncmp.o)
    0x08000416   0x08000416   0x00000044   Code   RO         3586    .text               c_w.l(rt_memclr.o)
    0x0800045a   0x0800045a   0x00000002   PAD
    0x0800045c   0x0800045c   0x00000080   Code   RO         3588    .text               c_w.l(strcmpv7m.o)
    0x080004dc   0x080004dc   0x00000006   Code   RO         3590    .text               c_w.l(heapauxi.o)
    0x080004e2   0x080004e2   0x00000002   Code   RO         3628    .text               c_w.l(use_no_semi.o)
    0x080004e4   0x080004e4   0x00000016   Code   RO         3631    .text               c_w.l(_rserrno.o)
    0x080004fa   0x080004fa   0x000000b2   Code   RO         3633    .text               c_w.l(_printf_intcommon.o)
    0x080005ac   0x080005ac   0x00000030   Code   RO         3635    .text               c_w.l(_printf_char_common.o)
    0x080005dc   0x080005dc   0x0000000a   Code   RO         3637    .text               c_w.l(_sputc.o)
    0x080005e6   0x080005e6   0x0000002c   Code   RO         3639    .text               c_w.l(_printf_char.o)
    0x08000612   0x08000612   0x00000002   PAD
    0x08000614   0x08000614   0x00000024   Code   RO         3641    .text               c_w.l(_printf_char_file.o)
    0x08000638   0x08000638   0x000000a4   Code   RO         3644    .text               c_w.l(strtod.o)
    0x080006dc   0x080006dc   0x0000004e   Code   RO         3646    .text               c_w.l(rt_memclr_w.o)
    0x0800072a   0x0800072a   0x00000002   PAD
    0x0800072c   0x0800072c   0x00000008   Code   RO         3675    .text               c_w.l(rt_errno_addr_intlibspace.o)
    0x08000734   0x08000734   0x00000012   Code   RO         3677    .text               c_w.l(isspace.o)
    0x08000746   0x08000746   0x00000040   Code   RO         3681    .text               c_w.l(_sgetc.o)
    0x08000786   0x08000786   0x00000008   Code   RO         3683    .text               c_w.l(ferror.o)
    0x0800078e   0x0800078e   0x00000002   PAD
    0x08000790   0x08000790   0x00000008   Code   RO         3692    .text               c_w.l(libspace.o)
    0x08000798   0x08000798   0x0000004a   Code   RO         3695    .text               c_w.l(sys_stackheap_outer.o)
    0x080007e2   0x080007e2   0x00000002   PAD
    0x080007e4   0x080007e4   0x00000010   Code   RO         3697    .text               c_w.l(rt_ctype_table.o)
    0x080007f4   0x080007f4   0x000004f8   Code   RO         3699    .text               c_w.l(scanf_fp.o)
    0x08000cec   0x08000cec   0x00000012   Code   RO         3701    .text               c_w.l(exit.o)
    0x08000cfe   0x08000cfe   0x00000002   PAD
    0x08000d00   0x08000d00   0x00000008   Code   RO         3759    .text               c_w.l(rt_locale_intlibspace.o)
    0x08000d08   0x08000d08   0x000000e4   Code   RO         3761    .text               c_w.l(bigflt0.o)
    0x08000dec   0x08000dec   0x00000320   Code   RO         3818    .text               c_w.l(scanf_hexfp.o)
    0x0800110c   0x0800110c   0x00000134   Code   RO         3820    .text               c_w.l(scanf_infnan.o)
    0x08001240   0x08001240   0x00000026   Code   RO         3838    .text               c_w.l(llshl.o)
    0x08001266   0x08001266   0x0000001c   Code   RO         3840    .text               c_w.l(_chval.o)
    0x08001282   0x08001282   0x00000338   Code   RO         3774    CL$$btod_div_common  c_w.l(btod.o)
    0x080015ba   0x080015ba   0x00000002   PAD
    0x080015bc   0x080015bc   0x00000084   Code   RO         3772    CL$$btod_e2d        c_w.l(btod.o)
    0x08001640   0x08001640   0x000000dc   Code   RO         3771    CL$$btod_e2e        c_w.l(btod.o)
    0x0800171c   0x0800171c   0x0000002a   Code   RO         3768    CL$$btod_ediv       c_w.l(btod.o)
    0x08001746   0x08001746   0x0000002a   Code   RO         3770    CL$$btod_edivd      c_w.l(btod.o)
    0x08001770   0x08001770   0x0000002a   Code   RO         3767    CL$$btod_emul       c_w.l(btod.o)
    0x0800179a   0x0800179a   0x0000002a   Code   RO         3769    CL$$btod_emuld      c_w.l(btod.o)
    0x080017c4   0x080017c4   0x00000244   Code   RO         3773    CL$$btod_mult_common  c_w.l(btod.o)
    0x08001a08   0x08001a08   0x00000004   Code   RO         3196    i.BusFault_Handler  stm32f10x_it.o
    0x08001a0c   0x08001a0c   0x000000a0   Code   RO         3464    i.Control_Gripper   uart.o
    0x08001aac   0x08001aac   0x00000002   Code   RO         3197    i.DebugMon_Handler  stm32f10x_it.o
    0x08001aae   0x08001aae   0x00000018   Code   RO         3344    i.Delay_ms          delay.o
    0x08001ac6   0x08001ac6   0x0000002e   Code   RO         3346    i.Delay_us          delay.o
    0x08001af4   0x08001af4   0x00000080   Code   RO         3371    i.Encoder_CalcPositionAndSpeed  encoder.o
    0x08001b74   0x08001b74   0x000000a0   Code   RO         3372    i.Encoder_Init      encoder.o
    0x08001c14   0x08001c14   0x00000012   Code   RO         3373    i.Encoder_Read      encoder.o
    0x08001c26   0x08001c26   0x00000116   Code   RO         1276    i.GPIO_Init         stm32f10x_gpio.o
    0x08001d3c   0x08001d3c   0x00000004   Code   RO         1283    i.GPIO_ResetBits    stm32f10x_gpio.o
    0x08001d40   0x08001d40   0x00000004   Code   RO         1284    i.GPIO_SetBits      stm32f10x_gpio.o
    0x08001d44   0x08001d44   0x00000004   Code   RO         3198    i.HardFault_Handler  stm32f10x_it.o
    0x08001d48   0x08001d48   0x00000004   Code   RO         3199    i.MemManage_Handler  stm32f10x_it.o
    0x08001d4c   0x08001d4c   0x00000018   Code   RO         3259    i.Motor_Down        main.o
    0x08001d64   0x08001d64   0x00000018   Code   RO         3260    i.Motor_Stop        main.o
    0x08001d7c   0x08001d7c   0x00000018   Code   RO         3261    i.Motor_Up          main.o
    0x08001d94   0x08001d94   0x00000002   Code   RO         3200    i.NMI_Handler       stm32f10x_it.o
    0x08001d96   0x08001d96   0x00000002   PAD
    0x08001d98   0x08001d98   0x00000070   Code   RO            1    i.NVIC_Init         misc.o
    0x08001e08   0x08001e08   0x00000014   Code   RO            2    i.NVIC_PriorityGroupConfig  misc.o
    0x08001e1c   0x08001e1c   0x00000014   Code   RO         3407    i.PID_Init          pid.o
    0x08001e30   0x08001e30   0x00000002   Code   RO         3201    i.PendSV_Handler    stm32f10x_it.o
    0x08001e32   0x08001e32   0x00000002   PAD
    0x08001e34   0x08001e34   0x00000084   Code   RO         3465    i.Process_String_Command  uart.o
    0x08001eb8   0x08001eb8   0x00000020   Code   RO         1704    i.RCC_APB1PeriphClockCmd  stm32f10x_rcc.o
    0x08001ed8   0x08001ed8   0x00000020   Code   RO         1705    i.RCC_APB1PeriphResetCmd  stm32f10x_rcc.o
    0x08001ef8   0x08001ef8   0x00000020   Code   RO         1706    i.RCC_APB2PeriphClockCmd  stm32f10x_rcc.o
    0x08001f18   0x08001f18   0x00000020   Code   RO         1707    i.RCC_APB2PeriphResetCmd  stm32f10x_rcc.o
    0x08001f38   0x08001f38   0x000000d4   Code   RO         1714    i.RCC_GetClocksFreq  stm32f10x_rcc.o
    0x0800200c   0x0800200c   0x00000002   Code   RO         3202    i.SVC_Handler       stm32f10x_it.o
    0x0800200e   0x0800200e   0x00000008   Code   RO         3143    i.SetSysClock       system_stm32f10x.o
    0x08002016   0x08002016   0x00000002   PAD
    0x08002018   0x08002018   0x000000e0   Code   RO         3144    i.SetSysClockTo72   system_stm32f10x.o
    0x080020f8   0x080020f8   0x00000002   Code   RO         3203    i.SysTick_Handler   stm32f10x_it.o
    0x080020fa   0x080020fa   0x00000002   PAD
    0x080020fc   0x080020fc   0x00000060   Code   RO         3146    i.SystemInit        system_stm32f10x.o
    0x0800215c   0x0800215c   0x00000080   Code   RO         2334    i.TI1_Config        stm32f10x_tim.o
    0x080021dc   0x080021dc   0x00000098   Code   RO         2335    i.TI2_Config        stm32f10x_tim.o
    0x08002274   0x08002274   0x00000090   Code   RO         2336    i.TI3_Config        stm32f10x_tim.o
    0x08002304   0x08002304   0x00000098   Code   RO         2337    i.TI4_Config        stm32f10x_tim.o
    0x0800239c   0x0800239c   0x00000024   Code   RO         3440    i.TIM3_IRQHandler   tim.o
    0x080023c0   0x080023c0   0x00000006   Code   RO         2344    i.TIM_ClearFlag     stm32f10x_tim.o
    0x080023c6   0x080023c6   0x00000006   Code   RO         2345    i.TIM_ClearITPendingBit  stm32f10x_tim.o
    0x080023cc   0x080023cc   0x00000018   Code   RO         2350    i.TIM_Cmd           stm32f10x_tim.o
    0x080023e4   0x080023e4   0x00000042   Code   RO         2359    i.TIM_EncoderInterfaceConfig  stm32f10x_tim.o
    0x08002426   0x08002426   0x00000012   Code   RO         2370    i.TIM_GetFlagStatus  stm32f10x_tim.o
    0x08002438   0x08002438   0x000000ac   Code   RO         2373    i.TIM_ICInit        stm32f10x_tim.o
    0x080024e4   0x080024e4   0x00000012   Code   RO         2374    i.TIM_ICStructInit  stm32f10x_tim.o
    0x080024f6   0x080024f6   0x00000012   Code   RO         2375    i.TIM_ITConfig      stm32f10x_tim.o
    0x08002508   0x08002508   0x0000000c   Code   RO         2377    i.TIM_InternalClockConfig  stm32f10x_tim.o
    0x08002514   0x08002514   0x00000004   Code   RO         2415    i.TIM_SetCounter    stm32f10x_tim.o
    0x08002518   0x08002518   0x00000012   Code   RO         2416    i.TIM_SetIC1Prescaler  stm32f10x_tim.o
    0x0800252a   0x0800252a   0x0000001a   Code   RO         2417    i.TIM_SetIC2Prescaler  stm32f10x_tim.o
    0x08002544   0x08002544   0x00000012   Code   RO         2418    i.TIM_SetIC3Prescaler  stm32f10x_tim.o
    0x08002556   0x08002556   0x0000001a   Code   RO         2419    i.TIM_SetIC4Prescaler  stm32f10x_tim.o
    0x08002570   0x08002570   0x000000a4   Code   RO         2421    i.TIM_TimeBaseInit  stm32f10x_tim.o
    0x08002614   0x08002614   0x0000007c   Code   RO         3441    i.Timer_Init        tim.o
    0x08002690   0x08002690   0x000000a8   Code   RO         3466    i.UART1_Init        uart.o
    0x08002738   0x08002738   0x0000015c   Code   RO         3467    i.UART1_Process     uart.o
    0x08002894   0x08002894   0x0000007c   Code   RO         3468    i.UART2_Init        uart.o
    0x08002910   0x08002910   0x0000002c   Code   RO         3469    i.UART2_SendString  uart.o
    0x0800293c   0x0800293c   0x0000005c   Code   RO         3470    i.USART1_IRQHandler  uart.o
    0x08002998   0x08002998   0x0000001e   Code   RO         2886    i.USART_ClearITPendingBit  stm32f10x_usart.o
    0x080029b6   0x080029b6   0x00000018   Code   RO         2889    i.USART_Cmd         stm32f10x_usart.o
    0x080029ce   0x080029ce   0x00000002   PAD
    0x080029d0   0x080029d0   0x0000009c   Code   RO         2891    i.USART_DeInit      stm32f10x_usart.o
    0x08002a6c   0x08002a6c   0x0000001a   Code   RO         2892    i.USART_GetFlagStatus  stm32f10x_usart.o
    0x08002a86   0x08002a86   0x00000054   Code   RO         2893    i.USART_GetITStatus  stm32f10x_usart.o
    0x08002ada   0x08002ada   0x0000004a   Code   RO         2895    i.USART_ITConfig    stm32f10x_usart.o
    0x08002b24   0x08002b24   0x000000d8   Code   RO         2896    i.USART_Init        stm32f10x_usart.o
    0x08002bfc   0x08002bfc   0x0000000a   Code   RO         2903    i.USART_ReceiveData  stm32f10x_usart.o
    0x08002c06   0x08002c06   0x00000008   Code   RO         2906    i.USART_SendData    stm32f10x_usart.o
    0x08002c0e   0x08002c0e   0x00000004   Code   RO         3204    i.UsageFault_Handler  stm32f10x_it.o
    0x08002c12   0x08002c12   0x0000000e   Code   RO         3896    i.__mathlib_dbl_overflow  m_ws.l(dunder.o)
    0x08002c20   0x08002c20   0x00000010   Code   RO         3898    i.__mathlib_dbl_underflow  m_ws.l(dunder.o)
    0x08002c30   0x08002c30   0x00000010   Code   RO         3805    i.__mathlib_narrow  m_ws.l(narrow.o)
    0x08002c40   0x08002c40   0x000000bc   Code   RO         3806    i.__mathlib_tofloat  m_ws.l(narrow.o)
    0x08002cfc   0x08002cfc   0x00000016   Code   RO         3856    i.__support_ldexp   m_ws.l(ldexp.o)
    0x08002d12   0x08002d12   0x0000000e   Code   RO         3569    i._is_digit         c_w.l(__printf_wp.o)
    0x08002d20   0x08002d20   0x00000004   Code   RO         3471    i._sys_exit         uart.o
    0x08002d24   0x08002d24   0x0000002a   Code   RO         3625    i.atof              m_ws.l(atof.o)
    0x08002d4e   0x08002d4e   0x00000002   PAD
    0x08002d50   0x08002d50   0x00000054   Code   RO         3322    i.board_init        board.o
    0x08002da4   0x08002da4   0x0000001c   Code   RO         3472    i.fputc             uart.o
    0x08002dc0   0x08002dc0   0x00000058   Code   RO         3831    i.frexp             m_ws.l(frexp.o)
    0x08002e18   0x08002e18   0x00000074   Code   RO         3857    i.ldexp             m_ws.l(ldexp.o)
    0x08002e8c   0x08002e8c   0x00000158   Code   RO         3262    i.main              main.o
    0x08002fe4   0x08002fe4   0x00000028   Code   RO         3323    i.theGPIO_Init      board.o
    0x0800300c   0x0800300c   0x0000002c   Code   RO         3688    locale$$code        c_w.l(lc_numeric_c.o)
    0x08003038   0x08003038   0x0000002c   Code   RO         3787    locale$$code        c_w.l(lc_ctype_c.o)
    0x08003064   0x08003064   0x00000062   Code   RO         3594    x$fpl$d2f           fz_ws.l(d2f.o)
    0x080030c6   0x080030c6   0x00000002   PAD
    0x080030c8   0x080030c8   0x00000010   Code   RO         3890    x$fpl$dcheck1       fz_ws.l(dcheck1.o)
    0x080030d8   0x080030d8   0x00000018   Code   RO         3849    x$fpl$dcmpinf       fz_ws.l(dcmpi.o)
    0x080030f0   0x080030f0   0x00000078   Code   RO         3826    x$fpl$deqf          fz_ws.l(deqf.o)
    0x08003168   0x08003168   0x00000078   Code   RO         3851    x$fpl$dleqf         fz_ws.l(dleqf.o)
    0x080031e0   0x080031e0   0x0000009c   Code   RO         3648    x$fpl$dnaninf       fz_ws.l(dnaninf.o)
    0x0800327c   0x0800327c   0x0000006c   Code   RO         3828    x$fpl$drleqf        fz_ws.l(drleqf.o)
    0x080032e8   0x080032e8   0x000000c4   Code   RO         3596    x$fpl$fadd          fz_ws.l(faddsub_clz.o)
    0x080033ac   0x080033ac   0x00000018   Code   RO         3650    x$fpl$fcmpinf       fz_ws.l(fcmpi.o)
    0x080033c4   0x080033c4   0x00000184   Code   RO         3603    x$fpl$fdiv          fz_ws.l(fdiv.o)
    0x08003548   0x08003548   0x00000068   Code   RO         3606    x$fpl$feqf          fz_ws.l(feqf.o)
    0x080035b0   0x080035b0   0x00000036   Code   RO         3608    x$fpl$ffix          fz_ws.l(ffix.o)
    0x080035e6   0x080035e6   0x00000002   PAD
    0x080035e8   0x080035e8   0x00000030   Code   RO         3613    x$fpl$fflt          fz_ws.l(fflt_clz.o)
    0x08003618   0x08003618   0x0000008c   Code   RO         3652    x$fpl$fnaninf       fz_ws.l(fnaninf.o)
    0x080036a4   0x080036a4   0x0000000a   Code   RO         3654    x$fpl$fretinf       fz_ws.l(fretinf.o)
    0x080036ae   0x080036ae   0x00000002   PAD
    0x080036b0   0x080036b0   0x000000ea   Code   RO         3598    x$fpl$fsub          fz_ws.l(faddsub_clz.o)
    0x0800379a   0x0800379a   0x00000006   Code   RO         3797    x$fpl$ieeestatus    fz_ws.l(istatus.o)
    0x080037a0   0x080037a0   0x00000064   Code   RO         3923    x$fpl$retnan        fz_ws.l(retnan.o)
    0x08003804   0x08003804   0x0000005c   Code   RO         3853    x$fpl$scalbn        fz_ws.l(scalbn.o)
    0x08003860   0x08003860   0x00000004   Code   RO         3690    x$fpl$scanf1        fz_ws.l(scanf1.o)
    0x08003864   0x08003864   0x00000008   Code   RO         3799    x$fpl$scanf2        fz_ws.l(scanf2.o)
    0x0800386c   0x0800386c   0x00000030   Code   RO         3931    x$fpl$trapveneer    fz_ws.l(trapv.o)
    0x0800389c   0x0800389c   0x00000000   Code   RO         3656    x$fpl$usenofp       fz_ws.l(usenofp.o)
    0x0800389c   0x0800389c   0x00000094   Data   RO         3762    .constdata          c_w.l(bigflt0.o)
    0x08003930   0x08003930   0x00000020   Data   RO         3949    Region$$Table       anon$$obj.o
    0x08003950   0x08003950   0x00000008   Data   RO         3791    c$$dinf             fz_ws.l(fpconst.o)
    0x08003958   0x08003958   0x00000008   Data   RO         3794    c$$dmax             fz_ws.l(fpconst.o)
    0x08003960   0x08003960   0x0000001c   Data   RO         3687    locale$$data        c_w.l(lc_numeric_c.o)
    0x0800397c   0x0800397c   0x00000110   Data   RO         3786    locale$$data        c_w.l(lc_ctype_c.o)


    Execution Region RW_IRAM1 (Exec base: 0x20000000, Load base: 0x08003a8c, Size: 0x00000780, Max: 0x00005000, ABSOLUTE)

    Exec Addr    Load Addr    Size         Type   Attr      Idx    E Section Name        Object

    0x20000000   0x08003a8c   0x00000014   Data   RW         1734    .data               stm32f10x_rcc.o
    0x20000014   0x08003aa0   0x00000019   Data   RW         3264    .data               main.o
    0x2000002d   0x08003ab9   0x00000003   PAD
    0x20000030   0x08003abc   0x00000004   Data   RW         3374    .data               encoder.o
    0x20000034   0x08003ac0   0x00000001   Data   RW         3442    .data               tim.o
    0x20000035   0x08003ac1   0x00000003   PAD
    0x20000038   0x08003ac4   0x00000010   Data   RW         3474    .data               uart.o
    0x20000048        -       0x00000018   Zero   RW         3263    .bss                main.o
    0x20000060        -       0x000000c0   Zero   RW         3473    .bss                uart.o
    0x20000120        -       0x00000060   Zero   RW         3693    .bss                c_w.l(libspace.o)
    0x20000180        -       0x00000200   Zero   RW         3126    HEAP                startup_stm32f10x_md.o
    0x20000380        -       0x00000400   Zero   RW         3125    STACK               startup_stm32f10x_md.o


==============================================================================

Image component sizes


      Code (inc. data)   RO Data    RW Data    ZI Data      Debug   Object Name

       124         34          0          0          0        952   board.o
        70          0          0          0          0        954   delay.o
       306         16          0          4          0       1781   encoder.o
       416        108          0         25         24       2828   main.o
       132         22          0          0          0     252839   misc.o
        20          0          0          0          0       1447   pid.o
        64         26        236          0       1536        828   startup_stm32f10x_md.o
         0          0          0          0          0       1676   stm32f10x_adc.o
       286          0          0          0          0      11288   stm32f10x_gpio.o
        26          0          0          0          0       3882   stm32f10x_it.o
       340         44          0         20          0      14180   stm32f10x_rcc.o
      1172        150          0          0          0      32308   stm32f10x_tim.o
       628         28          0          0          0      13230   stm32f10x_usart.o
       328         28          0          0          0       1889   system_stm32f10x.o
       160         14          0          1          0       1223   tim.o
      1100        180          0         16        192       7516   uart.o

    ----------------------------------------------------------------------
      5182        650        268         72       1752     348821   Object Totals
         0          0         32          0          0          0   (incl. Generated)
        10          0          0          6          0          0   (incl. Padding)

    ----------------------------------------------------------------------

      Code (inc. data)   RO Data    RW Data    ZI Data      Debug   Library Member Name

         8          0          0          0          0         68   __main.o
       104          0          0          0          0         84   __printf.o
        14          0          0          0          0         68   __printf_wp.o
         0          0          0          0          0          0   __rtentry.o
        12          0          0          0          0          0   __rtentry2.o
         6          0          0          0          0          0   __rtentry4.o
        52          8          0          0          0          0   __scatter.o
        26          0          0          0          0          0   __scatter_copy.o
        28          0          0          0          0          0   __scatter_zi.o
        28          0          0          0          0         68   _chval.o
        44          0          0          0          0        108   _printf_char.o
        48          6          0          0          0         96   _printf_char_common.o
        36          4          0          0          0         80   _printf_char_file.o
         6          0          0          0          0          0   _printf_d.o
       120         16          0          0          0         92   _printf_dec.o
       178          0          0          0          0         88   _printf_intcommon.o
         0          0          0          0          0          0   _printf_percent.o
         4          0          0          0          0          0   _printf_percent_end.o
         6          0          0          0          0          0   _printf_s.o
        82          0          0          0          0         80   _printf_str.o
        22          0          0          0          0        100   _rserrno.o
        64          0          0          0          0         84   _sgetc.o
        10          0          0          0          0         68   _sputc.o
       228          4        148          0          0         96   bigflt0.o
      1924        136          0          0          0        756   btod.o
        18          0          0          0          0         80   exit.o
         8          0          0          0          0         68   ferror.o
         6          0          0          0          0        152   heapauxi.o
        18          0          0          0          0         76   isspace.o
        44         10        272          0          0         76   lc_ctype_c.o
        44         10         28          0          0         76   lc_numeric_c.o
         2          0          0          0          0          0   libinit.o
        30          0          0          0          0          0   libinit2.o
         2          0          0          0          0          0   libshutdown.o
         2          0          0          0          0          0   libshutdown2.o
         8          4          0          0         96         68   libspace.o
        38          0          0          0          0         68   llshl.o
        24          4          0          0          0         84   noretval__2printf.o
        40          6          0          0          0         84   noretval__2sprintf.o
        16          4          0          0          0         76   rt_ctype_table.o
         8          4          0          0          0         68   rt_errno_addr_intlibspace.o
         8          4          0          0          0         68   rt_locale_intlibspace.o
        68          0          0          0          0         68   rt_memclr.o
        78          0          0          0          0         80   rt_memclr_w.o
         2          0          0          0          0          0   rtexit.o
        10          0          0          0          0          0   rtexit2.o
      1272         16          0          0          0        168   scanf_fp.o
       800         14          0          0          0        100   scanf_hexfp.o
       308         16          0          0          0        100   scanf_infnan.o
        20          0          0          0          0         68   strchr.o
       128          0          0          0          0         68   strcmpv7m.o
       150          0          0          0          0         80   strncmp.o
       164         14          0          0          0        120   strtod.o
        74          0          0          0          0         80   sys_stackheap_outer.o
         2          0          0          0          0         68   use_no_semi.o
         2          0          0          0          0         68   use_no_semi_2.o
        98          4          0          0          0         92   d2f.o
        16          4          0          0          0         68   dcheck1.o
        24          0          0          0          0         68   dcmpi.o
       120          4          0          0          0         92   deqf.o
       120          4          0          0          0         92   dleqf.o
       156          4          0          0          0         92   dnaninf.o
       108          0          0          0          0         80   drleqf.o
       430          8          0          0          0        168   faddsub_clz.o
        24          0          0          0          0         68   fcmpi.o
       388         76          0          0          0         96   fdiv.o
       104          4          0          0          0         84   feqf.o
        54          4          0          0          0         84   ffix.o
        48          0          0          0          0         68   fflt_clz.o
       140          4          0          0          0         84   fnaninf.o
         0          0         16          0          0          0   fpconst.o
        10          0          0          0          0         68   fretinf.o
         6          0          0          0          0         68   istatus.o
       100          0          0          0          0         68   retnan.o
        92          0          0          0          0         68   scalbn.o
         4          0          0          0          0         68   scanf1.o
         8          0          0          0          0         84   scanf2.o
        48          0          0          0          0         68   trapv.o
         0          0          0          0          0          0   usenofp.o
        42          0          0          0          0         84   atof.o
        30          6          0          0          0        136   dunder.o
        88          8          0          0          0         76   frexp.o
       138          0          0          0          0        160   ldexp.o
       204          4          0          0          0        168   narrow.o

    ----------------------------------------------------------------------
      9074        416        464          0         96       6400   Library Totals
        30          2          0          0          0          0   (incl. Padding)

    ----------------------------------------------------------------------

      Code (inc. data)   RO Data    RW Data    ZI Data      Debug   Library Name

      6444        280        448          0         96       4048   c_w.l
      2098        116         16          0          0       1728   fz_ws.l
       502         18          0          0          0        624   m_ws.l

    ----------------------------------------------------------------------
      9074        416        464          0         96       6400   Library Totals

    ----------------------------------------------------------------------

==============================================================================


      Code (inc. data)   RO Data    RW Data    ZI Data      Debug   

     14256       1066        732         72       1848     347885   Grand Totals
     14256       1066        732         72       1848     347885   ELF Image Totals
     14256       1066        732         72          0          0   ROM Totals

==============================================================================

    Total RO  Size (Code + RO Data)                14988 (  14.64kB)
    Total RW  Size (RW Data + ZI Data)              1920 (   1.88kB)
    Total ROM Size (Code + RO Data + RW Data)      15060 (  14.71kB)

==============================================================================

