Component: ARM Compiler 5.06 update 5 (build 528) Tool: armlink [4d35e2]

==============================================================================

Section Cross References

    stm32f10x_adc.o(i.ADC_DeInit) refers to stm32f10x_rcc.o(i.RCC_APB2PeriphResetCmd) for RCC_APB2PeriphResetCmd
    stm32f10x_bkp.o(i.BKP_DeInit) refers to stm32f10x_rcc.o(i.RCC_BackupResetCmd) for RCC_BackupResetCmd
    stm32f10x_can.o(i.CAN_DeInit) refers to stm32f10x_rcc.o(i.RCC_APB1PeriphResetCmd) for RCC_APB1PeriphResetCmd
    stm32f10x_can.o(i.CAN_GetITStatus) refers to stm32f10x_can.o(i.CheckITStatus) for CheckITStatus
    stm32f10x_cec.o(i.CEC_DeInit) refers to stm32f10x_rcc.o(i.RCC_APB1PeriphResetCmd) for RCC_APB1PeriphResetCmd
    stm32f10x_dac.o(i.DAC_DeInit) refers to stm32f10x_rcc.o(i.RCC_APB1PeriphResetCmd) for RCC_APB1PeriphResetCmd
    stm32f10x_flash.o(i.FLASH_EnableWriteProtection) refers to stm32f10x_flash.o(i.FLASH_WaitForLastOperation) for FLASH_WaitForLastOperation
    stm32f10x_flash.o(i.FLASH_EraseAllBank1Pages) refers to stm32f10x_flash.o(i.FLASH_WaitForLastBank1Operation) for FLASH_WaitForLastBank1Operation
    stm32f10x_flash.o(i.FLASH_EraseAllPages) refers to stm32f10x_flash.o(i.FLASH_WaitForLastOperation) for FLASH_WaitForLastOperation
    stm32f10x_flash.o(i.FLASH_EraseOptionBytes) refers to stm32f10x_flash.o(i.FLASH_GetReadOutProtectionStatus) for FLASH_GetReadOutProtectionStatus
    stm32f10x_flash.o(i.FLASH_EraseOptionBytes) refers to stm32f10x_flash.o(i.FLASH_WaitForLastOperation) for FLASH_WaitForLastOperation
    stm32f10x_flash.o(i.FLASH_ErasePage) refers to stm32f10x_flash.o(i.FLASH_WaitForLastOperation) for FLASH_WaitForLastOperation
    stm32f10x_flash.o(i.FLASH_ProgramHalfWord) refers to stm32f10x_flash.o(i.FLASH_WaitForLastOperation) for FLASH_WaitForLastOperation
    stm32f10x_flash.o(i.FLASH_ProgramOptionByteData) refers to stm32f10x_flash.o(i.FLASH_WaitForLastOperation) for FLASH_WaitForLastOperation
    stm32f10x_flash.o(i.FLASH_ProgramWord) refers to stm32f10x_flash.o(i.FLASH_WaitForLastOperation) for FLASH_WaitForLastOperation
    stm32f10x_flash.o(i.FLASH_ReadOutProtection) refers to stm32f10x_flash.o(i.FLASH_WaitForLastOperation) for FLASH_WaitForLastOperation
    stm32f10x_flash.o(i.FLASH_UserOptionByteConfig) refers to stm32f10x_flash.o(i.FLASH_WaitForLastOperation) for FLASH_WaitForLastOperation
    stm32f10x_flash.o(i.FLASH_WaitForLastBank1Operation) refers to stm32f10x_flash.o(i.FLASH_GetBank1Status) for FLASH_GetBank1Status
    stm32f10x_flash.o(i.FLASH_WaitForLastOperation) refers to stm32f10x_flash.o(i.FLASH_GetBank1Status) for FLASH_GetBank1Status
    stm32f10x_gpio.o(i.GPIO_AFIODeInit) refers to stm32f10x_rcc.o(i.RCC_APB2PeriphResetCmd) for RCC_APB2PeriphResetCmd
    stm32f10x_gpio.o(i.GPIO_DeInit) refers to stm32f10x_rcc.o(i.RCC_APB2PeriphResetCmd) for RCC_APB2PeriphResetCmd
    stm32f10x_i2c.o(i.I2C_DeInit) refers to stm32f10x_rcc.o(i.RCC_APB1PeriphResetCmd) for RCC_APB1PeriphResetCmd
    stm32f10x_i2c.o(i.I2C_Init) refers to stm32f10x_rcc.o(i.RCC_GetClocksFreq) for RCC_GetClocksFreq
    stm32f10x_pwr.o(i.PWR_DeInit) refers to stm32f10x_rcc.o(i.RCC_APB1PeriphResetCmd) for RCC_APB1PeriphResetCmd
    stm32f10x_rcc.o(i.RCC_GetClocksFreq) refers to stm32f10x_rcc.o(.data) for APBAHBPrescTable
    stm32f10x_rcc.o(i.RCC_WaitForHSEStartUp) refers to stm32f10x_rcc.o(i.RCC_GetFlagStatus) for RCC_GetFlagStatus
    stm32f10x_rtc.o(i.RTC_SetAlarm) refers to stm32f10x_rtc.o(i.RTC_EnterConfigMode) for RTC_EnterConfigMode
    stm32f10x_rtc.o(i.RTC_SetAlarm) refers to stm32f10x_rtc.o(i.RTC_ExitConfigMode) for RTC_ExitConfigMode
    stm32f10x_rtc.o(i.RTC_SetCounter) refers to stm32f10x_rtc.o(i.RTC_EnterConfigMode) for RTC_EnterConfigMode
    stm32f10x_rtc.o(i.RTC_SetCounter) refers to stm32f10x_rtc.o(i.RTC_ExitConfigMode) for RTC_ExitConfigMode
    stm32f10x_rtc.o(i.RTC_SetPrescaler) refers to stm32f10x_rtc.o(i.RTC_EnterConfigMode) for RTC_EnterConfigMode
    stm32f10x_rtc.o(i.RTC_SetPrescaler) refers to stm32f10x_rtc.o(i.RTC_ExitConfigMode) for RTC_ExitConfigMode
    stm32f10x_spi.o(i.I2S_Init) refers to stm32f10x_rcc.o(i.RCC_GetClocksFreq) for RCC_GetClocksFreq
    stm32f10x_spi.o(i.SPI_I2S_DeInit) refers to stm32f10x_rcc.o(i.RCC_APB2PeriphResetCmd) for RCC_APB2PeriphResetCmd
    stm32f10x_spi.o(i.SPI_I2S_DeInit) refers to stm32f10x_rcc.o(i.RCC_APB1PeriphResetCmd) for RCC_APB1PeriphResetCmd
    stm32f10x_tim.o(i.TIM_DeInit) refers to stm32f10x_rcc.o(i.RCC_APB2PeriphResetCmd) for RCC_APB2PeriphResetCmd
    stm32f10x_tim.o(i.TIM_DeInit) refers to stm32f10x_rcc.o(i.RCC_APB1PeriphResetCmd) for RCC_APB1PeriphResetCmd
    stm32f10x_tim.o(i.TIM_ETRClockMode1Config) refers to stm32f10x_tim.o(i.TIM_ETRConfig) for TIM_ETRConfig
    stm32f10x_tim.o(i.TIM_ETRClockMode2Config) refers to stm32f10x_tim.o(i.TIM_ETRConfig) for TIM_ETRConfig
    stm32f10x_tim.o(i.TIM_ICInit) refers to stm32f10x_tim.o(i.TI1_Config) for TI1_Config
[...]
    .ARM.Collect$$_printf_percent$$00000017  0x0800016c   Section        4  _printf_percent_end.o(.ARM.Collect$$_printf_percent$$00000017)
    .ARM.Collect$$libinit$$00000000          0x08000170   Section        2  libinit.o(.ARM.Collect$$libinit$$00000000)
    .ARM.Collect$$libinit$$00000002          0x08000172   Section        0  libinit2.o(.ARM.Collect$$libinit$$00000002)
    .ARM.Collect$$libinit$$00000004          0x08000172   Section        0  libinit2.o(.ARM.Collect$$libinit$$00000004)
    .ARM.Collect$$libinit$$0000000A          0x08000172   Section        0  libinit2.o(.ARM.Collect$$libinit$$0000000A)
    .ARM.Collect$$libinit$$0000000C          0x08000172   Section        0  libinit2.o(.ARM.Collect$$libinit$$0000000C)
    .ARM.Collect$$libinit$$0000000E          0x08000172   Section        0  libinit2.o(.ARM.Collect$$libinit$$0000000E)
    .ARM.Collect$$libinit$$0000000F          0x08000172   Section        6  libinit2.o(.ARM.Collect$$libinit$$0000000F)
    .ARM.Collect$$libinit$$00000011          0x08000178   Section        0  libinit2.o(.ARM.Collect$$libinit$$00000011)
    .ARM.Collect$$libinit$$00000012          0x08000178   Section       12  libinit2.o(.ARM.Collect$$libinit$$00000012)
    .ARM.Collect$$libinit$$00000013          0x08000184   Section        0  libinit2.o(.ARM.Collect$$libinit$$00000013)
    .ARM.Collect$$libinit$$00000015          0x08000184   Section        0  libinit2.o(.ARM.Collect$$libinit$$00000015)
    .ARM.Collect$$libinit$$00000016          0x08000184   Section       10  libinit2.o(.ARM.Collect$$libinit$$00000016)
    .ARM.Collect$$libinit$$00000017          0x0800018e   Section        0  libinit2.o(.ARM.Collect$$libinit$$00000017)
    .ARM.Collect$$libinit$$00000019          0x0800018e   Section        0  libinit2.o(.ARM.Collect$$libinit$$00000019)
    .ARM.Collect$$libinit$$0000001B          0x0800018e   Section        0  libinit2.o(.ARM.Collect$$libinit$$0000001B)
    .ARM.Collect$$libinit$$0000001D          0x0800018e   Section        0  libinit2.o(.ARM.Collect$$libinit$$0000001D)
    .ARM.Collect$$libinit$$0000001F          0x0800018e   Section        0  libinit2.o(.ARM.Collect$$libinit$$0000001F)
    .ARM.Collect$$libinit$$00000021          0x0800018e   Section        0  libinit2.o(.ARM.Collect$$libinit$$00000021)
    .ARM.Collect$$libinit$$00000023          0x0800018e   Section        0  libinit2.o(.ARM.Collect$$libinit$$00000023)
    .ARM.Collect$$libinit$$00000025          0x0800018e   Section        0  libinit2.o(.ARM.Collect$$libinit$$00000025)
    .ARM.Collect$$libinit$$0000002C          0x0800018e   Section        0  libinit2.o(.ARM.Collect$$libinit$$0000002C)
    .ARM.Collect$$libinit$$0000002E          0x0800018e   Section        0  libinit2.o(.ARM.Collect$$libinit$$0000002E)
    .ARM.Collect$$libinit$$00000030          0x0800018e   Section        0  libinit2.o(.ARM.Collect$$libinit$$00000030)
    .ARM.Collect$$libinit$$00000032          0x0800018e   Section        0  libinit2.o(.ARM.Collect$$libinit$$00000032)
    .ARM.Collect$$libinit$$00000033          0x0800018e   Section        2  libinit2.o(.ARM.Collect$$libinit$$00000033)
    .ARM.Collect$$libshutdown$$00000000      0x08000190   Section        2  libshutdown.o(.ARM.Collect$$libshutdown$$00000000)
    .ARM.Collect$$libshutdown$$00000002      0x08000192   Section        0  libshutdown2.o(.ARM.Collect$$libshutdown$$00000002)
    .ARM.Collect$$libshutdown$$00000004      0x08000192   Section        0  libshutdown2.o(.ARM.Collect$$libshutdown$$00000004)
    .ARM.Collect$$libshutdown$$00000007      0x08000192   Section        0  libshutdown2.o(.ARM.Collect$$libshutdown$$00000007)
    .ARM.Collect$$libshutdown$$0000000A      0x08000192   Section        0  libshutdown2.o(.ARM.Collect$$libshutdown$$0000000A)
    .ARM.Collect$$libshutdown$$0000000C      0x08000192   Section        0  libshutdown2.o(.ARM.Collect$$libshutdown$$0000000C)
    .ARM.Collect$$libshutdown$$0000000F      0x08000192   Section        0  libshutdown2.o(.ARM.Collect$$libshutdown$$0000000F)
    .ARM.Collect$$libshutdown$$00000010      0x08000192   Section        2  libshutdown2.o(.ARM.Collect$$libshutdown$$00000010)
    .ARM.Collect$$rtentry$$00000000          0x08000194   Section        0  __rtentry.o(.ARM.Collect$$rtentry$$00000000)
    .ARM.Collect$$rtentry$$00000002          0x08000194   Section        0  __rtentry2.o(.ARM.Collect$$rtentry$$00000002)
    .ARM.Collect$$rtentry$$00000004          0x08000194   Section        6  __rtentry4.o(.ARM.Collect$$rtentry$$00000004)
    .ARM.Collect$$rtentry$$00000009          0x0800019a   Section        0  __rtentry2.o(.ARM.Collect$$rtentry$$00000009)
    .ARM.Collect$$rtentry$$0000000A          0x0800019a   Section        4  __rtentry2.o(.ARM.Collect$$rtentry$$0000000A)
    .ARM.Collect$$rtentry$$0000000C          0x0800019e   Section        0  __rtentry2.o(.ARM.Collect$$rtentry$$0000000C)
    .ARM.Collect$$rtentry$$0000000D          0x0800019e   Section        8  __rtentry2.o(.ARM.Collect$$rtentry$$0000000D)
    .ARM.Collect$$rtexit$$00000000           0x080001a6   Section        2  rtexit.o(.ARM.Collect$$rtexit$$00000000)
    .ARM.Collect$$rtexit$$00000002           0x080001a8   Section        0  rtexit2.o(.ARM.Collect$$rtexit$$00000002)
    .ARM.Collect$$rtexit$$00000003           0x080001a8   Section        4  rtexit2.o(.ARM.Collect$$rtexit$$00000003)
    .ARM.Collect$$rtexit$$00000004           0x080001ac   Section        6  rtexit2.o(.ARM.Collect$$rtexit$$00000004)
    .text                                    0x080001b4   Section       64  startup_stm32f10x_md.o(.text)
    .text                                    0x080001f4   Section        2  use_no_semi_2.o(.text)
    .text                                    0x080001f8   Section        0  noretval__2printf.o(.text)
    .text                                    0x08000210   Section        0  _printf_dec.o(.text)
    .text                                    0x08000288   Section        0  __printf_wp.o(.text)
    .text                                    0x08000396   Section        0  strchr.o(.text)
    .text                                    0x080003aa   Section        0  strncmp.o(.text)
    .text                                    0x08000440   Section       68  rt_memclr.o(.text)
    .text                                    0x08000484   Section        0  heapauxi.o(.text)
    .text                                    0x0800048a   Section        2  use_no_semi.o(.text)
    .text                                    0x0800048c   Section        0  _rserrno.o(.text)
    .text                                    0x080004a2   Section        0  _printf_intcommon.o(.text)
    .text                                    0x08000554   Section        0  _printf_fp_dec.o(.text)
    _fp_digits                               0x08000557   Thumb Code   432  _printf_fp_dec.o(.text)
    .text                                    0x08000974   Section        0  _printf_char_file.o(.text)
    .text                                    0x08000998   Section        0  strtod.o(.text)
    _local_sscanf                            0x08000999   Thumb Code    60  strtod.o(.text)
    .text                                    0x08000a3c   Section       78  rt_memclr_w.o(.text)
    .text                                    0x08000a8c   Section        8  rt_locale_intlibspace.o(.text)
    .text                                    0x08000a94   Section        8  rt_errno_addr_intlibspace.o(.text)
    .text                                    0x08000a9c   Section      138  lludiv10.o(.text)
    .text                                    0x08000b26   Section        0  isspace.o(.text)
    .text                                    0x08000b38   Section        0  _printf_char_common.o(.text)
    _printf_input_char                       0x08000b39   Thumb Code    10  _printf_char_common.o(.text)
    .text                                    0x08000b68   Section        0  _printf_fp_infnan.o(.text)
    .text                                    0x08000be8   Section        0  _sgetc.o(.text)
    .text                                    0x08000c28   Section        0  bigflt0.o(.text)
    .text                                    0x08000d0c   Section        0  ferror.o(.text)
    .text                                    0x08000d14   Section        8  libspace.o(.text)
    .text                                    0x08000d1c   Section       74  sys_stackheap_outer.o(.text)
    .text                                    0x08000d68   Section       16  rt_ctype_table.o(.text)
    .text                                    0x08000d78   Section        0  scanf_fp.o(.text)
    _fp_value                                0x08000d79   Thumb Code   588  scanf_fp.o(.text)
    .text                                    0x08001270   Section        0  exit.o(.text)
    .text                                    0x08001284   Section      128  strcmpv7m.o(.text)
    .text                                    0x08001304   Section        0  scanf_hexfp.o(.text)
    .text                                    0x08001624   Section        0  scanf_infnan.o(.text)
    .text                                    0x08001758   Section       38  llshl.o(.text)
    .text                                    0x0800177e   Section        0  _chval.o(.text)
    CL$$btod_d2e                             0x0800179a   Section       62  btod.o(CL$$btod_d2e)
    CL$$btod_d2e_denorm_low                  0x080017d8   Section       70  btod.o(CL$$btod_d2e_denorm_low)
    CL$$btod_d2e_norm_op1                    0x0800181e   Section       96  btod.o(CL$$btod_d2e_norm_op1)
    CL$$btod_div_common                      0x0800187e   Section      824  btod.o(CL$$btod_div_common)
    CL$$btod_e2d                             0x08001bb8   Section      132  btod.o(CL$$btod_e2d)
    CL$$btod_e2e                             0x08001c3c   Section      220  btod.o(CL$$btod_e2e)
    CL$$btod_ediv                            0x08001d18   Section       42  btod.o(CL$$btod_ediv)
    CL$$btod_edivd                           0x08001d42   Section       42  btod.o(CL$$btod_edivd)
    CL$$btod_emul                            0x08001d6c   Section       42  btod.o(CL$$btod_emul)
    CL$$btod_emuld                           0x08001d96   Section       42  btod.o(CL$$btod_emuld)
    CL$$btod_mult_common                     0x08001dc0   Section      580  btod.o(CL$$btod_mult_common)
    i.BusFault_Handler                       0x08002004   Section        0  stm32f10x_it.o(i.BusFault_Handler)
    i.DebugMon_Handler                       0x08002008   Section        0  stm32f10x_it.o(i.DebugMon_Handler)
    i.Encoder_CalcPositionAndSpeed           0x0800200c   Section        0  encoder.o(i.Encoder_CalcPositionAndSpeed)
    i.Encoder_Init                           0x0800208c   Section        0  encoder.o(i.Encoder_Init)
    i.Encoder_Read                           0x0800212c   Section        0  encoder.o(i.Encoder_Read)
    i.GPIO_Init                              0x0800213e   Section        0  stm32f10x_gpio.o(i.GPIO_Init)
    i.GPIO_ResetBits                         0x08002254   Section        0  stm32f10x_gpio.o(i.GPIO_ResetBits)
    i.GPIO_SetBits                           0x08002258   Section        0  stm32f10x_gpio.o(i.GPIO_SetBits)
    i.HardFault_Handler                      0x0800225c   Section        0  stm32f10x_it.o(i.HardFault_Handler)
    i.MemManage_Handler                      0x08002260   Section        0  stm32f10x_it.o(i.MemManage_Handler)
    i.NMI_Handler                            0x08002264   Section        0  stm32f10x_it.o(i.NMI_Handler)
    i.NVIC_Init                              0x08002268   Section        0  misc.o(i.NVIC_Init)
    i.NVIC_PriorityGroupConfig               0x080022d8   Section        0  misc.o(i.NVIC_PriorityGroupConfig)
    i.PID_Init                               0x080022ec   Section        0  pid.o(i.PID_Init)
    i.PendSV_Handler                         0x08002300   Section        0  stm32f10x_it.o(i.PendSV_Handler)
    i.RCC_APB1PeriphClockCmd                 0x08002304   Section        0  stm32f10x_rcc.o(i.RCC_APB1PeriphClockCmd)
    i.RCC_APB1PeriphResetCmd                 0x08002324   Section        0  stm32f10x_rcc.o(i.RCC_APB1PeriphResetCmd)
    i.RCC_APB2PeriphClockCmd                 0x08002344   Section        0  stm32f10x_rcc.o(i.RCC_APB2PeriphClockCmd)
    i.RCC_APB2PeriphResetCmd                 0x08002364   Section        0  stm32f10x_rcc.o(i.RCC_APB2PeriphResetCmd)
    i.RCC_GetClocksFreq                      0x08002384   Section        0  stm32f10x_rcc.o(i.RCC_GetClocksFreq)
    i.SVC_Handler                            0x08002458   Section        0  stm32f10x_it.o(i.SVC_Handler)
    i.SetSysClock                            0x0800245a   Section        0  system_stm32f10x.o(i.SetSysClock)
    SetSysClock                              0x0800245b   Thumb Code     8  system_stm32f10x.o(i.SetSysClock)
    i.SetSysClockTo72                        0x08002464   Section        0  system_stm32f10x.o(i.SetSysClockTo72)
    SetSysClockTo72                          0x08002465   Thumb Code   214  system_stm32f10x.o(i.SetSysClockTo72)
    i.SysTick_Handler                        0x08002544   Section        0  stm32f10x_it.o(i.SysTick_Handler)
    i.SystemInit                             0x08002548   Section        0  system_stm32f10x.o(i.SystemInit)
    i.TI1_Config                             0x080025a8   Section        0  stm32f10x_tim.o(i.TI1_Config)
    TI1_Config                               0x080025a9   Thumb Code   108  stm32f10x_tim.o(i.TI1_Config)
    i.TI2_Config                             0x08002628   Section        0  stm32f10x_tim.o(i.TI2_Config)
    TI2_Config                               0x08002629   Thumb Code   130  stm32f10x_tim.o(i.TI2_Config)
    i.TI3_Config                             0x080026c0   Section        0  stm32f10x_tim.o(i.TI3_Config)
    TI3_Config                               0x080026c1   Thumb Code   122  stm32f10x_tim.o(i.TI3_Config)
    i.TI4_Config                             0x08002750   Section        0  stm32f10x_tim.o(i.TI4_Config)
    TI4_Config                               0x08002751   Thumb Code   130  stm32f10x_tim.o(i.TI4_Config)
    i.TIM3_IRQHandler                        0x080027e8   Section        0  tim.o(i.TIM3_IRQHandler)
    i.TIM_ClearFlag                          0x0800280c   Section        0  stm32f10x_tim.o(i.TIM_ClearFlag)
    i.TIM_ClearITPendingBit                  0x08002812   Section        0  stm32f10x_tim.o(i.TIM_ClearITPendingBit)
    i.TIM_Cmd                                0x08002818   Section        0  stm32f10x_tim.o(i.TIM_Cmd)
    i.TIM_EncoderInterfaceConfig             0x08002830   Section        0  stm32f10x_tim.o(i.TIM_EncoderInterfaceConfig)
    i.TIM_GetFlagStatus                      0x08002872   Section        0  stm32f10x_tim.o(i.TIM_GetFlagStatus)
    i.TIM_ICInit                             0x08002884   Section        0  stm32f10x_tim.o(i.TIM_ICInit)
    i.TIM_ICStructInit                       0x08002930   Section        0  stm32f10x_tim.o(i.TIM_ICStructInit)
    i.TIM_ITConfig                           0x08002942   Section        0  stm32f10x_tim.o(i.TIM_ITConfig)
    i.TIM_InternalClockConfig                0x08002954   Section        0  stm32f10x_tim.o(i.TIM_InternalClockConfig)
    i.TIM_SetCounter                         0x08002960   Section        0  stm32f10x_tim.o(i.TIM_SetCounter)
    i.TIM_SetIC1Prescaler                    0x08002964   Section        0  stm32f10x_tim.o(i.TIM_SetIC1Prescaler)
    i.TIM_SetIC2Prescaler                    0x08002976   Section        0  stm32f10x_tim.o(i.TIM_SetIC2Prescaler)
    i.TIM_SetIC3Prescaler                    0x08002990   Section        0  stm32f10x_tim.o(i.TIM_SetIC3Prescaler)
    i.TIM_SetIC4Prescaler                    0x080029a2   Section        0  stm32f10x_tim.o(i.TIM_SetIC4Prescaler)
    i.TIM_TimeBaseInit                       0x080029bc   Section        0  stm32f10x_tim.o(i.TIM_TimeBaseInit)
    i.Timer_Init                             0x08002a60   Section        0  tim.o(i.Timer_Init)
    i.UART1_Init                             0x08002adc   Section        0  uart.o(i.UART1_Init)
    i.USART1_IRQHandler                      0x08002b84   Section        0  uart.o(i.USART1_IRQHandler)
    i.USART_ClearITPendingBit                0x08002d94   Section        0  stm32f10x_usart.o(i.USART_ClearITPendingBit)
    i.USART_Cmd                              0x08002db2   Section        0  stm32f10x_usart.o(i.USART_Cmd)
    i.USART_DeInit                           0x08002dcc   Section        0  stm32f10x_usart.o(i.USART_DeInit)
    i.USART_GetITStatus                      0x08002e68   Section        0  stm32f10x_usart.o(i.USART_GetITStatus)
    i.USART_ITConfig                         0x08002ebc   Section        0  stm32f10x_usart.o(i.USART_ITConfig)
    i.USART_Init                             0x08002f08   Section        0  stm32f10x_usart.o(i.USART_Init)
    i.USART_ReceiveData                      0x08002fe0   Section        0  stm32f10x_usart.o(i.USART_ReceiveData)
    i.UsageFault_Handler                     0x08002fea   Section        0  stm32f10x_it.o(i.UsageFault_Handler)
    i.__ARM_fpclassify                       0x08002fee   Section        0  fpclassify.o(i.__ARM_fpclassify)
    i.__mathlib_dbl_overflow                 0x08003016   Section        0  dunder.o(i.__mathlib_dbl_overflow)
    i.__mathlib_dbl_underflow                0x08003024   Section        0  dunder.o(i.__mathlib_dbl_underflow)
    i.__mathlib_narrow                       0x08003034   Section        0  narrow.o(i.__mathlib_narrow)
    i.__mathlib_tofloat                      0x08003044   Section        0  narrow.o(i.__mathlib_tofloat)
    i.__support_ldexp                        0x08003100   Section        0  ldexp.o(i.__support_ldexp)
    i._is_digit                              0x08003116   Section        0  __printf_wp.o(i._is_digit)
    i._sys_exit                              0x08003124   Section        0  uart.o(i._sys_exit)
    i.atof                                   0x08003128   Section        0  atof.o(i.atof)
    i.board_init                             0x08003154   Section        0  board.o(i.board_init)
    i.fputc                                  0x0800319c   Section        0  uart.o(i.fputc)
    i.frexp                                  0x080031b8   Section        0  frexp.o(i.frexp)
    i.ldexp                                  0x08003210   Section        0  ldexp.o(i.ldexp)
    i.main                                   0x08003284   Section        0  main.o(i.main)
    i.theGPIO_Init                           0x080033f0   Section        0  board.o(i.theGPIO_Init)
    locale$$code                             0x08003418   Section       44  lc_numeric_c.o(locale$$code)
    locale$$code                             0x08003444   Section       44  lc_ctype_c.o(locale$$code)
    x$fpl$d2f                                0x08003470   Section       98  d2f.o(x$fpl$d2f)
    x$fpl$dcheck1                            0x080034d4   Section       16  dcheck1.o(x$fpl$dcheck1)
    x$fpl$dcmpinf                            0x080034e4   Section       24  dcmpi.o(x$fpl$dcmpinf)
    x$fpl$deqf                               0x080034fc   Section      120  deqf.o(x$fpl$deqf)
    x$fpl$dleqf                              0x08003574   Section      120  dleqf.o(x$fpl$dleqf)
    x$fpl$dnaninf                            0x080035ec   Section      156  dnaninf.o(x$fpl$dnaninf)
    x$fpl$dretinf                            0x08003688   Section       12  dretinf.o(x$fpl$dretinf)
    x$fpl$drleqf                             0x08003694   Section      108  drleqf.o(x$fpl$drleqf)
    x$fpl$f2d                                0x08003700   Section       86  f2d.o(x$fpl$f2d)
    x$fpl$fadd                               0x08003758   Section      196  faddsub_clz.o(x$fpl$fadd)
    _fadd1                                   0x08003767   Thumb Code     0  faddsub_clz.o(x$fpl$fadd)
    x$fpl$fcmpinf                            0x0800381c   Section       24  fcmpi.o(x$fpl$fcmpinf)
    x$fpl$fdiv                               0x08003834   Section      388  fdiv.o(x$fpl$fdiv)
    _fdiv1                                   0x08003835   Thumb Code     0  fdiv.o(x$fpl$fdiv)
    x$fpl$feqf                               0x080039b8   Section      104  feqf.o(x$fpl$feqf)
    x$fpl$ffix                               0x08003a20   Section       54  ffix.o(x$fpl$ffix)
    x$fpl$fflt                               0x08003a58   Section       48  fflt_clz.o(x$fpl$fflt)
    x$fpl$fnaninf                            0x08003a88   Section      140  fnaninf.o(x$fpl$fnaninf)
    x$fpl$fretinf                            0x08003b14   Section       10  fretinf.o(x$fpl$fretinf)
    x$fpl$fsub                               0x08003b20   Section      234  faddsub_clz.o(x$fpl$fsub)
    _fsub1                                   0x08003b2f   Thumb Code     0  faddsub_clz.o(x$fpl$fsub)
    x$fpl$ieeestatus                         0x08003c0a   Section        6  istatus.o(x$fpl$ieeestatus)
    x$fpl$printf1                            0x08003c10   Section        4  printf1.o(x$fpl$printf1)
    x$fpl$retnan                             0x08003c14   Section      100  retnan.o(x$fpl$retnan)
    x$fpl$scalbn                             0x08003c78   Section       92  scalbn.o(x$fpl$scalbn)
    x$fpl$scanf1                             0x08003cd4   Section        4  scanf1.o(x$fpl$scanf1)
    x$fpl$scanf2                             0x08003cd8   Section        8  scanf2.o(x$fpl$scanf2)
    x$fpl$trapveneer                         0x08003ce0   Section       48  trapv.o(x$fpl$trapveneer)
    .constdata                               0x08003d10   Section      148  bigflt0.o(.constdata)
    x$fpl$usenofp                            0x08003d10   Section        0  usenofp.o(x$fpl$usenofp)
    tenpwrs_x                                0x08003d10   Data          60  bigflt0.o(.constdata)
    tenpwrs_i                                0x08003d4c   Data          64  bigflt0.o(.constdata)
    .conststring                             0x08003da4   Section       76  main.o(.conststring)
    c$$dinf                                  0x08003e10   Section        8  fpconst.o(c$$dinf)
    c$$dmax                                  0x08003e18   Section        8  fpconst.o(c$$dmax)
    locale$$data                             0x08003e20   Section       28  lc_numeric_c.o(locale$$data)
    __lcnum_c_name                           0x08003e24   Data           2  lc_numeric_c.o(locale$$data)
    __lcnum_c_start                          0x08003e2c   Data           0  lc_numeric_c.o(locale$$data)
    __lcnum_c_point                          0x08003e38   Data           0  lc_numeric_c.o(locale$$data)
    __lcnum_c_thousands                      0x08003e3a   Data           0  lc_numeric_c.o(locale$$data)
    __lcnum_c_grouping                       0x08003e3b   Data           0  lc_numeric_c.o(locale$$data)
    locale$$data                             0x08003e3c   Section      272  lc_ctype_c.o(locale$$data)
    __lcnum_c_end                            0x08003e3c   Data           0  lc_numeric_c.o(locale$$data)
    __lcctype_c_name                         0x08003e40   Data           2  lc_ctype_c.o(locale$$data)
    __lcctype_c_start                        0x08003e48   Data           0  lc_ctype_c.o(locale$$data)
    __lcctype_c_end                          0x08003f4c   Data           0  lc_ctype_c.o(locale$$data)
    .data                                    0x20000000   Section       20  stm32f10x_rcc.o(.data)
    APBAHBPrescTable                         0x20000000   Data          16  stm32f10x_rcc.o(.data)
    ADCPrescTable                            0x20000010   Data           4  stm32f10x_rcc.o(.data)
    .data                                    0x20000014   Section       28  main.o(.data)
    .data                                    0x20000030   Section        4  encoder.o(.data)
    total_pulses                             0x20000030   Data           4  encoder.o(.data)
    .data                                    0x20000034   Section        1  tim.o(.data)
    .data                                    0x20000038   Section       12  uart.o(.data)
    .bss                                     0x20000044   Section       24  main.o(.bss)
    .bss                                     0x2000005c   Section       50  uart.o(.bss)
    .bss                                     0x20000090   Section       96  libspace.o(.bss)
    HEAP                                     0x200000f0   Section      512  startup_stm32f10x_md.o(HEAP)
    Heap_Mem                                 0x200000f0   Data         512  startup_stm32f10x_md.o(HEAP)
    STACK                                    0x200002f0   Section     1024  startup_stm32f10x_md.o(STACK)
    Stack_Mem                                0x200002f0   Data        1024  startup_stm32f10x_md.o(STACK)
    __initial_sp                             0x200006f0   Data           0  startup_stm32f10x_md.o(STACK)

    Global Symbols

    Symbol Name                              Value     Ov Type        Size  Object(Section)

    BuildAttributes$$THM_ISAv4$P$D$K$B$S$PE$A:L22UL41UL21$X:L11$S22US41US21$IEEE1$IW$USESV6$~STKCKD$USESV7$~SHL$OTIME$ROPI$IEEEX$EBA8$UX$STANDARDLIB$REQ8$PRES8$EABIv2 0x00000000   Number         0  anon$$obj.o ABSOLUTE
    __ARM_use_no_argv                        0x00000000   Number         0  main.o ABSOLUTE
    _printf_flags                            0x00000000   Number         0  printf_stubs.o ABSOLUTE
    _printf_return_value                     0x00000000   Number         0  printf_stubs.o ABSOLUTE
    _printf_sizespec                         0x00000000   Number         0  printf_stubs.o ABSOLUTE
    _printf_widthprec                        0x00000000   Number         0  printf_stubs.o ABSOLUTE
    __ARM_exceptions_init                     - Undefined Weak Reference
    __alloca_initialize                       - Undefined Weak Reference
    __arm_preinit_                            - Undefined Weak Reference
    __cpp_initialize__aeabi_                  - Undefined Weak Reference
    __cxa_finalize                            - Undefined Weak Reference
    __sigvec_lookup                           - Undefined Weak Reference
    _atexit_init                              - Undefined Weak Reference
    _call_atexit_fns                          - Undefined Weak Reference
    _clock_init                               - Undefined Weak Reference
    _fp_trap_init                             - Undefined Weak Reference
    _fp_trap_shutdown                         - Undefined Weak Reference
    _get_lc_collate                           - Undefined Weak Reference
    _get_lc_monetary                          - Undefined Weak Reference
    _get_lc_time                              - Undefined Weak Reference
    _getenv_init                              - Undefined Weak Reference
    _handle_redirection                       - Undefined Weak Reference
    _init_alloc                               - Undefined Weak Reference
    _init_user_alloc                          - Undefined Weak Reference
    _initio                                   - Undefined Weak Reference
    _mutex_acquire                            - Undefined Weak Reference
    _mutex_release                            - Undefined Weak Reference
    _printf_post_padding                      - Undefined Weak Reference
    _printf_pre_padding                       - Undefined Weak Reference
    _printf_truncate_signed                   - Undefined Weak Reference
    _printf_truncate_unsigned                 - Undefined Weak Reference
    _rand_init                                - Undefined Weak Reference
    _signal_finish                            - Undefined Weak Reference
    _signal_init                              - Undefined Weak Reference
    _terminate_alloc                          - Undefined Weak Reference
    _terminate_user_alloc                     - Undefined Weak Reference
    _terminateio                              - Undefined Weak Reference
    __Vectors_Size                           0x000000ec   Number         0  startup_stm32f10x_md.o ABSOLUTE
    __Vectors                                0x08000000   Data           4  startup_stm32f10x_md.o(RESET)
    __Vectors_End                            0x080000ec   Data           0  startup_stm32f10x_md.o(RESET)
    __main                                   0x080000ed   Thumb Code     8  __main.o(!!!main)
    __scatterload                            0x080000f5   Thumb Code     0  __scatter.o(!!!scatter)
    __scatterload_rt2                        0x080000f5   Thumb Code    44  __scatter.o(!!!scatter)
    __scatterload_rt2_thumb_only             0x080000f5   Thumb Code     0  __scatter.o(!!!scatter)
    __scatterload_null                       0x08000103   Thumb Code     0  __scatter.o(!!!scatter)
    __scatterload_copy                       0x08000129   Thumb Code    26  __scatter_copy.o(!!handler_copy)
    __scatterload_zeroinit                   0x08000145   Thumb Code    28  __scatter_zi.o(!!handler_zi)
    _printf_f                                0x08000161   Thumb Code     0  _printf_f.o(.ARM.Collect$$_printf_percent$$00000003)
    _printf_percent                          0x08000161   Thumb Code     0  _printf_percent.o(.ARM.Collect$$_printf_percent$$00000000)
    _printf_d                                0x08000167   Thumb Code     0  _printf_d.o(.ARM.Collect$$_printf_percent$$00000009)
    _printf_percent_end                      0x0800016d   Thumb Code     0  _printf_percent_end.o(.ARM.Collect$$_printf_percent$$00000017)
    __rt_lib_init                            0x08000171   Thumb Code     0  libinit.o(.ARM.Collect$$libinit$$00000000)
    __rt_lib_init_fp_1                       0x08000173   Thumb Code     0  libinit2.o(.ARM.Collect$$libinit$$00000002)
    __rt_lib_init_heap_1                     0x08000173   Thumb Code     0  libinit2.o(.ARM.Collect$$libinit$$0000000A)
    __rt_lib_init_lc_common                  0x08000173   Thumb Code     0  libinit2.o(.ARM.Collect$$libinit$$0000000F)
    __rt_lib_init_preinit_1                  0x08000173   Thumb Code     0  libinit2.o(.ARM.Collect$$libinit$$00000004)
    __rt_lib_init_rand_1                     0x08000173   Thumb Code     0  libinit2.o(.ARM.Collect$$libinit$$0000000E)
    __rt_lib_init_user_alloc_1               0x08000173   Thumb Code     0  libinit2.o(.ARM.Collect$$libinit$$0000000C)
    __rt_lib_init_lc_collate_1               0x08000179   Thumb Code     0  libinit2.o(.ARM.Collect$$libinit$$00000011)
    __rt_lib_init_lc_ctype_2                 0x08000179   Thumb Code     0  libinit2.o(.ARM.Collect$$libinit$$00000012)
    __rt_lib_init_lc_ctype_1                 0x08000185   Thumb Code     0  libinit2.o(.ARM.Collect$$libinit$$00000013)
    __rt_lib_init_lc_monetary_1              0x08000185   Thumb Code     0  libinit2.o(.ARM.Collect$$libinit$$00000015)
    __rt_lib_init_lc_numeric_2               0x08000185   Thumb Code     0  libinit2.o(.ARM.Collect$$libinit$$00000016)
    __rt_lib_init_alloca_1                   0x0800018f   Thumb Code     0  libinit2.o(.ARM.Collect$$libinit$$0000002E)
    __rt_lib_init_argv_1                     0x0800018f   Thumb Code     0  libinit2.o(.ARM.Collect$$libinit$$0000002C)
    __rt_lib_init_atexit_1                   0x0800018f   Thumb Code     0  libinit2.o(.ARM.Collect$$libinit$$0000001B)
    __rt_lib_init_clock_1                    0x0800018f   Thumb Code     0  libinit2.o(.ARM.Collect$$libinit$$00000021)
    __rt_lib_init_cpp_1                      0x0800018f   Thumb Code     0  libinit2.o(.ARM.Collect$$libinit$$00000032)
    __rt_lib_init_exceptions_1               0x0800018f   Thumb Code     0  libinit2.o(.ARM.Collect$$libinit$$00000030)
    __rt_lib_init_fp_trap_1                  0x0800018f   Thumb Code     0  libinit2.o(.ARM.Collect$$libinit$$0000001F)
    __rt_lib_init_getenv_1                   0x0800018f   Thumb Code     0  libinit2.o(.ARM.Collect$$libinit$$00000023)
    __rt_lib_init_lc_numeric_1               0x0800018f   Thumb Code     0  libinit2.o(.ARM.Collect$$libinit$$00000017)
    __rt_lib_init_lc_time_1                  0x0800018f   Thumb Code     0  libinit2.o(.ARM.Collect$$libinit$$00000019)
    __rt_lib_init_return                     0x0800018f   Thumb Code     0  libinit2.o(.ARM.Collect$$libinit$$00000033)
    __rt_lib_init_signal_1                   0x0800018f   Thumb Code     0  libinit2.o(.ARM.Collect$$libinit$$0000001D)
    __rt_lib_init_stdio_1                    0x0800018f   Thumb Code     0  libinit2.o(.ARM.Collect$$libinit$$00000025)
    __rt_lib_shutdown                        0x08000191   Thumb Code     0  libshutdown.o(.ARM.Collect$$libshutdown$$00000000)
    __rt_lib_shutdown_cpp_1                  0x08000193   Thumb Code     0  libshutdown2.o(.ARM.Collect$$libshutdown$$00000002)
    __rt_lib_shutdown_fp_trap_1              0x08000193   Thumb Code     0  libshutdown2.o(.ARM.Collect$$libshutdown$$00000007)
    __rt_lib_shutdown_heap_1                 0x08000193   Thumb Code     0  libshutdown2.o(.ARM.Collect$$libshutdown$$0000000F)
    __rt_lib_shutdown_return                 0x08000193   Thumb Code     0  libshutdown2.o(.ARM.Collect$$libshutdown$$00000010)
    __rt_lib_shutdown_signal_1               0x08000193   Thumb Code     0  libshutdown2.o(.ARM.Collect$$libshutdown$$0000000A)
    __rt_lib_shutdown_stdio_1                0x08000193   Thumb Code     0  libshutdown2.o(.ARM.Collect$$libshutdown$$00000004)
    __rt_lib_shutdown_user_alloc_1           0x08000193   Thumb Code     0  libshutdown2.o(.ARM.Collect$$libshutdown$$0000000C)
    __rt_entry                               0x08000195   Thumb Code     0  __rtentry.o(.ARM.Collect$$rtentry$$00000000)
    __rt_entry_presh_1                       0x08000195   Thumb Code     0  __rtentry2.o(.ARM.Collect$$rtentry$$00000002)
    __rt_entry_sh                            0x08000195   Thumb Code     0  __rtentry4.o(.ARM.Collect$$rtentry$$00000004)
    __rt_entry_li                            0x0800019b   Thumb Code     0  __rtentry2.o(.ARM.Collect$$rtentry$$0000000A)
    __rt_entry_postsh_1                      0x0800019b   Thumb Code     0  __rtentry2.o(.ARM.Collect$$rtentry$$00000009)
    __rt_entry_main                          0x0800019f   Thumb Code     0  __rtentry2.o(.ARM.Collect$$rtentry$$0000000D)
    __rt_entry_postli_1                      0x0800019f   Thumb Code     0  __rtentry2.o(.ARM.Collect$$rtentry$$0000000C)
    __rt_exit                                0x080001a7   Thumb Code     0  rtexit.o(.ARM.Collect$$rtexit$$00000000)
    __rt_exit_ls                             0x080001a9   Thumb Code     0  rtexit2.o(.ARM.Collect$$rtexit$$00000003)
    __rt_exit_prels_1                        0x080001a9   Thumb Code     0  rtexit2.o(.ARM.Collect$$rtexit$$00000002)
    __rt_exit_exit                           0x080001ad   Thumb Code     0  rtexit2.o(.ARM.Collect$$rtexit$$00000004)
    Reset_Handler                            0x080001b5   Thumb Code     8  startup_stm32f10x_md.o(.text)
    ADC1_2_IRQHandler                        0x080001cf   Thumb Code     0  startup_stm32f10x_md.o(.text)
    CAN1_RX1_IRQHandler                      0x080001cf   Thumb Code     0  startup_stm32f10x_md.o(.text)
    CAN1_SCE_IRQHandler                      0x080001cf   Thumb Code     0  startup_stm32f10x_md.o(.text)
    DMA1_Channel1_IRQHandler                 0x080001cf   Thumb Code     0  startup_stm32f10x_md.o(.text)
    DMA1_Channel2_IRQHandler                 0x080001cf   Thumb Code     0  startup_stm32f10x_md.o(.text)
    DMA1_Channel3_IRQHandler                 0x080001cf   Thumb Code     0  startup_stm32f10x_md.o(.text)
    DMA1_Channel4_IRQHandler                 0x080001cf   Thumb Code     0  startup_stm32f10x_md.o(.text)
    DMA1_Channel5_IRQHandler                 0x080001cf   Thumb Code     0  startup_stm32f10x_md.o(.text)
    DMA1_Channel6_IRQHandler                 0x080001cf   Thumb Code     0  startup_stm32f10x_md.o(.text)
    DMA1_Channel7_IRQHandler                 0x080001cf   Thumb Code     0  startup_stm32f10x_md.o(.text)
    EXTI0_IRQHandler                         0x080001cf   Thumb Code     0  startup_stm32f10x_md.o(.text)
    EXTI15_10_IRQHandler                     0x080001cf   Thumb Code     0  startup_stm32f10x_md.o(.text)
    EXTI1_IRQHandler                         0x080001cf   Thumb Code     0  startup_stm32f10x_md.o(.text)
    EXTI2_IRQHandler                         0x080001cf   Thumb Code     0  startup_stm32f10x_md.o(.text)
    EXTI3_IRQHandler                         0x080001cf   Thumb Code     0  startup_stm32f10x_md.o(.text)
    EXTI4_IRQHandler                         0x080001cf   Thumb Code     0  startup_stm32f10x_md.o(.text)
    EXTI9_5_IRQHandler                       0x080001cf   Thumb Code     0  startup_stm32f10x_md.o(.text)
    FLASH_IRQHandler                         0x080001cf   Thumb Code     0  startup_stm32f10x_md.o(.text)
    I2C1_ER_IRQHandler                       0x080001cf   Thumb Code     0  startup_stm32f10x_md.o(.text)
    I2C1_EV_IRQHandler                       0x080001cf   Thumb Code     0  startup_stm32f10x_md.o(.text)
    I2C2_ER_IRQHandler                       0x080001cf   Thumb Code     0  startup_stm32f10x_md.o(.text)
    I2C2_EV_IRQHandler                       0x080001cf   Thumb Code     0  startup_stm32f10x_md.o(.text)
    PVD_IRQHandler                           0x080001cf   Thumb Code     0  startup_stm32f10x_md.o(.text)
    RCC_IRQHandler                           0x080001cf   Thumb Code     0  startup_stm32f10x_md.o(.text)
    RTCAlarm_IRQHandler                      0x080001cf   Thumb Code     0  startup_stm32f10x_md.o(.text)
    RTC_IRQHandler                           0x080001cf   Thumb Code     0  startup_stm32f10x_md.o(.text)
    SPI1_IRQHandler                          0x080001cf   Thumb Code     0  startup_stm32f10x_md.o(.text)
    SPI2_IRQHandler                          0x080001cf   Thumb Code     0  startup_stm32f10x_md.o(.text)
    TAMPER_IRQHandler                        0x080001cf   Thumb Code     0  startup_stm32f10x_md.o(.text)
    TIM1_BRK_IRQHandler                      0x080001cf   Thumb Code     0  startup_stm32f10x_md.o(.text)
    TIM1_CC_IRQHandler                       0x080001cf   Thumb Code     0  startup_stm32f10x_md.o(.text)
    TIM1_TRG_COM_IRQHandler                  0x080001cf   Thumb Code     0  startup_stm32f10x_md.o(.text)
    TIM1_UP_IRQHandler                       0x080001cf   Thumb Code     0  startup_stm32f10x_md.o(.text)
    TIM2_IRQHandler                          0x080001cf   Thumb Code     0  startup_stm32f10x_md.o(.text)
    TIM4_IRQHandler                          0x080001cf   Thumb Code     0  startup_stm32f10x_md.o(.text)
    USART2_IRQHandler                        0x080001cf   Thumb Code     0  startup_stm32f10x_md.o(.text)
    USART3_IRQHandler                        0x080001cf   Thumb Code     0  startup_stm32f10x_md.o(.text)
    USBWakeUp_IRQHandler                     0x080001cf   Thumb Code     0  startup_stm32f10x_md.o(.text)
    USB_HP_CAN1_TX_IRQHandler                0x080001cf   Thumb Code     0  startup_stm32f10x_md.o(.text)
    USB_LP_CAN1_RX0_IRQHandler               0x080001cf   Thumb Code     0  startup_stm32f10x_md.o(.text)
    WWDG_IRQHandler                          0x080001cf   Thumb Code     0  startup_stm32f10x_md.o(.text)
    __user_initial_stackheap                 0x080001d1   Thumb Code     0  startup_stm32f10x_md.o(.text)
    __use_no_semihosting                     0x080001f5   Thumb Code     2  use_no_semi_2.o(.text)
    __2printf                                0x080001f9   Thumb Code    20  noretval__2printf.o(.text)
    _printf_int_dec                          0x08000211   Thumb Code   104  _printf_dec.o(.text)
    __printf                                 0x08000289   Thumb Code   270  __printf_wp.o(.text)
    strchr                                   0x08000397   Thumb Code    20  strchr.o(.text)
    strncmp                                  0x080003ab   Thumb Code   150  strncmp.o(.text)
    __aeabi_memclr                           0x08000441   Thumb Code     0  rt_memclr.o(.text)
    __rt_memclr                              0x08000441   Thumb Code    68  rt_memclr.o(.text)
    _memset                                  0x08000445   Thumb Code     0  rt_memclr.o(.text)
    __use_two_region_memory                  0x08000485   Thumb Code     2  heapauxi.o(.text)
    __rt_heap_escrow$2region                 0x08000487   Thumb Code     2  heapauxi.o(.text)
    __rt_heap_expand$2region                 0x08000489   Thumb Code     2  heapauxi.o(.text)
    __I$use$semihosting                      0x0800048b   Thumb Code     0  use_no_semi.o(.text)
    __use_no_semihosting_swi                 0x0800048b   Thumb Code     2  use_no_semi.o(.text)
    __read_errno                             0x0800048d   Thumb Code    10  _rserrno.o(.text)
    __set_errno                              0x08000497   Thumb Code    12  _rserrno.o(.text)
    _printf_int_common                       0x080004a3   Thumb Code   178  _printf_intcommon.o(.text)
    __lib_sel_fp_printf                      0x08000555   Thumb Code     2  _printf_fp_dec.o(.text)
    _printf_fp_dec_real                      0x08000707   Thumb Code   620  _printf_fp_dec.o(.text)
    _printf_char_file                        0x08000975   Thumb Code    32  _printf_char_file.o(.text)
    __strtod_int                             0x080009d5   Thumb Code    90  strtod.o(.text)
    __aeabi_memclr4                          0x08000a3d   Thumb Code     0  rt_memclr_w.o(.text)
    __aeabi_memclr8                          0x08000a3d   Thumb Code     0  rt_memclr_w.o(.text)
    __rt_memclr_w                            0x08000a3d   Thumb Code    78  rt_memclr_w.o(.text)
    _memset_w                                0x08000a41   Thumb Code     0  rt_memclr_w.o(.text)
    __rt_locale                              0x08000a8d   Thumb Code     8  rt_locale_intlibspace.o(.text)
    __aeabi_errno_addr                       0x08000a95   Thumb Code     8  rt_errno_addr_intlibspace.o(.text)
    __errno$intlibspace                      0x08000a95   Thumb Code     0  rt_errno_addr_intlibspace.o(.text)
    __rt_errno_addr$intlibspace              0x08000a95   Thumb Code     0  rt_errno_addr_intlibspace.o(.text)
    _ll_udiv10                               0x08000a9d   Thumb Code   138  lludiv10.o(.text)
    isspace                                  0x08000b27   Thumb Code    18  isspace.o(.text)
    _printf_char_common                      0x08000b43   Thumb Code    32  _printf_char_common.o(.text)
    _printf_fp_infnan                        0x08000b69   Thumb Code   112  _printf_fp_infnan.o(.text)
    _sgetc                                   0x08000be9   Thumb Code    30  _sgetc.o(.text)
    _sbackspace                              0x08000c07   Thumb Code    34  _sgetc.o(.text)
    _btod_etento                             0x08000c29   Thumb Code   224  bigflt0.o(.text)
    ferror                                   0x08000d0d   Thumb Code     8  ferror.o(.text)
    __user_libspace                          0x08000d15   Thumb Code     8  libspace.o(.text)
    __user_perproc_libspace                  0x08000d15   Thumb Code     0  libspace.o(.text)
    __user_perthread_libspace                0x08000d15   Thumb Code     0  libspace.o(.text)
    __user_setup_stackheap                   0x08000d1d   Thumb Code    74  sys_stackheap_outer.o(.text)
    __rt_ctype_table                         0x08000d69   Thumb Code    16  rt_ctype_table.o(.text)
    _scanf_really_real                       0x08000fc5   Thumb Code   684  scanf_fp.o(.text)
    exit                                     0x08001271   Thumb Code    18  exit.o(.text)
    strcmp                                   0x08001285   Thumb Code   128  strcmpv7m.o(.text)
    _scanf_really_hex_real                   0x08001305   Thumb Code   786  scanf_hexfp.o(.text)
    _scanf_really_infnan                     0x08001625   Thumb Code   292  scanf_infnan.o(.text)
    __aeabi_llsl                             0x08001759   Thumb Code     0  llshl.o(.text)
    _ll_shift_l                              0x08001759   Thumb Code    38  llshl.o(.text)
    _chval                                   0x0800177f   Thumb Code    28  _chval.o(.text)
    _btod_d2e                                0x0800179b   Thumb Code    62  btod.o(CL$$btod_d2e)
    _d2e_denorm_low                          0x080017d9   Thumb Code    70  btod.o(CL$$btod_d2e_denorm_low)
    _d2e_norm_op1                            0x0800181f   Thumb Code    96  btod.o(CL$$btod_d2e_norm_op1)
    __btod_div_common                        0x0800187f   Thumb Code   696  btod.o(CL$$btod_div_common)
    _e2d                                     0x08001bb9   Thumb Code   122  btod.o(CL$$btod_e2d)
    _e2e                                     0x08001c3d   Thumb Code   220  btod.o(CL$$btod_e2e)
    _btod_ediv                               0x08001d19   Thumb Code    42  btod.o(CL$$btod_ediv)
    _btod_edivd                              0x08001d43   Thumb Code    42  btod.o(CL$$btod_edivd)
    _btod_emul                               0x08001d6d   Thumb Code    42  btod.o(CL$$btod_emul)
    _btod_emuld                              0x08001d97   Thumb Code    42  btod.o(CL$$btod_emuld)
    __btod_mult_common                       0x08001dc1   Thumb Code   580  btod.o(CL$$btod_mult_common)
    BusFault_Handler                         0x08002005   Thumb Code     4  stm32f10x_it.o(i.BusFault_Handler)
    DebugMon_Handler                         0x08002009   Thumb Code     2  stm32f10x_it.o(i.DebugMon_Handler)
    Encoder_CalcPositionAndSpeed             0x0800200d   Thumb Code   116  encoder.o(i.Encoder_CalcPositionAndSpeed)
    Encoder_Init                             0x0800208d   Thumb Code   156  encoder.o(i.Encoder_Init)
    Encoder_Read                             0x0800212d   Thumb Code    18  encoder.o(i.Encoder_Read)
    GPIO_Init                                0x0800213f   Thumb Code   278  stm32f10x_gpio.o(i.GPIO_Init)
    GPIO_ResetBits                           0x08002255   Thumb Code     4  stm32f10x_gpio.o(i.GPIO_ResetBits)
    GPIO_SetBits                             0x08002259   Thumb Code     4  stm32f10x_gpio.o(i.GPIO_SetBits)
    HardFault_Handler                        0x0800225d   Thumb Code     4  stm32f10x_it.o(i.HardFault_Handler)
    MemManage_Handler                        0x08002261   Thumb Code     4  stm32f10x_it.o(i.MemManage_Handler)
    NMI_Handler                              0x08002265   Thumb Code     2  stm32f10x_it.o(i.NMI_Handler)
    NVIC_Init                                0x08002269   Thumb Code   100  misc.o(i.NVIC_Init)
    NVIC_PriorityGroupConfig                 0x080022d9   Thumb Code    10  misc.o(i.NVIC_PriorityGroupConfig)
    PID_Init                                 0x080022ed   Thumb Code    20  pid.o(i.PID_Init)
    PendSV_Handler                           0x08002301   Thumb Code     2  stm32f10x_it.o(i.PendSV_Handler)
    RCC_APB1PeriphClockCmd                   0x08002305   Thumb Code    26  stm32f10x_rcc.o(i.RCC_APB1PeriphClockCmd)
    RCC_APB1PeriphResetCmd                   0x08002325   Thumb Code    26  stm32f10x_rcc.o(i.RCC_APB1PeriphResetCmd)
    RCC_APB2PeriphClockCmd                   0x08002345   Thumb Code    26  stm32f10x_rcc.o(i.RCC_APB2PeriphClockCmd)
    RCC_APB2PeriphResetCmd                   0x08002365   Thumb Code    26  stm32f10x_rcc.o(i.RCC_APB2PeriphResetCmd)
    RCC_GetClocksFreq                        0x08002385   Thumb Code   192  stm32f10x_rcc.o(i.RCC_GetClocksFreq)
    SVC_Handler                              0x08002459   Thumb Code     2  stm32f10x_it.o(i.SVC_Handler)
    SysTick_Handler                          0x08002545   Thumb Code     2  stm32f10x_it.o(i.SysTick_Handler)
    SystemInit                               0x08002549   Thumb Code    78  system_stm32f10x.o(i.SystemInit)
    TIM3_IRQHandler                          0x080027e9   Thumb Code    28  tim.o(i.TIM3_IRQHandler)
    TIM_ClearFlag                            0x0800280d   Thumb Code     6  stm32f10x_tim.o(i.TIM_ClearFlag)
    TIM_ClearITPendingBit                    0x08002813   Thumb Code     6  stm32f10x_tim.o(i.TIM_ClearITPendingBit)
    TIM_Cmd                                  0x08002819   Thumb Code    24  stm32f10x_tim.o(i.TIM_Cmd)
    TIM_EncoderInterfaceConfig               0x08002831   Thumb Code    66  stm32f10x_tim.o(i.TIM_EncoderInterfaceConfig)
    TIM_GetFlagStatus                        0x08002873   Thumb Code    18  stm32f10x_tim.o(i.TIM_GetFlagStatus)
    TIM_ICInit                               0x08002885   Thumb Code   150  stm32f10x_tim.o(i.TIM_ICInit)
    TIM_ICStructInit                         0x08002931   Thumb Code    18  stm32f10x_tim.o(i.TIM_ICStructInit)
    TIM_ITConfig                             0x08002943   Thumb Code    18  stm32f10x_tim.o(i.TIM_ITConfig)
    TIM_InternalClockConfig                  0x08002955   Thumb Code    12  stm32f10x_tim.o(i.TIM_InternalClockConfig)
    TIM_SetCounter                           0x08002961   Thumb Code     4  stm32f10x_tim.o(i.TIM_SetCounter)
    TIM_SetIC1Prescaler                      0x08002965   Thumb Code    18  stm32f10x_tim.o(i.TIM_SetIC1Prescaler)
    TIM_SetIC2Prescaler                      0x08002977   Thumb Code    26  stm32f10x_tim.o(i.TIM_SetIC2Prescaler)
    TIM_SetIC3Prescaler                      0x08002991   Thumb Code    18  stm32f10x_tim.o(i.TIM_SetIC3Prescaler)
    TIM_SetIC4Prescaler                      0x080029a3   Thumb Code    26  stm32f10x_tim.o(i.TIM_SetIC4Prescaler)
    TIM_TimeBaseInit                         0x080029bd   Thumb Code   122  stm32f10x_tim.o(i.TIM_TimeBaseInit)
    Timer_Init                               0x08002a61   Thumb Code   118  tim.o(i.Timer_Init)
    UART1_Init                               0x08002add   Thumb Code   160  uart.o(i.UART1_Init)
    USART1_IRQHandler                        0x08002b85   Thumb Code   392  uart.o(i.USART1_IRQHandler)
    USART_ClearITPendingBit                  0x08002d95   Thumb Code    30  stm32f10x_usart.o(i.USART_ClearITPendingBit)
    USART_Cmd                                0x08002db3   Thumb Code    24  stm32f10x_usart.o(i.USART_Cmd)
    USART_DeInit                             0x08002dcd   Thumb Code   134  stm32f10x_usart.o(i.USART_DeInit)
    USART_GetITStatus                        0x08002e69   Thumb Code    84  stm32f10x_usart.o(i.USART_GetITStatus)
    USART_ITConfig                           0x08002ebd   Thumb Code    74  stm32f10x_usart.o(i.USART_ITConfig)
    USART_Init                               0x08002f09   Thumb Code   210  stm32f10x_usart.o(i.USART_Init)
    USART_ReceiveData                        0x08002fe1   Thumb Code    10  stm32f10x_usart.o(i.USART_ReceiveData)
    UsageFault_Handler                       0x08002feb   Thumb Code     4  stm32f10x_it.o(i.UsageFault_Handler)
    __ARM_fpclassify                         0x08002fef   Thumb Code    40  fpclassify.o(i.__ARM_fpclassify)
    __mathlib_dbl_overflow                   0x08003017   Thumb Code    14  dunder.o(i.__mathlib_dbl_overflow)
    __mathlib_dbl_underflow                  0x08003025   Thumb Code    10  dunder.o(i.__mathlib_dbl_underflow)
    __mathlib_narrow                         0x08003035   Thumb Code    16  narrow.o(i.__mathlib_narrow)
    __mathlib_tofloat                        0x08003045   Thumb Code   184  narrow.o(i.__mathlib_tofloat)
    __support_ldexp                          0x08003101   Thumb Code    22  ldexp.o(i.__support_ldexp)
    _is_digit                                0x08003117   Thumb Code    14  __printf_wp.o(i._is_digit)
    _sys_exit                                0x08003125   Thumb Code     4  uart.o(i._sys_exit)
    atof                                     0x08003129   Thumb Code    42  atof.o(i.atof)
    board_init                               0x08003155   Thumb Code    42  board.o(i.board_init)
    fputc                                    0x0800319d   Thumb Code    24  uart.o(i.fputc)
    frexp                                    0x080031b9   Thumb Code    80  frexp.o(i.frexp)
    ldexp                                    0x08003211   Thumb Code   116  ldexp.o(i.ldexp)
    main                                     0x08003285   Thumb Code   286  main.o(i.main)
    theGPIO_Init                             0x080033f1   Thumb Code    36  board.o(i.theGPIO_Init)
    _get_lc_numeric                          0x08003419   Thumb Code    44  lc_numeric_c.o(locale$$code)
    _get_lc_ctype                            0x08003445   Thumb Code    44  lc_ctype_c.o(locale$$code)
    __aeabi_d2f                              0x08003471   Thumb Code     0  d2f.o(x$fpl$d2f)
    _d2f                                     0x08003471   Thumb Code    98  d2f.o(x$fpl$d2f)
    __fpl_dcheck_NaN1                        0x080034d5   Thumb Code    10  dcheck1.o(x$fpl$dcheck1)
    __fpl_dcmp_Inf                           0x080034e5   Thumb Code    24  dcmpi.o(x$fpl$dcmpinf)
    __aeabi_cdcmpeq                          0x080034fd   Thumb Code     0  deqf.o(x$fpl$deqf)
    _dcmpeq                                  0x080034fd   Thumb Code   120  deqf.o(x$fpl$deqf)
    __aeabi_cdcmple                          0x08003575   Thumb Code     0  dleqf.o(x$fpl$dleqf)
    _dcmple                                  0x08003575   Thumb Code   120  dleqf.o(x$fpl$dleqf)
    __fpl_dcmple_InfNaN                      0x080035d7   Thumb Code     0  dleqf.o(x$fpl$dleqf)
    __fpl_dnaninf                            0x080035ed   Thumb Code   156  dnaninf.o(x$fpl$dnaninf)
    __fpl_dretinf                            0x08003689   Thumb Code    12  dretinf.o(x$fpl$dretinf)
    __aeabi_cdrcmple                         0x08003695   Thumb Code     0  drleqf.o(x$fpl$drleqf)
    _drcmple                                 0x08003695   Thumb Code   108  drleqf.o(x$fpl$drleqf)
    __aeabi_f2d                              0x08003701   Thumb Code     0  f2d.o(x$fpl$f2d)
    _f2d                                     0x08003701   Thumb Code    86  f2d.o(x$fpl$f2d)
    __aeabi_fadd                             0x08003759   Thumb Code     0  faddsub_clz.o(x$fpl$fadd)
    _fadd                                    0x08003759   Thumb Code   196  faddsub_clz.o(x$fpl$fadd)
    __fpl_fcmp_Inf                           0x0800381d   Thumb Code    24  fcmpi.o(x$fpl$fcmpinf)
    __aeabi_fdiv                             0x08003835   Thumb Code     0  fdiv.o(x$fpl$fdiv)
    _fdiv                                    0x08003835   Thumb Code   384  fdiv.o(x$fpl$fdiv)
    __aeabi_cfcmpeq                          0x080039b9   Thumb Code     0  feqf.o(x$fpl$feqf)
    _fcmpeq                                  0x080039b9   Thumb Code   104  feqf.o(x$fpl$feqf)
    __aeabi_f2iz                             0x08003a21   Thumb Code     0  ffix.o(x$fpl$ffix)
    _ffix                                    0x08003a21   Thumb Code    54  ffix.o(x$fpl$ffix)
    __aeabi_i2f                              0x08003a59   Thumb Code     0  fflt_clz.o(x$fpl$fflt)
    _fflt                                    0x08003a59   Thumb Code    48  fflt_clz.o(x$fpl$fflt)
    __fpl_fnaninf                            0x08003a89   Thumb Code   140  fnaninf.o(x$fpl$fnaninf)
    __fpl_fretinf                            0x08003b15   Thumb Code    10  fretinf.o(x$fpl$fretinf)
    __aeabi_fsub                             0x08003b21   Thumb Code     0  faddsub_clz.o(x$fpl$fsub)
    _fsub                                    0x08003b21   Thumb Code   234  faddsub_clz.o(x$fpl$fsub)
    __ieee_status                            0x08003c0b   Thumb Code     6  istatus.o(x$fpl$ieeestatus)
    _printf_fp_dec                           0x08003c11   Thumb Code     4  printf1.o(x$fpl$printf1)
    __fpl_return_NaN                         0x08003c15   Thumb Code   100  retnan.o(x$fpl$retnan)
    __ARM_scalbn                             0x08003c79   Thumb Code    92  scalbn.o(x$fpl$scalbn)
    _scanf_real                              0x08003cd5   Thumb Code     4  scanf1.o(x$fpl$scanf1)
    _scanf_hex_real                          0x08003cd9   Thumb Code     4  scanf2.o(x$fpl$scanf2)
    _scanf_infnan                            0x08003cdd   Thumb Code     4  scanf2.o(x$fpl$scanf2)
    __fpl_cmpreturn                          0x08003ce1   Thumb Code    48  trapv.o(x$fpl$trapveneer)
    __I$use$fp                               0x08003d10   Number         0  usenofp.o(x$fpl$usenofp)
    Region$$Table$$Base                      0x08003df0   Number         0  anon$$obj.o(Region$$Table)
    Region$$Table$$Limit                     0x08003e10   Number         0  anon$$obj.o(Region$$Table)
    __aeabi_HUGE_VAL                         0x08003e10   Data           0  fpconst.o(c$$dinf)
    __aeabi_HUGE_VALL                        0x08003e10   Data           0  fpconst.o(c$$dinf)
    __aeabi_INFINITY                         0x08003e10   Data           0  fpconst.o(c$$dinf)
    __dInf                                   0x08003e10   Data           0  fpconst.o(c$$dinf)
    __huge_val                               0x08003e10   Data           0  fpconst.o(c$$dinf)
    __dbl_max                                0x08003e18   Data           0  fpconst.o(c$$dmax)
    __ctype                                  0x08003e49   Data           0  lc_ctype_c.o(locale$$data)
    height_difference                        0x20000014   Data           4  main.o(.data)
    current_position                         0x20000018   Data           4  main.o(.data)
    target_position                          0x2000001c   Data           4  main.o(.data)
    current_speed                            0x20000020   Data           4  main.o(.data)
    pwm_output                               0x20000024   Data           4  main.o(.data)
    rcvd_flag                                0x20000028   Data           1  main.o(.data)
    lift                                     0x2000002c   Data           4  main.o(.data)
    tim3_flag                                0x20000034   Data           1  tim.o(.data)
    cmd_flag                                 0x20000038   Data           1  uart.o(.data)
    buffer                                   0x20000039   Data           3  uart.o(.data)
    rx_index                                 0x2000003c   Data           1  uart.o(.data)
    frame_received                           0x2000003d   Data           1  uart.o(.data)
    __stdout                                 0x20000040   Data           4  uart.o(.data)
    position_pid                             0x20000044   Data          12  main.o(.bss)
    speed_pid                                0x20000050   Data          12  main.o(.bss)
    rx_buffer                                0x2000005c   Data          50  uart.o(.bss)
    __libspace_start                         0x20000090   Data          96  libspace.o(.bss)
    __temporary_stack_top$libspace           0x200000f0   Data           0  libspace.o(.bss)



==============================================================================

Memory Map of the image

  Image Entry point : 0x080000ed

  Load Region LR_IROM1 (Base: 0x08000000, Size: 0x00003f90, Max: 0x00010000, ABSOLUTE)

    Execution Region ER_IROM1 (Exec base: 0x08000000, Load base: 0x08000000, Size: 0x00003f4c, Max: 0x00010000, ABSOLUTE)

    Exec Addr    Load Addr    Size         Type   Attr      Idx    E Section Name        Object

    0x08000000   0x08000000   0x000000ec   Data   RO         3127    RESET               startup_stm32f10x_md.o
    0x080000ec   0x080000ec   0x00000008   Code   RO         3538  * !!!main             c_w.l(__main.o)
    0x080000f4   0x080000f4   0x00000034   Code   RO         3907    !!!scatter          c_w.l(__scatter.o)
    0x08000128   0x08000128   0x0000001a   Code   RO         3909    !!handler_copy      c_w.l(__scatter_copy.o)
    0x08000142   0x08000142   0x00000002   PAD
    0x08000144   0x08000144   0x0000001c   Code   RO         3911    !!handler_zi        c_w.l(__scatter_zi.o)
    0x08000160   0x08000160   0x00000000   Code   RO         3529    .ARM.Collect$$_printf_percent$$00000000  c_w.l(_printf_percent.o)
    0x08000160   0x08000160   0x00000006   Code   RO         3528    .ARM.Collect$$_printf_percent$$00000003  c_w.l(_printf_f.o)
    0x08000166   0x08000166   0x00000006   Code   RO         3527    .ARM.Collect$$_printf_percent$$00000009  c_w.l(_printf_d.o)
    0x0800016c   0x0800016c   0x00000004   Code   RO         3589    .ARM.Collect$$_printf_percent$$00000017  c_w.l(_printf_percent_end.o)
    0x08000170   0x08000170   0x00000002   Code   RO         3698    .ARM.Collect$$libinit$$00000000  c_w.l(libinit.o)
    0x08000172   0x08000172   0x00000000   Code   RO         3700    .ARM.Collect$$libinit$$00000002  c_w.l(libinit2.o)
    0x08000172   0x08000172   0x00000000   Code   RO         3702    .ARM.Collect$$libinit$$00000004  c_w.l(libinit2.o)
    0x08000172   0x08000172   0x00000000   Code   RO         3705    .ARM.Collect$$libinit$$0000000A  c_w.l(libinit2.o)
    0x08000172   0x08000172   0x00000000   Code   RO         3707    .ARM.Collect$$libinit$$0000000C  c_w.l(libinit2.o)
    0x08000172   0x08000172   0x00000000   Code   RO         3709    .ARM.Collect$$libinit$$0000000E  c_w.l(libinit2.o)
    0x08000172   0x08000172   0x00000006   Code   RO         3710    .ARM.Collect$$libinit$$0000000F  c_w.l(libinit2.o)
    0x08000178   0x08000178   0x00000000   Code   RO         3712    .ARM.Collect$$libinit$$00000011  c_w.l(libinit2.o)
    0x08000178   0x08000178   0x0000000c   Code   RO         3713    .ARM.Collect$$libinit$$00000012  c_w.l(libinit2.o)
    0x08000184   0x08000184   0x00000000   Code   RO         3714    .ARM.Collect$$libinit$$00000013  c_w.l(libinit2.o)
    0x08000184   0x08000184   0x00000000   Code   RO         3716    .ARM.Collect$$libinit$$00000015  c_w.l(libinit2.o)
    0x08000184   0x08000184   0x0000000a   Code   RO         3717    .ARM.Collect$$libinit$$00000016  c_w.l(libinit2.o)
    0x0800018e   0x0800018e   0x00000000   Code   RO         3718    .ARM.Collect$$libinit$$00000017  c_w.l(libinit2.o)
    0x0800018e   0x0800018e   0x00000000   Code   RO         3720    .ARM.Collect$$libinit$$00000019  c_w.l(libinit2.o)
    0x0800018e   0x0800018e   0x00000000   Code   RO         3722    .ARM.Collect$$libinit$$0000001B  c_w.l(libinit2.o)
    0x0800018e   0x0800018e   0x00000000   Code   RO         3724    .ARM.Collect$$libinit$$0000001D  c_w.l(libinit2.o)
    0x0800018e   0x0800018e   0x00000000   Code   RO         3726    .ARM.Collect$$libinit$$0000001F  c_w.l(libinit2.o)
    0x0800018e   0x0800018e   0x00000000   Code   RO         3728    .ARM.Collect$$libinit$$00000021  c_w.l(libinit2.o)
    0x0800018e   0x0800018e   0x00000000   Code   RO         3730    .ARM.Collect$$libinit$$00000023  c_w.l(libinit2.o)
    0x0800018e   0x0800018e   0x00000000   Code   RO         3732    .ARM.Collect$$libinit$$00000025  c_w.l(libinit2.o)
    0x0800018e   0x0800018e   0x00000000   Code   RO         3736    .ARM.Collect$$libinit$$0000002C  c_w.l(libinit2.o)
    0x0800018e   0x0800018e   0x00000000   Code   RO         3738    .ARM.Collect$$libinit$$0000002E  c_w.l(libinit2.o)
    0x0800018e   0x0800018e   0x00000000   Code   RO         3740    .ARM.Collect$$libinit$$00000030  c_w.l(libinit2.o)
    0x0800018e   0x0800018e   0x00000000   Code   RO         3742    .ARM.Collect$$libinit$$00000032  c_w.l(libinit2.o)
    0x0800018e   0x0800018e   0x00000002   Code   RO         3743    .ARM.Collect$$libinit$$00000033  c_w.l(libinit2.o)
    0x08000190   0x08000190   0x00000002   Code   RO         3806    .ARM.Collect$$libshutdown$$00000000  c_w.l(libshutdown.o)
    0x08000192   0x08000192   0x00000000   Code   RO         3833    .ARM.Collect$$libshutdown$$00000002  c_w.l(libshutdown2.o)
    0x08000192   0x08000192   0x00000000   Code   RO         3835    .ARM.Collect$$libshutdown$$00000004  c_w.l(libshutdown2.o)
    0x08000192   0x08000192   0x00000000   Code   RO         3838    .ARM.Collect$$libshutdown$$00000007  c_w.l(libshutdown2.o)
    0x08000192   0x08000192   0x00000000   Code   RO         3841    .ARM.Collect$$libshutdown$$0000000A  c_w.l(libshutdown2.o)
    0x08000192   0x08000192   0x00000000   Code   RO         3843    .ARM.Collect$$libshutdown$$0000000C  c_w.l(libshutdown2.o)
    0x08000192   0x08000192   0x00000000   Code   RO         3846    .ARM.Collect$$libshutdown$$0000000F  c_w.l(libshutdown2.o)
    0x08000192   0x08000192   0x00000002   Code   RO         3847    .ARM.Collect$$libshutdown$$00000010  c_w.l(libshutdown2.o)
    0x08000194   0x08000194   0x00000000   Code   RO         3580    .ARM.Collect$$rtentry$$00000000  c_w.l(__rtentry.o)
    0x08000194   0x08000194   0x00000000   Code   RO         3606    .ARM.Collect$$rtentry$$00000002  c_w.l(__rtentry2.o)
    0x08000194   0x08000194   0x00000006   Code   RO         3618    .ARM.Collect$$rtentry$$00000004  c_w.l(__rtentry4.o)
    0x0800019a   0x0800019a   0x00000000   Code   RO         3608    .ARM.Collect$$rtentry$$00000009  c_w.l(__rtentry2.o)
    0x0800019a   0x0800019a   0x00000004   Code   RO         3609    .ARM.Collect$$rtentry$$0000000A  c_w.l(__rtentry2.o)
    0x0800019e   0x0800019e   0x00000000   Code   RO         3611    .ARM.Collect$$rtentry$$0000000C  c_w.l(__rtentry2.o)
    0x0800019e   0x0800019e   0x00000008   Code   RO         3612    .ARM.Collect$$rtentry$$0000000D  c_w.l(__rtentry2.o)
    0x080001a6   0x080001a6   0x00000002   Code   RO         3744    .ARM.Collect$$rtexit$$00000000  c_w.l(rtexit.o)
    0x080001a8   0x080001a8   0x00000000   Code   RO         3770    .ARM.Collect$$rtexit$$00000002  c_w.l(rtexit2.o)
    0x080001a8   0x080001a8   0x00000004   Code   RO         3771    .ARM.Collect$$rtexit$$00000003  c_w.l(rtexit2.o)
    0x080001ac   0x080001ac   0x00000006   Code   RO         3772    .ARM.Collect$$rtexit$$00000004  c_w.l(rtexit2.o)
    0x080001b2   0x080001b2   0x00000002   PAD
    0x080001b4   0x080001b4   0x00000040   Code   RO         3128    .text               startup_stm32f10x_md.o
    0x080001f4   0x080001f4   0x00000002   Code   RO         3497    .text               c_w.l(use_no_semi_2.o)
    0x080001f6   0x080001f6   0x00000002   PAD
    0x080001f8   0x080001f8   0x00000018   Code   RO         3501    .text               c_w.l(noretval__2printf.o)
    0x08000210   0x08000210   0x00000078   Code   RO         3505    .text               c_w.l(_printf_dec.o)
    0x08000288   0x08000288   0x0000010e   Code   RO         3515    .text               c_w.l(__printf_wp.o)
    0x08000396   0x08000396   0x00000014   Code   RO         3530    .text               c_w.l(strchr.o)
    0x080003aa   0x080003aa   0x00000096   Code   RO         3532    .text               c_w.l(strncmp.o)
    0x08000440   0x08000440   0x00000044   Code   RO         3534    .text               c_w.l(rt_memclr.o)
    0x08000484   0x08000484   0x00000006   Code   RO         3536    .text               c_w.l(heapauxi.o)
    0x0800048a   0x0800048a   0x00000002   Code   RO         3578    .text               c_w.l(use_no_semi.o)
    0x0800048c   0x0800048c   0x00000016   Code   RO         3581    .text               c_w.l(_rserrno.o)
    0x080004a2   0x080004a2   0x000000b2   Code   RO         3583    .text               c_w.l(_printf_intcommon.o)
    0x08000554   0x08000554   0x0000041e   Code   RO         3585    .text               c_w.l(_printf_fp_dec.o)
    0x08000972   0x08000972   0x00000002   PAD
    0x08000974   0x08000974   0x00000024   Code   RO         3587    .text               c_w.l(_printf_char_file.o)
    0x08000998   0x08000998   0x000000a4   Code   RO         3590    .text               c_w.l(strtod.o)
    0x08000a3c   0x08000a3c   0x0000004e   Code   RO         3592    .text               c_w.l(rt_memclr_w.o)
    0x08000a8a   0x08000a8a   0x00000002   PAD
    0x08000a8c   0x08000a8c   0x00000008   Code   RO         3623    .text               c_w.l(rt_locale_intlibspace.o)
    0x08000a94   0x08000a94   0x00000008   Code   RO         3628    .text               c_w.l(rt_errno_addr_intlibspace.o)
    0x08000a9c   0x08000a9c   0x0000008a   Code   RO         3630    .text               c_w.l(lludiv10.o)
    0x08000b26   0x08000b26   0x00000012   Code   RO         3632    .text               c_w.l(isspace.o)
    0x08000b38   0x08000b38   0x00000030   Code   RO         3634    .text               c_w.l(_printf_char_common.o)
    0x08000b68   0x08000b68   0x00000080   Code   RO         3636    .text               c_w.l(_printf_fp_infnan.o)
    0x08000be8   0x08000be8   0x00000040   Code   RO         3638    .text               c_w.l(_sgetc.o)
    0x08000c28   0x08000c28   0x000000e4   Code   RO         3640    .text               c_w.l(bigflt0.o)
    0x08000d0c   0x08000d0c   0x00000008   Code   RO         3665    .text               c_w.l(ferror.o)
    0x08000d14   0x08000d14   0x00000008   Code   RO         3678    .text               c_w.l(libspace.o)
    0x08000d1c   0x08000d1c   0x0000004a   Code   RO         3681    .text               c_w.l(sys_stackheap_outer.o)
    0x08000d66   0x08000d66   0x00000002   PAD
    0x08000d68   0x08000d68   0x00000010   Code   RO         3683    .text               c_w.l(rt_ctype_table.o)
    0x08000d78   0x08000d78   0x000004f8   Code   RO         3687    .text               c_w.l(scanf_fp.o)
    0x08001270   0x08001270   0x00000012   Code   RO         3689    .text               c_w.l(exit.o)
    0x08001282   0x08001282   0x00000002   PAD
    0x08001284   0x08001284   0x00000080   Code   RO         3691    .text               c_w.l(strcmpv7m.o)
    0x08001304   0x08001304   0x00000320   Code   RO         3776    .text               c_w.l(scanf_hexfp.o)
    0x08001624   0x08001624   0x00000134   Code   RO         3778    .text               c_w.l(scanf_infnan.o)
    0x08001758   0x08001758   0x00000026   Code   RO         3796    .text               c_w.l(llshl.o)
    0x0800177e   0x0800177e   0x0000001c   Code   RO         3798    .text               c_w.l(_chval.o)
    0x0800179a   0x0800179a   0x0000003e   Code   RO         3643    CL$$btod_d2e        c_w.l(btod.o)
    0x080017d8   0x080017d8   0x00000046   Code   RO         3645    CL$$btod_d2e_denorm_low  c_w.l(btod.o)
    0x0800181e   0x0800181e   0x00000060   Code   RO         3644    CL$$btod_d2e_norm_op1  c_w.l(btod.o)
    0x0800187e   0x0800187e   0x00000338   Code   RO         3653    CL$$btod_div_common  c_w.l(btod.o)
    0x08001bb6   0x08001bb6   0x00000002   PAD
    0x08001bb8   0x08001bb8   0x00000084   Code   RO         3651    CL$$btod_e2d        c_w.l(btod.o)
    0x08001c3c   0x08001c3c   0x000000dc   Code   RO         3650    CL$$btod_e2e        c_w.l(btod.o)
    0x08001d18   0x08001d18   0x0000002a   Code   RO         3647    CL$$btod_ediv       c_w.l(btod.o)
    0x08001d42   0x08001d42   0x0000002a   Code   RO         3649    CL$$btod_edivd      c_w.l(btod.o)
    0x08001d6c   0x08001d6c   0x0000002a   Code   RO         3646    CL$$btod_emul       c_w.l(btod.o)
    0x08001d96   0x08001d96   0x0000002a   Code   RO         3648    CL$$btod_emuld      c_w.l(btod.o)
    0x08001dc0   0x08001dc0   0x00000244   Code   RO         3652    CL$$btod_mult_common  c_w.l(btod.o)
    0x08002004   0x08002004   0x00000004   Code   RO         3196    i.BusFault_Handler  stm32f10x_it.o
    0x08002008   0x08002008   0x00000002   Code   RO         3197    i.DebugMon_Handler  stm32f10x_it.o
    0x0800200a   0x0800200a   0x00000002   PAD
    0x0800200c   0x0800200c   0x00000080   Code   RO         3363    i.Encoder_CalcPositionAndSpeed  encoder.o
    0x0800208c   0x0800208c   0x000000a0   Code   RO         3364    i.Encoder_Init      encoder.o
    0x0800212c   0x0800212c   0x00000012   Code   RO         3365    i.Encoder_Read      encoder.o
    0x0800213e   0x0800213e   0x00000116   Code   RO         1276    i.GPIO_Init         stm32f10x_gpio.o
    0x08002254   0x08002254   0x00000004   Code   RO         1283    i.GPIO_ResetBits    stm32f10x_gpio.o
    0x08002258   0x08002258   0x00000004   Code   RO         1284    i.GPIO_SetBits      stm32f10x_gpio.o
    0x0800225c   0x0800225c   0x00000004   Code   RO         3198    i.HardFault_Handler  stm32f10x_it.o
    0x08002260   0x08002260   0x00000004   Code   RO         3199    i.MemManage_Handler  stm32f10x_it.o
    0x08002264   0x08002264   0x00000002   Code   RO         3200    i.NMI_Handler       stm32f10x_it.o
    0x08002266   0x08002266   0x00000002   PAD
    0x08002268   0x08002268   0x00000070   Code   RO            1    i.NVIC_Init         misc.o
    0x080022d8   0x080022d8   0x00000014   Code   RO            2    i.NVIC_PriorityGroupConfig  misc.o
    0x080022ec   0x080022ec   0x00000014   Code   RO         3399    i.PID_Init          pid.o
    0x08002300   0x08002300   0x00000002   Code   RO         3201    i.PendSV_Handler    stm32f10x_it.o
    0x08002302   0x08002302   0x00000002   PAD
    0x08002304   0x08002304   0x00000020   Code   RO         1704    i.RCC_APB1PeriphClockCmd  stm32f10x_rcc.o
    0x08002324   0x08002324   0x00000020   Code   RO         1705    i.RCC_APB1PeriphResetCmd  stm32f10x_rcc.o
    0x08002344   0x08002344   0x00000020   Code   RO         1706    i.RCC_APB2PeriphClockCmd  stm32f10x_rcc.o
    0x08002364   0x08002364   0x00000020   Code   RO         1707    i.RCC_APB2PeriphResetCmd  stm32f10x_rcc.o
    0x08002384   0x08002384   0x000000d4   Code   RO         1714    i.RCC_GetClocksFreq  stm32f10x_rcc.o
    0x08002458   0x08002458   0x00000002   Code   RO         3202    i.SVC_Handler       stm32f10x_it.o
    0x0800245a   0x0800245a   0x00000008   Code   RO         3143    i.SetSysClock       system_stm32f10x.o
    0x08002462   0x08002462   0x00000002   PAD
    0x08002464   0x08002464   0x000000e0   Code   RO         3144    i.SetSysClockTo72   system_stm32f10x.o
    0x08002544   0x08002544   0x00000002   Code   RO         3203    i.SysTick_Handler   stm32f10x_it.o
    0x08002546   0x08002546   0x00000002   PAD
    0x08002548   0x08002548   0x00000060   Code   RO         3146    i.SystemInit        system_stm32f10x.o
    0x080025a8   0x080025a8   0x00000080   Code   RO         2334    i.TI1_Config        stm32f10x_tim.o
    0x08002628   0x08002628   0x00000098   Code   RO         2335    i.TI2_Config        stm32f10x_tim.o
    0x080026c0   0x080026c0   0x00000090   Code   RO         2336    i.TI3_Config        stm32f10x_tim.o
    0x08002750   0x08002750   0x00000098   Code   RO         2337    i.TI4_Config        stm32f10x_tim.o
    0x080027e8   0x080027e8   0x00000024   Code   RO         3432    i.TIM3_IRQHandler   tim.o
    0x0800280c   0x0800280c   0x00000006   Code   RO         2344    i.TIM_ClearFlag     stm32f10x_tim.o
    0x08002812   0x08002812   0x00000006   Code   RO         2345    i.TIM_ClearITPendingBit  stm32f10x_tim.o
    0x08002818   0x08002818   0x00000018   Code   RO         2350    i.TIM_Cmd           stm32f10x_tim.o
    0x08002830   0x08002830   0x00000042   Code   RO         2359    i.TIM_EncoderInterfaceConfig  stm32f10x_tim.o
    0x08002872   0x08002872   0x00000012   Code   RO         2370    i.TIM_GetFlagStatus  stm32f10x_tim.o
    0x08002884   0x08002884   0x000000ac   Code   RO         2373    i.TIM_ICInit        stm32f10x_tim.o
    0x08002930   0x08002930   0x00000012   Code   RO         2374    i.TIM_ICStructInit  stm32f10x_tim.o
    0x08002942   0x08002942   0x00000012   Code   RO         2375    i.TIM_ITConfig      stm32f10x_tim.o
    0x08002954   0x08002954   0x0000000c   Code   RO         2377    i.TIM_InternalClockConfig  stm32f10x_tim.o
    0x08002960   0x08002960   0x00000004   Code   RO         2415    i.TIM_SetCounter    stm32f10x_tim.o
    0x08002964   0x08002964   0x00000012   Code   RO         2416    i.TIM_SetIC1Prescaler  stm32f10x_tim.o
    0x08002976   0x08002976   0x0000001a   Code   RO         2417    i.TIM_SetIC2Prescaler  stm32f10x_tim.o
    0x08002990   0x08002990   0x00000012   Code   RO         2418    i.TIM_SetIC3Prescaler  stm32f10x_tim.o
    0x080029a2   0x080029a2   0x0000001a   Code   RO         2419    i.TIM_SetIC4Prescaler  stm32f10x_tim.o
    0x080029bc   0x080029bc   0x000000a4   Code   RO         2421    i.TIM_TimeBaseInit  stm32f10x_tim.o
    0x08002a60   0x08002a60   0x0000007c   Code   RO         3433    i.Timer_Init        tim.o
    0x08002adc   0x08002adc   0x000000a8   Code   RO         3456    i.UART1_Init        uart.o
    0x08002b84   0x08002b84   0x00000210   Code   RO         3457    i.USART1_IRQHandler  uart.o
    0x08002d94   0x08002d94   0x0000001e   Code   RO         2886    i.USART_ClearITPendingBit  stm32f10x_usart.o
    0x08002db2   0x08002db2   0x00000018   Code   RO         2889    i.USART_Cmd         stm32f10x_usart.o
    0x08002dca   0x08002dca   0x00000002   PAD
    0x08002dcc   0x08002dcc   0x0000009c   Code   RO         2891    i.USART_DeInit      stm32f10x_usart.o
    0x08002e68   0x08002e68   0x00000054   Code   RO         2893    i.USART_GetITStatus  stm32f10x_usart.o
    0x08002ebc   0x08002ebc   0x0000004a   Code   RO         2895    i.USART_ITConfig    stm32f10x_usart.o
    0x08002f06   0x08002f06   0x00000002   PAD
    0x08002f08   0x08002f08   0x000000d8   Code   RO         2896    i.USART_Init        stm32f10x_usart.o
    0x08002fe0   0x08002fe0   0x0000000a   Code   RO         2903    i.USART_ReceiveData  stm32f10x_usart.o
    0x08002fea   0x08002fea   0x00000004   Code   RO         3204    i.UsageFault_Handler  stm32f10x_it.o
    0x08002fee   0x08002fee   0x00000028   Code   RO         3676    i.__ARM_fpclassify  m_ws.l(fpclassify.o)
    0x08003016   0x08003016   0x0000000e   Code   RO         3854    i.__mathlib_dbl_overflow  m_ws.l(dunder.o)
    0x08003024   0x08003024   0x00000010   Code   RO         3856    i.__mathlib_dbl_underflow  m_ws.l(dunder.o)
    0x08003034   0x08003034   0x00000010   Code   RO         3763    i.__mathlib_narrow  m_ws.l(narrow.o)
    0x08003044   0x08003044   0x000000bc   Code   RO         3764    i.__mathlib_tofloat  m_ws.l(narrow.o)
    0x08003100   0x08003100   0x00000016   Code   RO         3814    i.__support_ldexp   m_ws.l(ldexp.o)
    0x08003116   0x08003116   0x0000000e   Code   RO         3517    i._is_digit         c_w.l(__printf_wp.o)
    0x08003124   0x08003124   0x00000004   Code   RO         3458    i._sys_exit         uart.o
    0x08003128   0x08003128   0x0000002a   Code   RO         3575    i.atof              m_ws.l(atof.o)
    0x08003152   0x08003152   0x00000002   PAD
    0x08003154   0x08003154   0x00000048   Code   RO         3314    i.board_init        board.o
    0x0800319c   0x0800319c   0x0000001c   Code   RO         3459    i.fputc             uart.o
    0x080031b8   0x080031b8   0x00000058   Code   RO         3789    i.frexp             m_ws.l(frexp.o)
    0x08003210   0x08003210   0x00000074   Code   RO         3815    i.ldexp             m_ws.l(ldexp.o)
    0x08003284   0x08003284   0x0000016c   Code   RO         3260    i.main              main.o
    0x080033f0   0x080033f0   0x00000028   Code   RO         3315    i.theGPIO_Init      board.o
    0x08003418   0x08003418   0x0000002c   Code   RO         3670    locale$$code        c_w.l(lc_numeric_c.o)
    0x08003444   0x08003444   0x0000002c   Code   RO         3747    locale$$code        c_w.l(lc_ctype_c.o)
    0x08003470   0x08003470   0x00000062   Code   RO         3540    x$fpl$d2f           fz_ws.l(d2f.o)
    0x080034d2   0x080034d2   0x00000002   PAD
    0x080034d4   0x080034d4   0x00000010   Code   RO         3848    x$fpl$dcheck1       fz_ws.l(dcheck1.o)
    0x080034e4   0x080034e4   0x00000018   Code   RO         3807    x$fpl$dcmpinf       fz_ws.l(dcmpi.o)
    0x080034fc   0x080034fc   0x00000078   Code   RO         3784    x$fpl$deqf          fz_ws.l(deqf.o)
    0x08003574   0x08003574   0x00000078   Code   RO         3809    x$fpl$dleqf         fz_ws.l(dleqf.o)
    0x080035ec   0x080035ec   0x0000009c   Code   RO         3594    x$fpl$dnaninf       fz_ws.l(dnaninf.o)
    0x08003688   0x08003688   0x0000000c   Code   RO         3596    x$fpl$dretinf       fz_ws.l(dretinf.o)
    0x08003694   0x08003694   0x0000006c   Code   RO         3786    x$fpl$drleqf        fz_ws.l(drleqf.o)
    0x08003700   0x08003700   0x00000056   Code   RO         3542    x$fpl$f2d           fz_ws.l(f2d.o)
    0x08003756   0x08003756   0x00000002   PAD
    0x08003758   0x08003758   0x000000c4   Code   RO         3544    x$fpl$fadd          fz_ws.l(faddsub_clz.o)
    0x0800381c   0x0800381c   0x00000018   Code   RO         3598    x$fpl$fcmpinf       fz_ws.l(fcmpi.o)
    0x08003834   0x08003834   0x00000184   Code   RO         3551    x$fpl$fdiv          fz_ws.l(fdiv.o)
    0x080039b8   0x080039b8   0x00000068   Code   RO         3554    x$fpl$feqf          fz_ws.l(feqf.o)
    0x08003a20   0x08003a20   0x00000036   Code   RO         3556    x$fpl$ffix          fz_ws.l(ffix.o)
    0x08003a56   0x08003a56   0x00000002   PAD
    0x08003a58   0x08003a58   0x00000030   Code   RO         3561    x$fpl$fflt          fz_ws.l(fflt_clz.o)
    0x08003a88   0x08003a88   0x0000008c   Code   RO         3600    x$fpl$fnaninf       fz_ws.l(fnaninf.o)
    0x08003b14   0x08003b14   0x0000000a   Code   RO         3602    x$fpl$fretinf       fz_ws.l(fretinf.o)
    0x08003b1e   0x08003b1e   0x00000002   PAD
    0x08003b20   0x08003b20   0x000000ea   Code   RO         3546    x$fpl$fsub          fz_ws.l(faddsub_clz.o)
    0x08003c0a   0x08003c0a   0x00000006   Code   RO         3672    x$fpl$ieeestatus    fz_ws.l(istatus.o)
    0x08003c10   0x08003c10   0x00000004   Code   RO         3572    x$fpl$printf1       fz_ws.l(printf1.o)
    0x08003c14   0x08003c14   0x00000064   Code   RO         3881    x$fpl$retnan        fz_ws.l(retnan.o)
    0x08003c78   0x08003c78   0x0000005c   Code   RO         3811    x$fpl$scalbn        fz_ws.l(scalbn.o)
    0x08003cd4   0x08003cd4   0x00000004   Code   RO         3674    x$fpl$scanf1        fz_ws.l(scanf1.o)
    0x08003cd8   0x08003cd8   0x00000008   Code   RO         3757    x$fpl$scanf2        fz_ws.l(scanf2.o)
    0x08003ce0   0x08003ce0   0x00000030   Code   RO         3887    x$fpl$trapveneer    fz_ws.l(trapv.o)
    0x08003d10   0x08003d10   0x00000000   Code   RO         3604    x$fpl$usenofp       fz_ws.l(usenofp.o)
    0x08003d10   0x08003d10   0x00000094   Data   RO         3641    .constdata          c_w.l(bigflt0.o)
    0x08003da4   0x08003da4   0x0000004c   Data   RO         3262    .conststring        main.o
    0x08003df0   0x08003df0   0x00000020   Data   RO         3905    Region$$Table       anon$$obj.o
    0x08003e10   0x08003e10   0x00000008   Data   RO         3751    c$$dinf             fz_ws.l(fpconst.o)
    0x08003e18   0x08003e18   0x00000008   Data   RO         3754    c$$dmax             fz_ws.l(fpconst.o)
    0x08003e20   0x08003e20   0x0000001c   Data   RO         3669    locale$$data        c_w.l(lc_numeric_c.o)
    0x08003e3c   0x08003e3c   0x00000110   Data   RO         3746    locale$$data        c_w.l(lc_ctype_c.o)


    Execution Region RW_IRAM1 (Exec base: 0x20000000, Load base: 0x08003f4c, Size: 0x000006f0, Max: 0x00005000, ABSOLUTE)

    Exec Addr    Load Addr    Size         Type   Attr      Idx    E Section Name        Object

    0x20000000   0x08003f4c   0x00000014   Data   RW         1734    .data               stm32f10x_rcc.o
    0x20000014   0x08003f60   0x0000001c   Data   RW         3263    .data               main.o
    0x20000030   0x08003f7c   0x00000004   Data   RW         3366    .data               encoder.o
    0x20000034   0x08003f80   0x00000001   Data   RW         3434    .data               tim.o
    0x20000035   0x08003f81   0x00000003   PAD
    0x20000038   0x08003f84   0x0000000c   Data   RW         3461    .data               uart.o
    0x20000044        -       0x00000018   Zero   RW         3261    .bss                main.o
    0x2000005c        -       0x00000032   Zero   RW         3460    .bss                uart.o
    0x2000008e   0x08003f90   0x00000002   PAD
    0x20000090        -       0x00000060   Zero   RW         3679    .bss                c_w.l(libspace.o)
    0x200000f0        -       0x00000200   Zero   RW         3126    HEAP                startup_stm32f10x_md.o
    0x200002f0        -       0x00000400   Zero   RW         3125    STACK               startup_stm32f10x_md.o


==============================================================================

Image component sizes


      Code (inc. data)   RO Data    RW Data    ZI Data      Debug   Object Name

       112         34          0          0          0        848   board.o
       306         16          0          4          0       1637   encoder.o
       364         78         76         28         24       1487   main.o
       132         22          0          0          0     252407   misc.o
        20          0          0          0          0       1295   pid.o
        64         26        236          0       1536        792   startup_stm32f10x_md.o
         0          0          0          0          0       1628   stm32f10x_adc.o
       286          0          0          0          0      11048   stm32f10x_gpio.o
        26          0          0          0          0       3450   stm32f10x_it.o
       340         44          0         20          0      13796   stm32f10x_rcc.o
      1172        150          0          0          0      31300   stm32f10x_tim.o
       594         28          0          0          0      11667   stm32f10x_usart.o
       328         28          0          0          0       1697   system_stm32f10x.o
       160         14          0          1          0       1079   tim.o
       728        148          0         12         50       4340   uart.o

    ----------------------------------------------------------------------
      4646        588        344         68       1612     338471   Object Totals
         0          0         32          0          0          0   (incl. Generated)
        14          0          0          3          2          0   (incl. Padding)

    ----------------------------------------------------------------------

      Code (inc. data)   RO Data    RW Data    ZI Data      Debug   Library Member Name

         8          0          0          0          0         68   __main.o
       284          0          0          0          0        156   __printf_wp.o
         0          0          0          0          0          0   __rtentry.o
        12          0          0          0          0          0   __rtentry2.o
         6          0          0          0          0          0   __rtentry4.o
        52          8          0          0          0          0   __scatter.o
        26          0          0          0          0          0   __scatter_copy.o
        28          0          0          0          0          0   __scatter_zi.o
        28          0          0          0          0         68   _chval.o
        48          6          0          0          0         96   _printf_char_common.o
        36          4          0          0          0         80   _printf_char_file.o
         6          0          0          0          0          0   _printf_d.o
       120         16          0          0          0         92   _printf_dec.o
         6          0          0          0          0          0   _printf_f.o
      1054          0          0          0          0        216   _printf_fp_dec.o
       128         16          0          0          0         84   _printf_fp_infnan.o
       178          0          0          0          0         88   _printf_intcommon.o
         0          0          0          0          0          0   _printf_percent.o
         4          0          0          0          0          0   _printf_percent_end.o
        22          0          0          0          0        100   _rserrno.o
        64          0          0          0          0         84   _sgetc.o
       228          4        148          0          0         96   bigflt0.o
      2152        136          0          0          0        960   btod.o
        18          0          0          0          0         80   exit.o
         8          0          0          0          0         68   ferror.o
         6          0          0          0          0        152   heapauxi.o
        18          0          0          0          0         76   isspace.o
        44         10        272          0          0         76   lc_ctype_c.o
        44         10         28          0          0         76   lc_numeric_c.o
         2          0          0          0          0          0   libinit.o
        30          0          0          0          0          0   libinit2.o
         2          0          0          0          0          0   libshutdown.o
         2          0          0          0          0          0   libshutdown2.o
         8          4          0          0         96         68   libspace.o
        38          0          0          0          0         68   llshl.o
       138          0          0          0          0         80   lludiv10.o
        24          4          0          0          0         84   noretval__2printf.o
        16          4          0          0          0         76   rt_ctype_table.o
         8          4          0          0          0         68   rt_errno_addr_intlibspace.o
         8          4          0          0          0         68   rt_locale_intlibspace.o
        68          0          0          0          0         68   rt_memclr.o
        78          0          0          0          0         80   rt_memclr_w.o
         2          0          0          0          0          0   rtexit.o
        10          0          0          0          0          0   rtexit2.o
      1272         16          0          0          0        168   scanf_fp.o
       800         14          0          0          0        100   scanf_hexfp.o
       308         16          0          0          0        100   scanf_infnan.o
        20          0          0          0          0         68   strchr.o
       128          0          0          0          0         68   strcmpv7m.o
       150          0          0          0          0         80   strncmp.o
       164         14          0          0          0        120   strtod.o
        74          0          0          0          0         80   sys_stackheap_outer.o
         2          0          0          0          0         68   use_no_semi.o
         2          0          0          0          0         68   use_no_semi_2.o
        98          4          0          0          0         92   d2f.o
        16          4          0          0          0         68   dcheck1.o
        24          0          0          0          0         68   dcmpi.o
       120          4          0          0          0         92   deqf.o
       120          4          0          0          0         92   dleqf.o
       156          4          0          0          0         92   dnaninf.o
        12          0          0          0          0         68   dretinf.o
       108          0          0          0          0         80   drleqf.o
        86          4          0          0          0         84   f2d.o
       430          8          0          0          0        168   faddsub_clz.o
        24          0          0          0          0         68   fcmpi.o
       388         76          0          0          0         96   fdiv.o
       104          4          0          0          0         84   feqf.o
        54          4          0          0          0         84   ffix.o
        48          0          0          0          0         68   fflt_clz.o
       140          4          0          0          0         84   fnaninf.o
         0          0         16          0          0          0   fpconst.o
        10          0          0          0          0         68   fretinf.o
         6          0          0          0          0         68   istatus.o
         4          0          0          0          0         68   printf1.o
       100          0          0          0          0         68   retnan.o
        92          0          0          0          0         68   scalbn.o
         4          0          0          0          0         68   scanf1.o
         8          0          0          0          0         84   scanf2.o
        48          0          0          0          0         68   trapv.o
         0          0          0          0          0          0   usenofp.o
        42          0          0          0          0         84   atof.o
        30          6          0          0          0        136   dunder.o
        40          0          0          0          0         68   fpclassify.o
        88          8          0          0          0         76   frexp.o
       138          0          0          0          0        160   ldexp.o
       204          4          0          0          0        168   narrow.o

    ----------------------------------------------------------------------
     10750        430        464          0         96       6936   Library Totals
        26          2          0          0          0          0   (incl. Padding)

    ----------------------------------------------------------------------

      Code (inc. data)   RO Data    RW Data    ZI Data      Debug   Library Name

      7982        290        448          0         96       4296   c_w.l
      2200        120         16          0          0       1948   fz_ws.l
       542         18          0          0          0        692   m_ws.l

    ----------------------------------------------------------------------
     10750        430        464          0         96       6936   Library Totals

    ----------------------------------------------------------------------

==============================================================================


      Code (inc. data)   RO Data    RW Data    ZI Data      Debug   

     15396       1018        808         68       1708     338331   Grand Totals
     15396       1018        808         68       1708     338331   ELF Image Totals
     15396       1018        808         68          0          0   ROM Totals

==============================================================================

    Total RO  Size (Code + RO Data)                16204 (  15.82kB)
    Total RW  Size (RW Data + ZI Data)              1776 (   1.73kB)
    Total ROM Size (Code + RO Data + RW Data)      16272 (  15.89kB)

==============================================================================

